10:49:16 **** Incremental Build of configuration Debug for project LCD_1 ****
make -j28 all 
arm-none-eabi-gcc "../Core/Src/main.c" -mcpu=cortex-m4 -std=gnu11 -g3 -DDEBUG -DUSE_HAL_DRIVER -DSTM32F401xE -c -I../Core/Inc -I../Drivers/STM32F4xx_HAL_Driver/Inc -I../Drivers/STM32F4xx_HAL_Driver/Inc/Legacy -I../Drivers/CMSIS/Device/ST/STM32F4xx/Include -I../Drivers/CMSIS/Include -O0 -ffunction-sections -fdata-sections -Wall -fstack-usage -fcyclomatic-complexity -MMD -MP -MF"Core/Src/main.d" -MT"Core/Src/main.o" --specs=nano.specs -mfpu=fpv4-sp-d16 -mfloat-abi=hard -mthumb -o "Core/Src/main.o"
../Core/Src/main.c: In function 'HAL_TIM_PeriodElapsedCallback':
../Core/Src/main.c:79:42: warning: passing argument 1 of 'lcd_println' discards 'const' qualifier from pointer target type [-Wdiscarded-qualifiers]
   79 |                         lcd_println(names[name_index], row);
      |                                     ~~~~~^~~~~~~~~~~~
In file included from ../Core/Src/main.c:24:
../Core/Inc/PMDB16_LCD.h:52:18: note: expected 'char *' but argument is of type 'const char *'
   52 | void lcd_println(char*, uint8_t);
      |                  ^~~~~
../Core/Src/main.c:80:42: warning: passing argument 1 of 'lcd_println' discards 'const' qualifier from pointer target type [-Wdiscarded-qualifiers]
   80 |                         lcd_println(names[name_index+1], row+1);
      |                                     ~~~~~^~~~~~~~~~~~~~
../Core/Inc/PMDB16_LCD.h:52:18: note: expected 'char *' but argument is of type 'const char *'
   52 | void lcd_println(char*, uint8_t);
      |                  ^~~~~
../Core/Src/main.c:87:44: warning: passing argument 1 of 'lcd_println' discards 'const' qualifier from pointer target type [-Wdiscarded-qualifiers]
   87 |                           lcd_println(names[4], row);
      |                                       ~~~~~^~~
../Core/Inc/PMDB16_LCD.h:52:18: note: expected 'char *' but argument is of type 'const char *'
   52 | void lcd_println(char*, uint8_t);
      |                  ^~~~~
../Core/Src/main.c:88:44: warning: passing argument 1 of 'lcd_println' discards 'const' qualifier from pointer target type [-Wdiscarded-qualifiers]
   88 |                           lcd_println(names[0], row+1);
      |                                       ~~~~~^~~
../Core/Inc/PMDB16_LCD.h:52:18: note: expected 'char *' but argument is of type 'const char *'
   52 | void lcd_println(char*, uint8_t);
      |                  ^~~~~
../Core/Src/main.c: In function 'main':
../Core/Src/main.c:136:20: warning: passing argument 1 of 'lcd_println' discards 'const' qualifier from pointer target type [-Wdiscarded-qualifiers]
  136 |   lcd_println(names[name_index], row+1); // initialize with member 1
      |               ~~~~~^~~~~~~~~~~~
../Core/Inc/PMDB16_LCD.h:52:18: note: expected 'char *' but argument is of type 'const char *'
   52 | void lcd_println(char*, uint8_t);
      |                  ^~~~~
arm-none-eabi-gcc -o "LCD_1.elf" @"objects.list"   -mcpu=cortex-m4 -T"C:\Users\marco\Desktop\Polimi\Materials\Sensor Systems\Labs\Lab3\LCD_1\LCD_1\STM32F401RETX_FLASH.ld" --specs=nosys.specs -Wl,-Map="LCD_1.map" -Wl,--gc-sections -static --specs=nano.specs -mfpu=fpv4-sp-d16 -mfloat-abi=hard -mthumb -Wl,--start-group -lc -lm -Wl,--end-group
Finished building target: LCD_1.elf
 
arm-none-eabi-size  LCD_1.elf 
arm-none-eabi-objdump -h -S LCD_1.elf  > "LCD_1.list"
   text	   data	    bss	    dec	    hex	filename
  11808	     72	   1728	  13608	   3528	LCD_1.elf
Finished building: default.size.stdout
 
Finished building: LCD_1.list
 

10:49:17 Build Finished. 0 errors, 5 warnings. (took 661ms)

