../Core/Src/main.c:88:6:HAL_TIM_PeriodElapsedCallback	16	static
../Core/Src/main.c:96:6:HAL_I2C_MasterTxCpltCallback	16	static
../Core/Src/main.c:101:6:HAL_I2C_MasterRxCpltCallback	72	static
../Core/Src/main.c:114:5:main	16	static
../Core/Src/main.c:182:6:SystemClock_Config	88	static
../Core/Src/main.c:229:13:MX_I2C1_Init	8	static
../Core/Src/main.c:263:13:MX_TIM2_Init	32	static
../Core/Src/main.c:308:13:MX_USART2_UART_Init	8	static
../Core/Src/main.c:339:13:MX_DMA_Init	16	static
../Core/Src/main.c:363:13:MX_GPIO_Init	48	static
../Core/Src/main.c:403:6:Error_Handler	4	static,ignoring_inline_asm
