../Core/Src/main.c:278:6:HAL_TIM_PeriodElapsedCallback	16	static
../Core/Src/main.c:358:6:UART_IR_sendByte	24	static
../Core/Src/main.c:405:6:HAL_UART_RxCpltCallback	16	static
../Core/Src/main.c:426:6:initCharMAP	16	static
../Core/Src/main.c:451:6:showletter	16	static
../Core/Src/main.c:461:5:main	16	static
../Core/Src/main.c:554:6:SystemClock_Config	88	static
../Core/Src/main.c:601:13:MX_I2C1_Init	8	static
../Core/Src/main.c:635:13:MX_SPI1_Init	8	static
../Core/Src/main.c:673:13:MX_TIM2_Init	64	static
../Core/Src/main.c:732:13:MX_TIM5_Init	32	static
../Core/Src/main.c:777:13:MX_TIM10_Init	8	static
../Core/Src/main.c:808:13:MX_TIM11_Init	8	static
../Core/Src/main.c:839:13:MX_USART1_UART_Init	8	static
../Core/Src/main.c:872:13:MX_USART2_UART_Init	8	static
../Core/Src/main.c:903:13:MX_DMA_Init	16	static
../Core/Src/main.c:921:13:MX_GPIO_Init	48	static
../Core/Src/main.c:971:6:Error_Handler	4	static,ignoring_inline_asm
