../Core/Src/main.c:167:6:playnote	104	static
../Core/Src/main.c:212:6:playsong	8	static
../Core/Src/main.c:218:6:HAL_TIM_PeriodElapsedCallback	16	static
../Core/Src/main.c:231:6:HAL_GPIO_EXTI_Callback	16	static
../Core/Src/main.c:249:5:main	8	static
../Core/Src/main.c:297:6:SystemClock_Config	88	static
../Core/Src/main.c:344:13:MX_TIM1_Init	96	static
../Core/Src/main.c:420:13:MX_TIM2_Init	32	static
../Core/Src/main.c:465:13:MX_USART2_UART_Init	8	static
../Core/Src/main.c:498:13:MX_GPIO_Init	48	static
../Core/Src/main.c:548:6:Error_Handler	4	static,ignoring_inline_asm
