../Core/Src/main.c:169:6:HAL_TIM_PeriodElapsedCallback	16	static
../Core/Src/main.c:177:6:playnote	104	static
../Core/Src/main.c:255:6:playsong	16	static
../Core/Src/main.c:264:6:HAL_GPIO_EXTI_Callback	16	static
../Core/Src/main.c:289:5:main	8	static
../Core/Src/main.c:337:6:SystemClock_Config	88	static
../Core/Src/main.c:384:13:MX_TIM1_Init	96	static
../Core/Src/main.c:460:13:MX_TIM2_Init	32	static
../Core/Src/main.c:505:13:MX_USART2_UART_Init	8	static
../Core/Src/main.c:538:13:MX_GPIO_Init	48	static
../Core/Src/main.c:588:6:Error_Handler	4	static,ignoring_inline_asm
