15:42:37 **** Incremental Build of configuration Debug for project Encoder ****
make -j28 all 
arm-none-eabi-gcc "../Core/Src/main.c" -mcpu=cortex-m4 -std=gnu11 -g3 -DDEBUG -DUSE_HAL_DRIVER -DSTM32F401xE -c -I../Core/Inc -I../Drivers/STM32F4xx_HAL_Driver/Inc -I../Drivers/STM32F4xx_HAL_Driver/Inc/Legacy -I../Drivers/CMSIS/Device/ST/STM32F4xx/Include -I../Drivers/CMSIS/Include -O0 -ffunction-sections -fdata-sections -Wall -fstack-usage -fcyclomatic-complexity -MMD -MP -MF"Core/Src/main.d" -MT"Core/Src/main.o" --specs=nano.specs -mfpu=fpv4-sp-d16 -mfloat-abi=hard -mthumb -o "Core/Src/main.o"
../Core/Src/main.c: In function 'HAL_TIM_PeriodElapsedCallback':
../Core/Src/main.c:95:33: warning: implicit declaration of function 'snprintf' [-Wimplicit-function-declaration]
   95 |                 string_length = snprintf(string, sizeof(string), "rpm: %.1f \n", rpm);
      |                                 ^~~~~~~~
../Core/Src/main.c:21:1: note: include '<stdio.h>' or provide a declaration of 'snprintf'
   20 | #include "main.h"
  +++ |+#include <stdio.h>
   21 | 
../Core/Src/main.c:95:33: warning: incompatible implicit declaration of built-in function 'snprintf' [-Wbuiltin-declaration-mismatch]
   95 |                 string_length = snprintf(string, sizeof(string), "rpm: %.1f \n", rpm);
      |                                 ^~~~~~~~
../Core/Src/main.c:95:33: note: include '<stdio.h>' or provide a declaration of 'snprintf'
../Core/Src/main.c:97:48: warning: pointer targets in passing argument 2 of 'HAL_UART_Transmit_DMA' differ in signedness [-Wpointer-sign]
   97 |                 HAL_UART_Transmit_DMA(&huart2, string, string_length);  //Send the string via UART to PC;
      |                                                ^~~~~~
      |                                                |
      |                                                char *
In file included from ../Core/Inc/stm32f4xx_hal_conf.h:411,
                 from ../Drivers/STM32F4xx_HAL_Driver/Inc/stm32f4xx_hal.h:29,
                 from ../Core/Inc/main.h:30,
                 from ../Core/Src/main.c:20:
../Drivers/STM32F4xx_HAL_Driver/Inc/stm32f4xx_hal_uart.h:749:83: note: expected 'const uint8_t *' {aka 'const unsigned char *'} but argument is of type 'char *'
  749 | HAL_StatusTypeDef HAL_UART_Transmit_DMA(UART_HandleTypeDef *huart, const uint8_t *pData, uint16_t Size);
      |                                                                    ~~~~~~~~~~~~~~~^~~~~
arm-none-eabi-gcc -o "Encoder.elf" @"objects.list"   -mcpu=cortex-m4 -T"C:\Users\marco\Desktop\git_sensor_local\Sensor-Systems-Labs\LAB_10\Encoder\Encoder\STM32F401RETX_FLASH.ld" --specs=nosys.specs -Wl,-Map="Encoder.map" -Wl,--gc-sections -static --specs=nano.specs -mfpu=fpv4-sp-d16 -mfloat-abi=hard -mthumb -u _printf_float -u _scanf_float -Wl,--start-group -lc -lm -Wl,--end-group
Finished building target: Encoder.elf
 
arm-none-eabi-size  Encoder.elf 
arm-none-eabi-objdump -h -S Encoder.elf  > "Encoder.list"
   text	   data	    bss	    dec	    hex	filename
  39216	    468	   2292	  41976	   a3f8	Encoder.elf
Finished building: default.size.stdout
 
Finished building: Encoder.list
 

15:42:38 Build Finished. 0 errors, 3 warnings. (took 550ms)

