10:04:15 **** Build of configuration Debug for project LCD_1 ****
make -j28 all 
arm-none-eabi-gcc "../Drivers/STM32F4xx_HAL_Driver/Src/stm32f4xx_hal.c" -mcpu=cortex-m4 -std=gnu11 -g3 -DDEBUG -DUSE_HAL_DRIVER -DSTM32F401xE -c -I../Core/Inc -I../Drivers/STM32F4xx_HAL_Driver/Inc -I../Drivers/STM32F4xx_HAL_Driver/Inc/Legacy -I../Drivers/CMSIS/Device/ST/STM32F4xx/Include -I../Drivers/CMSIS/Include -O0 -ffunction-sections -fdata-sections -Wall -fstack-usage -fcyclomatic-complexity -MMD -MP -MF"Drivers/STM32F4xx_HAL_Driver/Src/stm32f4xx_hal.d" -MT"Drivers/STM32F4xx_HAL_Driver/Src/stm32f4xx_hal.o" --specs=nano.specs -mfpu=fpv4-sp-d16 -mfloat-abi=hard -mthumb -o "Drivers/STM32F4xx_HAL_Driver/Src/stm32f4xx_hal.o"
arm-none-eabi-gcc "../Drivers/STM32F4xx_HAL_Driver/Src/stm32f4xx_hal_cortex.c" -mcpu=cortex-m4 -std=gnu11 -g3 -DDEBUG -DUSE_HAL_DRIVER -DSTM32F401xE -c -I../Core/Inc -I../Drivers/STM32F4xx_HAL_Driver/Inc -I../Drivers/STM32F4xx_HAL_Driver/Inc/Legacy -I../Drivers/CMSIS/Device/ST/STM32F4xx/Include -I../Drivers/CMSIS/Include -O0 -ffunction-sections -fdata-sections -Wall -fstack-usage -fcyclomatic-complexity -MMD -MP -MF"Drivers/STM32F4xx_HAL_Driver/Src/stm32f4xx_hal_cortex.d" -MT"Drivers/STM32F4xx_HAL_Driver/Src/stm32f4xx_hal_cortex.o" --specs=nano.specs -mfpu=fpv4-sp-d16 -mfloat-abi=hard -mthumb -o "Drivers/STM32F4xx_HAL_Driver/Src/stm32f4xx_hal_cortex.o"
arm-none-eabi-gcc "../Drivers/STM32F4xx_HAL_Driver/Src/stm32f4xx_hal_dma.c" -mcpu=cortex-m4 -std=gnu11 -g3 -DDEBUG -DUSE_HAL_DRIVER -DSTM32F401xE -c -I../Core/Inc -I../Drivers/STM32F4xx_HAL_Driver/Inc -I../Drivers/STM32F4xx_HAL_Driver/Inc/Legacy -I../Drivers/CMSIS/Device/ST/STM32F4xx/Include -I../Drivers/CMSIS/Include -O0 -ffunction-sections -fdata-sections -Wall -fstack-usage -fcyclomatic-complexity -MMD -MP -MF"Drivers/STM32F4xx_HAL_Driver/Src/stm32f4xx_hal_dma.d" -MT"Drivers/STM32F4xx_HAL_Driver/Src/stm32f4xx_hal_dma.o" --specs=nano.specs -mfpu=fpv4-sp-d16 -mfloat-abi=hard -mthumb -o "Drivers/STM32F4xx_HAL_Driver/Src/stm32f4xx_hal_dma.o"
arm-none-eabi-gcc "../Drivers/STM32F4xx_HAL_Driver/Src/stm32f4xx_hal_dma_ex.c" -mcpu=cortex-m4 -std=gnu11 -g3 -DDEBUG -DUSE_HAL_DRIVER -DSTM32F401xE -c -I../Core/Inc -I../Drivers/STM32F4xx_HAL_Driver/Inc -I../Drivers/STM32F4xx_HAL_Driver/Inc/Legacy -I../Drivers/CMSIS/Device/ST/STM32F4xx/Include -I../Drivers/CMSIS/Include -O0 -ffunction-sections -fdata-sections -Wall -fstack-usage -fcyclomatic-complexity -MMD -MP -MF"Drivers/STM32F4xx_HAL_Driver/Src/stm32f4xx_hal_dma_ex.d" -MT"Drivers/STM32F4xx_HAL_Driver/Src/stm32f4xx_hal_dma_ex.o" --specs=nano.specs -mfpu=fpv4-sp-d16 -mfloat-abi=hard -mthumb -o "Drivers/STM32F4xx_HAL_Driver/Src/stm32f4xx_hal_dma_ex.o"
arm-none-eabi-gcc "../Drivers/STM32F4xx_HAL_Driver/Src/stm32f4xx_hal_exti.c" -mcpu=cortex-m4 -std=gnu11 -g3 -DDEBUG -DUSE_HAL_DRIVER -DSTM32F401xE -c -I../Core/Inc -I../Drivers/STM32F4xx_HAL_Driver/Inc -I../Drivers/STM32F4xx_HAL_Driver/Inc/Legacy -I../Drivers/CMSIS/Device/ST/STM32F4xx/Include -I../Drivers/CMSIS/Include -O0 -ffunction-sections -fdata-sections -Wall -fstack-usage -fcyclomatic-complexity -MMD -MP -MF"Drivers/STM32F4xx_HAL_Driver/Src/stm32f4xx_hal_exti.d" -MT"Drivers/STM32F4xx_HAL_Driver/Src/stm32f4xx_hal_exti.o" --specs=nano.specs -mfpu=fpv4-sp-d16 -mfloat-abi=hard -mthumb -o "Drivers/STM32F4xx_HAL_Driver/Src/stm32f4xx_hal_exti.o"
arm-none-eabi-gcc "../Drivers/STM32F4xx_HAL_Driver/Src/stm32f4xx_hal_flash.c" -mcpu=cortex-m4 -std=gnu11 -g3 -DDEBUG -DUSE_HAL_DRIVER -DSTM32F401xE -c -I../Core/Inc -I../Drivers/STM32F4xx_HAL_Driver/Inc -I../Drivers/STM32F4xx_HAL_Driver/Inc/Legacy -I../Drivers/CMSIS/Device/ST/STM32F4xx/Include -I../Drivers/CMSIS/Include -O0 -ffunction-sections -fdata-sections -Wall -fstack-usage -fcyclomatic-complexity -MMD -MP -MF"Drivers/STM32F4xx_HAL_Driver/Src/stm32f4xx_hal_flash.d" -MT"Drivers/STM32F4xx_HAL_Driver/Src/stm32f4xx_hal_flash.o" --specs=nano.specs -mfpu=fpv4-sp-d16 -mfloat-abi=hard -mthumb -o "Drivers/STM32F4xx_HAL_Driver/Src/stm32f4xx_hal_flash.o"
arm-none-eabi-gcc "../Drivers/STM32F4xx_HAL_Driver/Src/stm32f4xx_hal_flash_ex.c" -mcpu=cortex-m4 -std=gnu11 -g3 -DDEBUG -DUSE_HAL_DRIVER -DSTM32F401xE -c -I../Core/Inc -I../Drivers/STM32F4xx_HAL_Driver/Inc -I../Drivers/STM32F4xx_HAL_Driver/Inc/Legacy -I../Drivers/CMSIS/Device/ST/STM32F4xx/Include -I../Drivers/CMSIS/Include -O0 -ffunction-sections -fdata-sections -Wall -fstack-usage -fcyclomatic-complexity -MMD -MP -MF"Drivers/STM32F4xx_HAL_Driver/Src/stm32f4xx_hal_flash_ex.d" -MT"Drivers/STM32F4xx_HAL_Driver/Src/stm32f4xx_hal_flash_ex.o" --specs=nano.specs -mfpu=fpv4-sp-d16 -mfloat-abi=hard -mthumb -o "Drivers/STM32F4xx_HAL_Driver/Src/stm32f4xx_hal_flash_ex.o"
arm-none-eabi-gcc "../Drivers/STM32F4xx_HAL_Driver/Src/stm32f4xx_hal_flash_ramfunc.c" -mcpu=cortex-m4 -std=gnu11 -g3 -DDEBUG -DUSE_HAL_DRIVER -DSTM32F401xE -c -I../Core/Inc -I../Drivers/STM32F4xx_HAL_Driver/Inc -I../Drivers/STM32F4xx_HAL_Driver/Inc/Legacy -I../Drivers/CMSIS/Device/ST/STM32F4xx/Include -I../Drivers/CMSIS/Include -O0 -ffunction-sections -fdata-sections -Wall -fstack-usage -fcyclomatic-complexity -MMD -MP -MF"Drivers/STM32F4xx_HAL_Driver/Src/stm32f4xx_hal_flash_ramfunc.d" -MT"Drivers/STM32F4xx_HAL_Driver/Src/stm32f4xx_hal_flash_ramfunc.o" --specs=nano.specs -mfpu=fpv4-sp-d16 -mfloat-abi=hard -mthumb -o "Drivers/STM32F4xx_HAL_Driver/Src/stm32f4xx_hal_flash_ramfunc.o"
arm-none-eabi-gcc "../Drivers/STM32F4xx_HAL_Driver/Src/stm32f4xx_hal_gpio.c" -mcpu=cortex-m4 -std=gnu11 -g3 -DDEBUG -DUSE_HAL_DRIVER -DSTM32F401xE -c -I../Core/Inc -I../Drivers/STM32F4xx_HAL_Driver/Inc -I../Drivers/STM32F4xx_HAL_Driver/Inc/Legacy -I../Drivers/CMSIS/Device/ST/STM32F4xx/Include -I../Drivers/CMSIS/Include -O0 -ffunction-sections -fdata-sections -Wall -fstack-usage -fcyclomatic-complexity -MMD -MP -MF"Drivers/STM32F4xx_HAL_Driver/Src/stm32f4xx_hal_gpio.d" -MT"Drivers/STM32F4xx_HAL_Driver/Src/stm32f4xx_hal_gpio.o" --specs=nano.specs -mfpu=fpv4-sp-d16 -mfloat-abi=hard -mthumb -o "Drivers/STM32F4xx_HAL_Driver/Src/stm32f4xx_hal_gpio.o"
arm-none-eabi-gcc "../Drivers/STM32F4xx_HAL_Driver/Src/stm32f4xx_hal_pwr.c" -mcpu=cortex-m4 -std=gnu11 -g3 -DDEBUG -DUSE_HAL_DRIVER -DSTM32F401xE -c -I../Core/Inc -I../Drivers/STM32F4xx_HAL_Driver/Inc -I../Drivers/STM32F4xx_HAL_Driver/Inc/Legacy -I../Drivers/CMSIS/Device/ST/STM32F4xx/Include -I../Drivers/CMSIS/Include -O0 -ffunction-sections -fdata-sections -Wall -fstack-usage -fcyclomatic-complexity -MMD -MP -MF"Drivers/STM32F4xx_HAL_Driver/Src/stm32f4xx_hal_pwr.d" -MT"Drivers/STM32F4xx_HAL_Driver/Src/stm32f4xx_hal_pwr.o" --specs=nano.specs -mfpu=fpv4-sp-d16 -mfloat-abi=hard -mthumb -o "Drivers/STM32F4xx_HAL_Driver/Src/stm32f4xx_hal_pwr.o"
arm-none-eabi-gcc "../Drivers/STM32F4xx_HAL_Driver/Src/stm32f4xx_hal_pwr_ex.c" -mcpu=cortex-m4 -std=gnu11 -g3 -DDEBUG -DUSE_HAL_DRIVER -DSTM32F401xE -c -I../Core/Inc -I../Drivers/STM32F4xx_HAL_Driver/Inc -I../Drivers/STM32F4xx_HAL_Driver/Inc/Legacy -I../Drivers/CMSIS/Device/ST/STM32F4xx/Include -I../Drivers/CMSIS/Include -O0 -ffunction-sections -fdata-sections -Wall -fstack-usage -fcyclomatic-complexity -MMD -MP -MF"Drivers/STM32F4xx_HAL_Driver/Src/stm32f4xx_hal_pwr_ex.d" -MT"Drivers/STM32F4xx_HAL_Driver/Src/stm32f4xx_hal_pwr_ex.o" --specs=nano.specs -mfpu=fpv4-sp-d16 -mfloat-abi=hard -mthumb -o "Drivers/STM32F4xx_HAL_Driver/Src/stm32f4xx_hal_pwr_ex.o"
arm-none-eabi-gcc "../Drivers/STM32F4xx_HAL_Driver/Src/stm32f4xx_hal_rcc.c" -mcpu=cortex-m4 -std=gnu11 -g3 -DDEBUG -DUSE_HAL_DRIVER -DSTM32F401xE -c -I../Core/Inc -I../Drivers/STM32F4xx_HAL_Driver/Inc -I../Drivers/STM32F4xx_HAL_Driver/Inc/Legacy -I../Drivers/CMSIS/Device/ST/STM32F4xx/Include -I../Drivers/CMSIS/Include -O0 -ffunction-sections -fdata-sections -Wall -fstack-usage -fcyclomatic-complexity -MMD -MP -MF"Drivers/STM32F4xx_HAL_Driver/Src/stm32f4xx_hal_rcc.d" -MT"Drivers/STM32F4xx_HAL_Driver/Src/stm32f4xx_hal_rcc.o" --specs=nano.specs -mfpu=fpv4-sp-d16 -mfloat-abi=hard -mthumb -o "Drivers/STM32F4xx_HAL_Driver/Src/stm32f4xx_hal_rcc.o"
arm-none-eabi-gcc "../Drivers/STM32F4xx_HAL_Driver/Src/stm32f4xx_hal_rcc_ex.c" -mcpu=cortex-m4 -std=gnu11 -g3 -DDEBUG -DUSE_HAL_DRIVER -DSTM32F401xE -c -I../Core/Inc -I../Drivers/STM32F4xx_HAL_Driver/Inc -I../Drivers/STM32F4xx_HAL_Driver/Inc/Legacy -I../Drivers/CMSIS/Device/ST/STM32F4xx/Include -I../Drivers/CMSIS/Include -O0 -ffunction-sections -fdata-sections -Wall -fstack-usage -fcyclomatic-complexity -MMD -MP -MF"Drivers/STM32F4xx_HAL_Driver/Src/stm32f4xx_hal_rcc_ex.d" -MT"Drivers/STM32F4xx_HAL_Driver/Src/stm32f4xx_hal_rcc_ex.o" --specs=nano.specs -mfpu=fpv4-sp-d16 -mfloat-abi=hard -mthumb -o "Drivers/STM32F4xx_HAL_Driver/Src/stm32f4xx_hal_rcc_ex.o"
arm-none-eabi-gcc "../Drivers/STM32F4xx_HAL_Driver/Src/stm32f4xx_hal_tim.c" -mcpu=cortex-m4 -std=gnu11 -g3 -DDEBUG -DUSE_HAL_DRIVER -DSTM32F401xE -c -I../Core/Inc -I../Drivers/STM32F4xx_HAL_Driver/Inc -I../Drivers/STM32F4xx_HAL_Driver/Inc/Legacy -I../Drivers/CMSIS/Device/ST/STM32F4xx/Include -I../Drivers/CMSIS/Include -O0 -ffunction-sections -fdata-sections -Wall -fstack-usage -fcyclomatic-complexity -MMD -MP -MF"Drivers/STM32F4xx_HAL_Driver/Src/stm32f4xx_hal_tim.d" -MT"Drivers/STM32F4xx_HAL_Driver/Src/stm32f4xx_hal_tim.o" --specs=nano.specs -mfpu=fpv4-sp-d16 -mfloat-abi=hard -mthumb -o "Drivers/STM32F4xx_HAL_Driver/Src/stm32f4xx_hal_tim.o"
arm-none-eabi-gcc "../Drivers/STM32F4xx_HAL_Driver/Src/stm32f4xx_hal_tim_ex.c" -mcpu=cortex-m4 -std=gnu11 -g3 -DDEBUG -DUSE_HAL_DRIVER -DSTM32F401xE -c -I../Core/Inc -I../Drivers/STM32F4xx_HAL_Driver/Inc -I../Drivers/STM32F4xx_HAL_Driver/Inc/Legacy -I../Drivers/CMSIS/Device/ST/STM32F4xx/Include -I../Drivers/CMSIS/Include -O0 -ffunction-sections -fdata-sections -Wall -fstack-usage -fcyclomatic-complexity -MMD -MP -MF"Drivers/STM32F4xx_HAL_Driver/Src/stm32f4xx_hal_tim_ex.d" -MT"Drivers/STM32F4xx_HAL_Driver/Src/stm32f4xx_hal_tim_ex.o" --specs=nano.specs -mfpu=fpv4-sp-d16 -mfloat-abi=hard -mthumb -o "Drivers/STM32F4xx_HAL_Driver/Src/stm32f4xx_hal_tim_ex.o"
arm-none-eabi-gcc "../Drivers/STM32F4xx_HAL_Driver/Src/stm32f4xx_hal_uart.c" -mcpu=cortex-m4 -std=gnu11 -g3 -DDEBUG -DUSE_HAL_DRIVER -DSTM32F401xE -c -I../Core/Inc -I../Drivers/STM32F4xx_HAL_Driver/Inc -I../Drivers/STM32F4xx_HAL_Driver/Inc/Legacy -I../Drivers/CMSIS/Device/ST/STM32F4xx/Include -I../Drivers/CMSIS/Include -O0 -ffunction-sections -fdata-sections -Wall -fstack-usage -fcyclomatic-complexity -MMD -MP -MF"Drivers/STM32F4xx_HAL_Driver/Src/stm32f4xx_hal_uart.d" -MT"Drivers/STM32F4xx_HAL_Driver/Src/stm32f4xx_hal_uart.o" --specs=nano.specs -mfpu=fpv4-sp-d16 -mfloat-abi=hard -mthumb -o "Drivers/STM32F4xx_HAL_Driver/Src/stm32f4xx_hal_uart.o"
arm-none-eabi-gcc -mcpu=cortex-m4 -g3 -DDEBUG -c -x assembler-with-cpp -MMD -MP -MF"Core/Startup/startup_stm32f401retx.d" -MT"Core/Startup/startup_stm32f401retx.o" --specs=nano.specs -mfpu=fpv4-sp-d16 -mfloat-abi=hard -mthumb -o "Core/Startup/startup_stm32f401retx.o" "../Core/Startup/startup_stm32f401retx.s"
arm-none-eabi-gcc "../Core/Src/PMDB16_LCD.c" -mcpu=cortex-m4 -std=gnu11 -g3 -DDEBUG -DUSE_HAL_DRIVER -DSTM32F401xE -c -I../Core/Inc -I../Drivers/STM32F4xx_HAL_Driver/Inc -I../Drivers/STM32F4xx_HAL_Driver/Inc/Legacy -I../Drivers/CMSIS/Device/ST/STM32F4xx/Include -I../Drivers/CMSIS/Include -O0 -ffunction-sections -fdata-sections -Wall -fstack-usage -fcyclomatic-complexity -MMD -MP -MF"Core/Src/PMDB16_LCD.d" -MT"Core/Src/PMDB16_LCD.o" --specs=nano.specs -mfpu=fpv4-sp-d16 -mfloat-abi=hard -mthumb -o "Core/Src/PMDB16_LCD.o"
arm-none-eabi-gcc "../Core/Src/main.c" -mcpu=cortex-m4 -std=gnu11 -g3 -DDEBUG -DUSE_HAL_DRIVER -DSTM32F401xE -c -I../Core/Inc -I../Drivers/STM32F4xx_HAL_Driver/Inc -I../Drivers/STM32F4xx_HAL_Driver/Inc/Legacy -I../Drivers/CMSIS/Device/ST/STM32F4xx/Include -I../Drivers/CMSIS/Include -O0 -ffunction-sections -fdata-sections -Wall -fstack-usage -fcyclomatic-complexity -MMD -MP -MF"Core/Src/main.d" -MT"Core/Src/main.o" --specs=nano.specs -mfpu=fpv4-sp-d16 -mfloat-abi=hard -mthumb -o "Core/Src/main.o"
arm-none-eabi-gcc "../Core/Src/stm32f4xx_hal_msp.c" -mcpu=cortex-m4 -std=gnu11 -g3 -DDEBUG -DUSE_HAL_DRIVER -DSTM32F401xE -c -I../Core/Inc -I../Drivers/STM32F4xx_HAL_Driver/Inc -I../Drivers/STM32F4xx_HAL_Driver/Inc/Legacy -I../Drivers/CMSIS/Device/ST/STM32F4xx/Include -I../Drivers/CMSIS/Include -O0 -ffunction-sections -fdata-sections -Wall -fstack-usage -fcyclomatic-complexity -MMD -MP -MF"Core/Src/stm32f4xx_hal_msp.d" -MT"Core/Src/stm32f4xx_hal_msp.o" --specs=nano.specs -mfpu=fpv4-sp-d16 -mfloat-abi=hard -mthumb -o "Core/Src/stm32f4xx_hal_msp.o"
arm-none-eabi-gcc "../Core/Src/stm32f4xx_it.c" -mcpu=cortex-m4 -std=gnu11 -g3 -DDEBUG -DUSE_HAL_DRIVER -DSTM32F401xE -c -I../Core/Inc -I../Drivers/STM32F4xx_HAL_Driver/Inc -I../Drivers/STM32F4xx_HAL_Driver/Inc/Legacy -I../Drivers/CMSIS/Device/ST/STM32F4xx/Include -I../Drivers/CMSIS/Include -O0 -ffunction-sections -fdata-sections -Wall -fstack-usage -fcyclomatic-complexity -MMD -MP -MF"Core/Src/stm32f4xx_it.d" -MT"Core/Src/stm32f4xx_it.o" --specs=nano.specs -mfpu=fpv4-sp-d16 -mfloat-abi=hard -mthumb -o "Core/Src/stm32f4xx_it.o"
arm-none-eabi-gcc "../Core/Src/syscalls.c" -mcpu=cortex-m4 -std=gnu11 -g3 -DDEBUG -DUSE_HAL_DRIVER -DSTM32F401xE -c -I../Core/Inc -I../Drivers/STM32F4xx_HAL_Driver/Inc -I../Drivers/STM32F4xx_HAL_Driver/Inc/Legacy -I../Drivers/CMSIS/Device/ST/STM32F4xx/Include -I../Drivers/CMSIS/Include -O0 -ffunction-sections -fdata-sections -Wall -fstack-usage -fcyclomatic-complexity -MMD -MP -MF"Core/Src/syscalls.d" -MT"Core/Src/syscalls.o" --specs=nano.specs -mfpu=fpv4-sp-d16 -mfloat-abi=hard -mthumb -o "Core/Src/syscalls.o"
arm-none-eabi-gcc "../Core/Src/sysmem.c" -mcpu=cortex-m4 -std=gnu11 -g3 -DDEBUG -DUSE_HAL_DRIVER -DSTM32F401xE -c -I../Core/Inc -I../Drivers/STM32F4xx_HAL_Driver/Inc -I../Drivers/STM32F4xx_HAL_Driver/Inc/Legacy -I../Drivers/CMSIS/Device/ST/STM32F4xx/Include -I../Drivers/CMSIS/Include -O0 -ffunction-sections -fdata-sections -Wall -fstack-usage -fcyclomatic-complexity -MMD -MP -MF"Core/Src/sysmem.d" -MT"Core/Src/sysmem.o" --specs=nano.specs -mfpu=fpv4-sp-d16 -mfloat-abi=hard -mthumb -o "Core/Src/sysmem.o"
arm-none-eabi-gcc "../Core/Src/system_stm32f4xx.c" -mcpu=cortex-m4 -std=gnu11 -g3 -DDEBUG -DUSE_HAL_DRIVER -DSTM32F401xE -c -I../Core/Inc -I../Drivers/STM32F4xx_HAL_Driver/Inc -I../Drivers/STM32F4xx_HAL_Driver/Inc/Legacy -I../Drivers/CMSIS/Device/ST/STM32F4xx/Include -I../Drivers/CMSIS/Include -O0 -ffunction-sections -fdata-sections -Wall -fstack-usage -fcyclomatic-complexity -MMD -MP -MF"Core/Src/system_stm32f4xx.d" -MT"Core/Src/system_stm32f4xx.o" --specs=nano.specs -mfpu=fpv4-sp-d16 -mfloat-abi=hard -mthumb -o "Core/Src/system_stm32f4xx.o"
../Core/Src/main.c: In function 'main':
../Core/Src/main.c:110:20: warning: passing argument 1 of 'lcd_println' discards 'const' qualifier from pointer target type [-Wdiscarded-qualifiers]
  110 |   lcd_println(names[name_index], row+1); // member 1
      |               ~~~~~^~~~~~~~~~~~
In file included from ../Core/Src/main.c:24:
../Core/Inc/PMDB16_LCD.h:52:18: note: expected 'char *' but argument is of type 'const char *'
   52 | void lcd_println(char*, uint8_t);
      |                  ^~~~~
../Core/Src/main.c:120:28: warning: passing argument 1 of 'lcd_println' discards 'const' qualifier from pointer target type [-Wdiscarded-qualifiers]
  120 |           lcd_println(names[name_index], row);
      |                       ~~~~~^~~~~~~~~~~~
../Core/Inc/PMDB16_LCD.h:52:18: note: expected 'char *' but argument is of type 'const char *'
   52 | void lcd_println(char*, uint8_t);
      |                  ^~~~~
../Core/Src/main.c:121:28: warning: passing argument 1 of 'lcd_println' discards 'const' qualifier from pointer target type [-Wdiscarded-qualifiers]
  121 |           lcd_println(names[name_index+1], row+1);
      |                       ~~~~~^~~~~~~~~~~~~~
../Core/Inc/PMDB16_LCD.h:52:18: note: expected 'char *' but argument is of type 'const char *'
   52 | void lcd_println(char*, uint8_t);
      |                  ^~~~~
../Core/Src/main.c:128:36: warning: passing argument 1 of 'lcd_println' discards 'const' qualifier from pointer target type [-Wdiscarded-qualifiers]
  128 |                   lcd_println(names[4], row);
      |                               ~~~~~^~~
../Core/Inc/PMDB16_LCD.h:52:18: note: expected 'char *' but argument is of type 'const char *'
   52 | void lcd_println(char*, uint8_t);
      |                  ^~~~~
../Core/Src/main.c:129:36: warning: passing argument 1 of 'lcd_println' discards 'const' qualifier from pointer target type [-Wdiscarded-qualifiers]
  129 |                   lcd_println(names[0], row+1);
      |                               ~~~~~^~~
../Core/Inc/PMDB16_LCD.h:52:18: note: expected 'char *' but argument is of type 'const char *'
   52 | void lcd_println(char*, uint8_t);
      |                  ^~~~~
arm-none-eabi-gcc -o "LCD_1.elf" @"objects.list"   -mcpu=cortex-m4 -T"C:\Users\marco\Desktop\Polimi\Materials\Sensor Systems\Labs\Lab3\LCD_1\LCD_1\STM32F401RETX_FLASH.ld" --specs=nosys.specs -Wl,-Map="LCD_1.map" -Wl,--gc-sections -static --specs=nano.specs -mfpu=fpv4-sp-d16 -mfloat-abi=hard -mthumb -Wl,--start-group -lc -lm -Wl,--end-group
Finished building target: LCD_1.elf
 
arm-none-eabi-size  LCD_1.elf 
arm-none-eabi-objdump -h -S LCD_1.elf  > "LCD_1.list"
   text	   data	    bss	    dec	    hex	filename
   9120	     52	   1644	  10816	   2a40	LCD_1.elf
Finished building: default.size.stdout
 
Finished building: LCD_1.list
 
10:05:08 **** Incremental Build of configuration Debug for project LCD_1 ****
make -j28 all 
arm-none-eabi-size  LCD_1.elf 
   text	   data	    bss	    dec	    hex	filename
   9120	     52	   1644	  10816	   2a40	LCD_1.elf
Finished building: default.size.stdout
 
10:36:38 **** Incremental Build of configuration Debug for project LCD_1 ****
make -j28 all 
arm-none-eabi-gcc "../Drivers/STM32F4xx_HAL_Driver/Src/stm32f4xx_hal.c" -mcpu=cortex-m4 -std=gnu11 -g3 -DDEBUG -DUSE_HAL_DRIVER -DSTM32F401xE -c -I../Core/Inc -I../Drivers/STM32F4xx_HAL_Driver/Inc -I../Drivers/STM32F4xx_HAL_Driver/Inc/Legacy -I../Drivers/CMSIS/Device/ST/STM32F4xx/Include -I../Drivers/CMSIS/Include -O0 -ffunction-sections -fdata-sections -Wall -fstack-usage -fcyclomatic-complexity -MMD -MP -MF"Drivers/STM32F4xx_HAL_Driver/Src/stm32f4xx_hal.d" -MT"Drivers/STM32F4xx_HAL_Driver/Src/stm32f4xx_hal.o" --specs=nano.specs -mfpu=fpv4-sp-d16 -mfloat-abi=hard -mthumb -o "Drivers/STM32F4xx_HAL_Driver/Src/stm32f4xx_hal.o"
arm-none-eabi-gcc "../Drivers/STM32F4xx_HAL_Driver/Src/stm32f4xx_hal_cortex.c" -mcpu=cortex-m4 -std=gnu11 -g3 -DDEBUG -DUSE_HAL_DRIVER -DSTM32F401xE -c -I../Core/Inc -I../Drivers/STM32F4xx_HAL_Driver/Inc -I../Drivers/STM32F4xx_HAL_Driver/Inc/Legacy -I../Drivers/CMSIS/Device/ST/STM32F4xx/Include -I../Drivers/CMSIS/Include -O0 -ffunction-sections -fdata-sections -Wall -fstack-usage -fcyclomatic-complexity -MMD -MP -MF"Drivers/STM32F4xx_HAL_Driver/Src/stm32f4xx_hal_cortex.d" -MT"Drivers/STM32F4xx_HAL_Driver/Src/stm32f4xx_hal_cortex.o" --specs=nano.specs -mfpu=fpv4-sp-d16 -mfloat-abi=hard -mthumb -o "Drivers/STM32F4xx_HAL_Driver/Src/stm32f4xx_hal_cortex.o"
arm-none-eabi-gcc "../Drivers/STM32F4xx_HAL_Driver/Src/stm32f4xx_hal_dma.c" -mcpu=cortex-m4 -std=gnu11 -g3 -DDEBUG -DUSE_HAL_DRIVER -DSTM32F401xE -c -I../Core/Inc -I../Drivers/STM32F4xx_HAL_Driver/Inc -I../Drivers/STM32F4xx_HAL_Driver/Inc/Legacy -I../Drivers/CMSIS/Device/ST/STM32F4xx/Include -I../Drivers/CMSIS/Include -O0 -ffunction-sections -fdata-sections -Wall -fstack-usage -fcyclomatic-complexity -MMD -MP -MF"Drivers/STM32F4xx_HAL_Driver/Src/stm32f4xx_hal_dma.d" -MT"Drivers/STM32F4xx_HAL_Driver/Src/stm32f4xx_hal_dma.o" --specs=nano.specs -mfpu=fpv4-sp-d16 -mfloat-abi=hard -mthumb -o "Drivers/STM32F4xx_HAL_Driver/Src/stm32f4xx_hal_dma.o"
arm-none-eabi-gcc "../Drivers/STM32F4xx_HAL_Driver/Src/stm32f4xx_hal_dma_ex.c" -mcpu=cortex-m4 -std=gnu11 -g3 -DDEBUG -DUSE_HAL_DRIVER -DSTM32F401xE -c -I../Core/Inc -I../Drivers/STM32F4xx_HAL_Driver/Inc -I../Drivers/STM32F4xx_HAL_Driver/Inc/Legacy -I../Drivers/CMSIS/Device/ST/STM32F4xx/Include -I../Drivers/CMSIS/Include -O0 -ffunction-sections -fdata-sections -Wall -fstack-usage -fcyclomatic-complexity -MMD -MP -MF"Drivers/STM32F4xx_HAL_Driver/Src/stm32f4xx_hal_dma_ex.d" -MT"Drivers/STM32F4xx_HAL_Driver/Src/stm32f4xx_hal_dma_ex.o" --specs=nano.specs -mfpu=fpv4-sp-d16 -mfloat-abi=hard -mthumb -o "Drivers/STM32F4xx_HAL_Driver/Src/stm32f4xx_hal_dma_ex.o"
arm-none-eabi-gcc "../Drivers/STM32F4xx_HAL_Driver/Src/stm32f4xx_hal_exti.c" -mcpu=cortex-m4 -std=gnu11 -g3 -DDEBUG -DUSE_HAL_DRIVER -DSTM32F401xE -c -I../Core/Inc -I../Drivers/STM32F4xx_HAL_Driver/Inc -I../Drivers/STM32F4xx_HAL_Driver/Inc/Legacy -I../Drivers/CMSIS/Device/ST/STM32F4xx/Include -I../Drivers/CMSIS/Include -O0 -ffunction-sections -fdata-sections -Wall -fstack-usage -fcyclomatic-complexity -MMD -MP -MF"Drivers/STM32F4xx_HAL_Driver/Src/stm32f4xx_hal_exti.d" -MT"Drivers/STM32F4xx_HAL_Driver/Src/stm32f4xx_hal_exti.o" --specs=nano.specs -mfpu=fpv4-sp-d16 -mfloat-abi=hard -mthumb -o "Drivers/STM32F4xx_HAL_Driver/Src/stm32f4xx_hal_exti.o"
arm-none-eabi-gcc "../Drivers/STM32F4xx_HAL_Driver/Src/stm32f4xx_hal_flash.c" -mcpu=cortex-m4 -std=gnu11 -g3 -DDEBUG -DUSE_HAL_DRIVER -DSTM32F401xE -c -I../Core/Inc -I../Drivers/STM32F4xx_HAL_Driver/Inc -I../Drivers/STM32F4xx_HAL_Driver/Inc/Legacy -I../Drivers/CMSIS/Device/ST/STM32F4xx/Include -I../Drivers/CMSIS/Include -O0 -ffunction-sections -fdata-sections -Wall -fstack-usage -fcyclomatic-complexity -MMD -MP -MF"Drivers/STM32F4xx_HAL_Driver/Src/stm32f4xx_hal_flash.d" -MT"Drivers/STM32F4xx_HAL_Driver/Src/stm32f4xx_hal_flash.o" --specs=nano.specs -mfpu=fpv4-sp-d16 -mfloat-abi=hard -mthumb -o "Drivers/STM32F4xx_HAL_Driver/Src/stm32f4xx_hal_flash.o"
arm-none-eabi-gcc "../Drivers/STM32F4xx_HAL_Driver/Src/stm32f4xx_hal_flash_ex.c" -mcpu=cortex-m4 -std=gnu11 -g3 -DDEBUG -DUSE_HAL_DRIVER -DSTM32F401xE -c -I../Core/Inc -I../Drivers/STM32F4xx_HAL_Driver/Inc -I../Drivers/STM32F4xx_HAL_Driver/Inc/Legacy -I../Drivers/CMSIS/Device/ST/STM32F4xx/Include -I../Drivers/CMSIS/Include -O0 -ffunction-sections -fdata-sections -Wall -fstack-usage -fcyclomatic-complexity -MMD -MP -MF"Drivers/STM32F4xx_HAL_Driver/Src/stm32f4xx_hal_flash_ex.d" -MT"Drivers/STM32F4xx_HAL_Driver/Src/stm32f4xx_hal_flash_ex.o" --specs=nano.specs -mfpu=fpv4-sp-d16 -mfloat-abi=hard -mthumb -o "Drivers/STM32F4xx_HAL_Driver/Src/stm32f4xx_hal_flash_ex.o"
arm-none-eabi-gcc "../Drivers/STM32F4xx_HAL_Driver/Src/stm32f4xx_hal_flash_ramfunc.c" -mcpu=cortex-m4 -std=gnu11 -g3 -DDEBUG -DUSE_HAL_DRIVER -DSTM32F401xE -c -I../Core/Inc -I../Drivers/STM32F4xx_HAL_Driver/Inc -I../Drivers/STM32F4xx_HAL_Driver/Inc/Legacy -I../Drivers/CMSIS/Device/ST/STM32F4xx/Include -I../Drivers/CMSIS/Include -O0 -ffunction-sections -fdata-sections -Wall -fstack-usage -fcyclomatic-complexity -MMD -MP -MF"Drivers/STM32F4xx_HAL_Driver/Src/stm32f4xx_hal_flash_ramfunc.d" -MT"Drivers/STM32F4xx_HAL_Driver/Src/stm32f4xx_hal_flash_ramfunc.o" --specs=nano.specs -mfpu=fpv4-sp-d16 -mfloat-abi=hard -mthumb -o "Drivers/STM32F4xx_HAL_Driver/Src/stm32f4xx_hal_flash_ramfunc.o"
arm-none-eabi-gcc "../Drivers/STM32F4xx_HAL_Driver/Src/stm32f4xx_hal_gpio.c" -mcpu=cortex-m4 -std=gnu11 -g3 -DDEBUG -DUSE_HAL_DRIVER -DSTM32F401xE -c -I../Core/Inc -I../Drivers/STM32F4xx_HAL_Driver/Inc -I../Drivers/STM32F4xx_HAL_Driver/Inc/Legacy -I../Drivers/CMSIS/Device/ST/STM32F4xx/Include -I../Drivers/CMSIS/Include -O0 -ffunction-sections -fdata-sections -Wall -fstack-usage -fcyclomatic-complexity -MMD -MP -MF"Drivers/STM32F4xx_HAL_Driver/Src/stm32f4xx_hal_gpio.d" -MT"Drivers/STM32F4xx_HAL_Driver/Src/stm32f4xx_hal_gpio.o" --specs=nano.specs -mfpu=fpv4-sp-d16 -mfloat-abi=hard -mthumb -o "Drivers/STM32F4xx_HAL_Driver/Src/stm32f4xx_hal_gpio.o"
arm-none-eabi-gcc "../Drivers/STM32F4xx_HAL_Driver/Src/stm32f4xx_hal_pwr.c" -mcpu=cortex-m4 -std=gnu11 -g3 -DDEBUG -DUSE_HAL_DRIVER -DSTM32F401xE -c -I../Core/Inc -I../Drivers/STM32F4xx_HAL_Driver/Inc -I../Drivers/STM32F4xx_HAL_Driver/Inc/Legacy -I../Drivers/CMSIS/Device/ST/STM32F4xx/Include -I../Drivers/CMSIS/Include -O0 -ffunction-sections -fdata-sections -Wall -fstack-usage -fcyclomatic-complexity -MMD -MP -MF"Drivers/STM32F4xx_HAL_Driver/Src/stm32f4xx_hal_pwr.d" -MT"Drivers/STM32F4xx_HAL_Driver/Src/stm32f4xx_hal_pwr.o" --specs=nano.specs -mfpu=fpv4-sp-d16 -mfloat-abi=hard -mthumb -o "Drivers/STM32F4xx_HAL_Driver/Src/stm32f4xx_hal_pwr.o"
arm-none-eabi-gcc "../Drivers/STM32F4xx_HAL_Driver/Src/stm32f4xx_hal_pwr_ex.c" -mcpu=cortex-m4 -std=gnu11 -g3 -DDEBUG -DUSE_HAL_DRIVER -DSTM32F401xE -c -I../Core/Inc -I../Drivers/STM32F4xx_HAL_Driver/Inc -I../Drivers/STM32F4xx_HAL_Driver/Inc/Legacy -I../Drivers/CMSIS/Device/ST/STM32F4xx/Include -I../Drivers/CMSIS/Include -O0 -ffunction-sections -fdata-sections -Wall -fstack-usage -fcyclomatic-complexity -MMD -MP -MF"Drivers/STM32F4xx_HAL_Driver/Src/stm32f4xx_hal_pwr_ex.d" -MT"Drivers/STM32F4xx_HAL_Driver/Src/stm32f4xx_hal_pwr_ex.o" --specs=nano.specs -mfpu=fpv4-sp-d16 -mfloat-abi=hard -mthumb -o "Drivers/STM32F4xx_HAL_Driver/Src/stm32f4xx_hal_pwr_ex.o"
arm-none-eabi-gcc "../Drivers/STM32F4xx_HAL_Driver/Src/stm32f4xx_hal_rcc.c" -mcpu=cortex-m4 -std=gnu11 -g3 -DDEBUG -DUSE_HAL_DRIVER -DSTM32F401xE -c -I../Core/Inc -I../Drivers/STM32F4xx_HAL_Driver/Inc -I../Drivers/STM32F4xx_HAL_Driver/Inc/Legacy -I../Drivers/CMSIS/Device/ST/STM32F4xx/Include -I../Drivers/CMSIS/Include -O0 -ffunction-sections -fdata-sections -Wall -fstack-usage -fcyclomatic-complexity -MMD -MP -MF"Drivers/STM32F4xx_HAL_Driver/Src/stm32f4xx_hal_rcc.d" -MT"Drivers/STM32F4xx_HAL_Driver/Src/stm32f4xx_hal_rcc.o" --specs=nano.specs -mfpu=fpv4-sp-d16 -mfloat-abi=hard -mthumb -o "Drivers/STM32F4xx_HAL_Driver/Src/stm32f4xx_hal_rcc.o"
arm-none-eabi-gcc "../Drivers/STM32F4xx_HAL_Driver/Src/stm32f4xx_hal_rcc_ex.c" -mcpu=cortex-m4 -std=gnu11 -g3 -DDEBUG -DUSE_HAL_DRIVER -DSTM32F401xE -c -I../Core/Inc -I../Drivers/STM32F4xx_HAL_Driver/Inc -I../Drivers/STM32F4xx_HAL_Driver/Inc/Legacy -I../Drivers/CMSIS/Device/ST/STM32F4xx/Include -I../Drivers/CMSIS/Include -O0 -ffunction-sections -fdata-sections -Wall -fstack-usage -fcyclomatic-complexity -MMD -MP -MF"Drivers/STM32F4xx_HAL_Driver/Src/stm32f4xx_hal_rcc_ex.d" -MT"Drivers/STM32F4xx_HAL_Driver/Src/stm32f4xx_hal_rcc_ex.o" --specs=nano.specs -mfpu=fpv4-sp-d16 -mfloat-abi=hard -mthumb -o "Drivers/STM32F4xx_HAL_Driver/Src/stm32f4xx_hal_rcc_ex.o"
arm-none-eabi-gcc "../Drivers/STM32F4xx_HAL_Driver/Src/stm32f4xx_hal_tim.c" -mcpu=cortex-m4 -std=gnu11 -g3 -DDEBUG -DUSE_HAL_DRIVER -DSTM32F401xE -c -I../Core/Inc -I../Drivers/STM32F4xx_HAL_Driver/Inc -I../Drivers/STM32F4xx_HAL_Driver/Inc/Legacy -I../Drivers/CMSIS/Device/ST/STM32F4xx/Include -I../Drivers/CMSIS/Include -O0 -ffunction-sections -fdata-sections -Wall -fstack-usage -fcyclomatic-complexity -MMD -MP -MF"Drivers/STM32F4xx_HAL_Driver/Src/stm32f4xx_hal_tim.d" -MT"Drivers/STM32F4xx_HAL_Driver/Src/stm32f4xx_hal_tim.o" --specs=nano.specs -mfpu=fpv4-sp-d16 -mfloat-abi=hard -mthumb -o "Drivers/STM32F4xx_HAL_Driver/Src/stm32f4xx_hal_tim.o"
arm-none-eabi-gcc "../Drivers/STM32F4xx_HAL_Driver/Src/stm32f4xx_hal_tim_ex.c" -mcpu=cortex-m4 -std=gnu11 -g3 -DDEBUG -DUSE_HAL_DRIVER -DSTM32F401xE -c -I../Core/Inc -I../Drivers/STM32F4xx_HAL_Driver/Inc -I../Drivers/STM32F4xx_HAL_Driver/Inc/Legacy -I../Drivers/CMSIS/Device/ST/STM32F4xx/Include -I../Drivers/CMSIS/Include -O0 -ffunction-sections -fdata-sections -Wall -fstack-usage -fcyclomatic-complexity -MMD -MP -MF"Drivers/STM32F4xx_HAL_Driver/Src/stm32f4xx_hal_tim_ex.d" -MT"Drivers/STM32F4xx_HAL_Driver/Src/stm32f4xx_hal_tim_ex.o" --specs=nano.specs -mfpu=fpv4-sp-d16 -mfloat-abi=hard -mthumb -o "Drivers/STM32F4xx_HAL_Driver/Src/stm32f4xx_hal_tim_ex.o"
arm-none-eabi-gcc "../Drivers/STM32F4xx_HAL_Driver/Src/stm32f4xx_hal_uart.c" -mcpu=cortex-m4 -std=gnu11 -g3 -DDEBUG -DUSE_HAL_DRIVER -DSTM32F401xE -c -I../Core/Inc -I../Drivers/STM32F4xx_HAL_Driver/Inc -I../Drivers/STM32F4xx_HAL_Driver/Inc/Legacy -I../Drivers/CMSIS/Device/ST/STM32F4xx/Include -I../Drivers/CMSIS/Include -O0 -ffunction-sections -fdata-sections -Wall -fstack-usage -fcyclomatic-complexity -MMD -MP -MF"Drivers/STM32F4xx_HAL_Driver/Src/stm32f4xx_hal_uart.d" -MT"Drivers/STM32F4xx_HAL_Driver/Src/stm32f4xx_hal_uart.o" --specs=nano.specs -mfpu=fpv4-sp-d16 -mfloat-abi=hard -mthumb -o "Drivers/STM32F4xx_HAL_Driver/Src/stm32f4xx_hal_uart.o"
arm-none-eabi-gcc "../Core/Src/PMDB16_LCD.c" -mcpu=cortex-m4 -std=gnu11 -g3 -DDEBUG -DUSE_HAL_DRIVER -DSTM32F401xE -c -I../Core/Inc -I../Drivers/STM32F4xx_HAL_Driver/Inc -I../Drivers/STM32F4xx_HAL_Driver/Inc/Legacy -I../Drivers/CMSIS/Device/ST/STM32F4xx/Include -I../Drivers/CMSIS/Include -O0 -ffunction-sections -fdata-sections -Wall -fstack-usage -fcyclomatic-complexity -MMD -MP -MF"Core/Src/PMDB16_LCD.d" -MT"Core/Src/PMDB16_LCD.o" --specs=nano.specs -mfpu=fpv4-sp-d16 -mfloat-abi=hard -mthumb -o "Core/Src/PMDB16_LCD.o"
arm-none-eabi-gcc "../Core/Src/main.c" -mcpu=cortex-m4 -std=gnu11 -g3 -DDEBUG -DUSE_HAL_DRIVER -DSTM32F401xE -c -I../Core/Inc -I../Drivers/STM32F4xx_HAL_Driver/Inc -I../Drivers/STM32F4xx_HAL_Driver/Inc/Legacy -I../Drivers/CMSIS/Device/ST/STM32F4xx/Include -I../Drivers/CMSIS/Include -O0 -ffunction-sections -fdata-sections -Wall -fstack-usage -fcyclomatic-complexity -MMD -MP -MF"Core/Src/main.d" -MT"Core/Src/main.o" --specs=nano.specs -mfpu=fpv4-sp-d16 -mfloat-abi=hard -mthumb -o "Core/Src/main.o"
arm-none-eabi-gcc "../Core/Src/stm32f4xx_hal_msp.c" -mcpu=cortex-m4 -std=gnu11 -g3 -DDEBUG -DUSE_HAL_DRIVER -DSTM32F401xE -c -I../Core/Inc -I../Drivers/STM32F4xx_HAL_Driver/Inc -I../Drivers/STM32F4xx_HAL_Driver/Inc/Legacy -I../Drivers/CMSIS/Device/ST/STM32F4xx/Include -I../Drivers/CMSIS/Include -O0 -ffunction-sections -fdata-sections -Wall -fstack-usage -fcyclomatic-complexity -MMD -MP -MF"Core/Src/stm32f4xx_hal_msp.d" -MT"Core/Src/stm32f4xx_hal_msp.o" --specs=nano.specs -mfpu=fpv4-sp-d16 -mfloat-abi=hard -mthumb -o "Core/Src/stm32f4xx_hal_msp.o"
arm-none-eabi-gcc "../Core/Src/stm32f4xx_it.c" -mcpu=cortex-m4 -std=gnu11 -g3 -DDEBUG -DUSE_HAL_DRIVER -DSTM32F401xE -c -I../Core/Inc -I../Drivers/STM32F4xx_HAL_Driver/Inc -I../Drivers/STM32F4xx_HAL_Driver/Inc/Legacy -I../Drivers/CMSIS/Device/ST/STM32F4xx/Include -I../Drivers/CMSIS/Include -O0 -ffunction-sections -fdata-sections -Wall -fstack-usage -fcyclomatic-complexity -MMD -MP -MF"Core/Src/stm32f4xx_it.d" -MT"Core/Src/stm32f4xx_it.o" --specs=nano.specs -mfpu=fpv4-sp-d16 -mfloat-abi=hard -mthumb -o "Core/Src/stm32f4xx_it.o"
arm-none-eabi-gcc "../Core/Src/system_stm32f4xx.c" -mcpu=cortex-m4 -std=gnu11 -g3 -DDEBUG -DUSE_HAL_DRIVER -DSTM32F401xE -c -I../Core/Inc -I../Drivers/STM32F4xx_HAL_Driver/Inc -I../Drivers/STM32F4xx_HAL_Driver/Inc/Legacy -I../Drivers/CMSIS/Device/ST/STM32F4xx/Include -I../Drivers/CMSIS/Include -O0 -ffunction-sections -fdata-sections -Wall -fstack-usage -fcyclomatic-complexity -MMD -MP -MF"Core/Src/system_stm32f4xx.d" -MT"Core/Src/system_stm32f4xx.o" --specs=nano.specs -mfpu=fpv4-sp-d16 -mfloat-abi=hard -mthumb -o "Core/Src/system_stm32f4xx.o"
../Core/Src/main.c: In function 'HAL_TIM_PeriodElapsedCallback':
../Core/Src/main.c:67:37: error: 'names' undeclared (first use in this function)
   67 |                         lcd_println(names[name_index], row);
      |                                     ^~~~~
../Core/Src/main.c:67:37: note: each undeclared identifier is reported only once for each function it appears in
../Core/Src/main.c:67:43: error: 'name_index' undeclared (first use in this function)
   67 |                         lcd_println(names[name_index], row);
      |                                           ^~~~~~~~~~
../Core/Src/main.c:67:56: error: 'row' undeclared (first use in this function)
   67 |                         lcd_println(names[name_index], row);
      |                                                        ^~~
../Core/Src/main.c: In function 'main':
../Core/Src/main.c:131:20: warning: passing argument 1 of 'lcd_println' discards 'const' qualifier from pointer target type [-Wdiscarded-qualifiers]
  131 |   lcd_println(names[name_index], row+1); // initialize with member 1
      |               ~~~~~^~~~~~~~~~~~
In file included from ../Core/Src/main.c:24:
../Core/Inc/PMDB16_LCD.h:52:18: note: expected 'char *' but argument is of type 'const char *'
   52 | void lcd_println(char*, uint8_t);
      |                  ^~~~~
../Core/Src/main.c: At top level:
../Core/Src/main.c:199:13: warning: 'MX_TIM2_Init' defined but not used [-Wunused-function]
  199 | static void MX_TIM2_Init(void)
      |             ^~~~~~~~~~~~
make: *** [Core/Src/subdir.mk:37: Core/Src/main.o] Error 1
make: *** Waiting for unfinished jobs....
"make -j28 all" terminated with exit code 2. Build might be incomplete.
10:37:09 **** Incremental Build of configuration Debug for project LCD_1 ****
make -j28 all 
arm-none-eabi-gcc "../Core/Src/main.c" -mcpu=cortex-m4 -std=gnu11 -g3 -DDEBUG -DUSE_HAL_DRIVER -DSTM32F401xE -c -I../Core/Inc -I../Drivers/STM32F4xx_HAL_Driver/Inc -I../Drivers/STM32F4xx_HAL_Driver/Inc/Legacy -I../Drivers/CMSIS/Device/ST/STM32F4xx/Include -I../Drivers/CMSIS/Include -O0 -ffunction-sections -fdata-sections -Wall -fstack-usage -fcyclomatic-complexity -MMD -MP -MF"Core/Src/main.d" -MT"Core/Src/main.o" --specs=nano.specs -mfpu=fpv4-sp-d16 -mfloat-abi=hard -mthumb -o "Core/Src/main.o"
../Core/Src/main.c: In function 'HAL_TIM_PeriodElapsedCallback':
../Core/Src/main.c:67:37: error: 'names' undeclared (first use in this function)
   67 |                         lcd_println(names[name_index], 0);
      |                                     ^~~~~
../Core/Src/main.c:67:37: note: each undeclared identifier is reported only once for each function it appears in
../Core/Src/main.c:67:43: error: 'name_index' undeclared (first use in this function)
   67 |                         lcd_println(names[name_index], 0);
      |                                           ^~~~~~~~~~
../Core/Src/main.c: In function 'main':
../Core/Src/main.c:131:20: warning: passing argument 1 of 'lcd_println' discards 'const' qualifier from pointer target type [-Wdiscarded-qualifiers]
  131 |   lcd_println(names[name_index], row+1); // initialize with member 1
      |               ~~~~~^~~~~~~~~~~~
In file included from ../Core/Src/main.c:24:
../Core/Inc/PMDB16_LCD.h:52:18: note: expected 'char *' but argument is of type 'const char *'
   52 | void lcd_println(char*, uint8_t);
      |                  ^~~~~
../Core/Src/main.c: At top level:
../Core/Src/main.c:199:13: warning: 'MX_TIM2_Init' defined but not used [-Wunused-function]
  199 | static void MX_TIM2_Init(void)
      |             ^~~~~~~~~~~~
make: *** [Core/Src/subdir.mk:37: Core/Src/main.o] Error 1
"make -j28 all" terminated with exit code 2. Build might be incomplete.
10:37:51 **** Incremental Build of configuration Debug for project LCD_1 ****
make -j28 all 
arm-none-eabi-gcc "../Core/Src/main.c" -mcpu=cortex-m4 -std=gnu11 -g3 -DDEBUG -DUSE_HAL_DRIVER -DSTM32F401xE -c -I../Core/Inc -I../Drivers/STM32F4xx_HAL_Driver/Inc -I../Drivers/STM32F4xx_HAL_Driver/Inc/Legacy -I../Drivers/CMSIS/Device/ST/STM32F4xx/Include -I../Drivers/CMSIS/Include -O0 -ffunction-sections -fdata-sections -Wall -fstack-usage -fcyclomatic-complexity -MMD -MP -MF"Core/Src/main.d" -MT"Core/Src/main.o" --specs=nano.specs -mfpu=fpv4-sp-d16 -mfloat-abi=hard -mthumb -o "Core/Src/main.o"
../Core/Src/main.c: In function 'HAL_TIM_PeriodElapsedCallback':
../Core/Src/main.c:79:42: warning: passing argument 1 of 'lcd_println' discards 'const' qualifier from pointer target type [-Wdiscarded-qualifiers]
   79 |                         lcd_println(names[name_index], row);
      |                                     ~~~~~^~~~~~~~~~~~
In file included from ../Core/Src/main.c:24:
../Core/Inc/PMDB16_LCD.h:52:18: note: expected 'char *' but argument is of type 'const char *'
   52 | void lcd_println(char*, uint8_t);
      |                  ^~~~~
../Core/Src/main.c:80:42: warning: passing argument 1 of 'lcd_println' discards 'const' qualifier from pointer target type [-Wdiscarded-qualifiers]
   80 |                         lcd_println(names[name_index+1], row+1);
      |                                     ~~~~~^~~~~~~~~~~~~~
../Core/Inc/PMDB16_LCD.h:52:18: note: expected 'char *' but argument is of type 'const char *'
   52 | void lcd_println(char*, uint8_t);
      |                  ^~~~~
../Core/Src/main.c:87:44: warning: passing argument 1 of 'lcd_println' discards 'const' qualifier from pointer target type [-Wdiscarded-qualifiers]
   87 |                           lcd_println(names[4], row);
      |                                       ~~~~~^~~
../Core/Inc/PMDB16_LCD.h:52:18: note: expected 'char *' but argument is of type 'const char *'
   52 | void lcd_println(char*, uint8_t);
      |                  ^~~~~
../Core/Src/main.c:88:44: warning: passing argument 1 of 'lcd_println' discards 'const' qualifier from pointer target type [-Wdiscarded-qualifiers]
   88 |                           lcd_println(names[0], row+1);
      |                                       ~~~~~^~~
../Core/Inc/PMDB16_LCD.h:52:18: note: expected 'char *' but argument is of type 'const char *'
   52 | void lcd_println(char*, uint8_t);
      |                  ^~~~~
../Core/Src/main.c: In function 'main':
../Core/Src/main.c:133:20: warning: passing argument 1 of 'lcd_println' discards 'const' qualifier from pointer target type [-Wdiscarded-qualifiers]
  133 |   lcd_println(names[name_index], row+1); // initialize with member 1
      |               ~~~~~^~~~~~~~~~~~
../Core/Inc/PMDB16_LCD.h:52:18: note: expected 'char *' but argument is of type 'const char *'
   52 | void lcd_println(char*, uint8_t);
      |                  ^~~~~
../Core/Src/main.c: At top level:
../Core/Src/main.c:201:13: warning: 'MX_TIM2_Init' defined but not used [-Wunused-function]
  201 | static void MX_TIM2_Init(void)
      |             ^~~~~~~~~~~~
arm-none-eabi-gcc -o "LCD_1.elf" @"objects.list"   -mcpu=cortex-m4 -T"C:\Users\marco\Desktop\Polimi\Materials\Sensor Systems\Labs\Lab3\LCD_1\LCD_1\STM32F401RETX_FLASH.ld" --specs=nosys.specs -Wl,-Map="LCD_1.map" -Wl,--gc-sections -static --specs=nano.specs -mfpu=fpv4-sp-d16 -mfloat-abi=hard -mthumb -Wl,--start-group -lc -lm -Wl,--end-group
Finished building target: LCD_1.elf
 
arm-none-eabi-size  LCD_1.elf 
arm-none-eabi-objdump -h -S LCD_1.elf  > "LCD_1.list"
   text	   data	    bss	    dec	    hex	filename
   9116	     72	   1728	  10916	   2aa4	LCD_1.elf
Finished building: default.size.stdout
 
Finished building: LCD_1.list
 
10:37:55 **** Incremental Build of configuration Debug for project LCD_1 ****
make -j28 all 
arm-none-eabi-size  LCD_1.elf 
   text	   data	    bss	    dec	    hex	filename
   9116	     72	   1728	  10916	   2aa4	LCD_1.elf
Finished building: default.size.stdout
 
10:38:28 **** Incremental Build of configuration Debug for project LCD_1 ****
make -j28 all 
arm-none-eabi-size  LCD_1.elf 
   text	   data	    bss	    dec	    hex	filename
   9116	     72	   1728	  10916	   2aa4	LCD_1.elf
Finished building: default.size.stdout
 
10:38:42 **** Incremental Build of configuration Debug for project LCD_1 ****
make -j28 all 
arm-none-eabi-size  LCD_1.elf 
   text	   data	    bss	    dec	    hex	filename
   9116	     72	   1728	  10916	   2aa4	LCD_1.elf
Finished building: default.size.stdout
 
10:38:45 **** Incremental Build of configuration Debug for project LCD_1 ****
make -j28 all 
arm-none-eabi-size  LCD_1.elf 
   text	   data	    bss	    dec	    hex	filename
   9116	     72	   1728	  10916	   2aa4	LCD_1.elf
Finished building: default.size.stdout
 
10:41:37 **** Incremental Build of configuration Debug for project LCD_1 ****
make -j28 all 
arm-none-eabi-gcc "../Core/Src/main.c" -mcpu=cortex-m4 -std=gnu11 -g3 -DDEBUG -DUSE_HAL_DRIVER -DSTM32F401xE -c -I../Core/Inc -I../Drivers/STM32F4xx_HAL_Driver/Inc -I../Drivers/STM32F4xx_HAL_Driver/Inc/Legacy -I../Drivers/CMSIS/Device/ST/STM32F4xx/Include -I../Drivers/CMSIS/Include -O0 -ffunction-sections -fdata-sections -Wall -fstack-usage -fcyclomatic-complexity -MMD -MP -MF"Core/Src/main.d" -MT"Core/Src/main.o" --specs=nano.specs -mfpu=fpv4-sp-d16 -mfloat-abi=hard -mthumb -o "Core/Src/main.o"
../Core/Src/main.c: In function 'HAL_TIM_PeriodElapsedCallback':
../Core/Src/main.c:79:42: warning: passing argument 1 of 'lcd_println' discards 'const' qualifier from pointer target type [-Wdiscarded-qualifiers]
   79 |                         lcd_println(names[name_index], row);
      |                                     ~~~~~^~~~~~~~~~~~
In file included from ../Core/Src/main.c:24:
../Core/Inc/PMDB16_LCD.h:52:18: note: expected 'char *' but argument is of type 'const char *'
   52 | void lcd_println(char*, uint8_t);
      |                  ^~~~~
../Core/Src/main.c:80:42: warning: passing argument 1 of 'lcd_println' discards 'const' qualifier from pointer target type [-Wdiscarded-qualifiers]
   80 |                         lcd_println(names[name_index+1], row+1);
      |                                     ~~~~~^~~~~~~~~~~~~~
../Core/Inc/PMDB16_LCD.h:52:18: note: expected 'char *' but argument is of type 'const char *'
   52 | void lcd_println(char*, uint8_t);
      |                  ^~~~~
../Core/Src/main.c:87:44: warning: passing argument 1 of 'lcd_println' discards 'const' qualifier from pointer target type [-Wdiscarded-qualifiers]
   87 |                           lcd_println(names[4], row);
      |                                       ~~~~~^~~
../Core/Inc/PMDB16_LCD.h:52:18: note: expected 'char *' but argument is of type 'const char *'
   52 | void lcd_println(char*, uint8_t);
      |                  ^~~~~
../Core/Src/main.c:88:44: warning: passing argument 1 of 'lcd_println' discards 'const' qualifier from pointer target type [-Wdiscarded-qualifiers]
   88 |                           lcd_println(names[0], row+1);
      |                                       ~~~~~^~~
../Core/Inc/PMDB16_LCD.h:52:18: note: expected 'char *' but argument is of type 'const char *'
   52 | void lcd_println(char*, uint8_t);
      |                  ^~~~~
../Core/Src/main.c: In function 'main':
../Core/Src/main.c:134:20: warning: passing argument 1 of 'lcd_println' discards 'const' qualifier from pointer target type [-Wdiscarded-qualifiers]
  134 |   lcd_println(names[name_index], row+1); // initialize with member 1
      |               ~~~~~^~~~~~~~~~~~
../Core/Inc/PMDB16_LCD.h:52:18: note: expected 'char *' but argument is of type 'const char *'
   52 | void lcd_println(char*, uint8_t);
      |                  ^~~~~
arm-none-eabi-gcc -o "LCD_1.elf" @"objects.list"   -mcpu=cortex-m4 -T"C:\Users\marco\Desktop\Polimi\Materials\Sensor Systems\Labs\Lab3\LCD_1\LCD_1\STM32F401RETX_FLASH.ld" --specs=nosys.specs -Wl,-Map="LCD_1.map" -Wl,--gc-sections -static --specs=nano.specs -mfpu=fpv4-sp-d16 -mfloat-abi=hard -mthumb -Wl,--start-group -lc -lm -Wl,--end-group
Finished building target: LCD_1.elf
 
arm-none-eabi-size  LCD_1.elf 
arm-none-eabi-objdump -h -S LCD_1.elf  > "LCD_1.list"
   text	   data	    bss	    dec	    hex	filename
  10756	     72	   1728	  12556	   310c	LCD_1.elf
Finished building: default.size.stdout
 
Finished building: LCD_1.list
 
10:42:21 **** Incremental Build of configuration Debug for project LCD_1 ****
make -j28 all 
arm-none-eabi-gcc "../Core/Src/stm32f4xx_hal_msp.c" -mcpu=cortex-m4 -std=gnu11 -g3 -DDEBUG -DUSE_HAL_DRIVER -DSTM32F401xE -c -I../Core/Inc -I../Drivers/STM32F4xx_HAL_Driver/Inc -I../Drivers/STM32F4xx_HAL_Driver/Inc/Legacy -I../Drivers/CMSIS/Device/ST/STM32F4xx/Include -I../Drivers/CMSIS/Include -O0 -ffunction-sections -fdata-sections -Wall -fstack-usage -fcyclomatic-complexity -MMD -MP -MF"Core/Src/stm32f4xx_hal_msp.d" -MT"Core/Src/stm32f4xx_hal_msp.o" --specs=nano.specs -mfpu=fpv4-sp-d16 -mfloat-abi=hard -mthumb -o "Core/Src/stm32f4xx_hal_msp.o"
arm-none-eabi-gcc "../Core/Src/stm32f4xx_it.c" -mcpu=cortex-m4 -std=gnu11 -g3 -DDEBUG -DUSE_HAL_DRIVER -DSTM32F401xE -c -I../Core/Inc -I../Drivers/STM32F4xx_HAL_Driver/Inc -I../Drivers/STM32F4xx_HAL_Driver/Inc/Legacy -I../Drivers/CMSIS/Device/ST/STM32F4xx/Include -I../Drivers/CMSIS/Include -O0 -ffunction-sections -fdata-sections -Wall -fstack-usage -fcyclomatic-complexity -MMD -MP -MF"Core/Src/stm32f4xx_it.d" -MT"Core/Src/stm32f4xx_it.o" --specs=nano.specs -mfpu=fpv4-sp-d16 -mfloat-abi=hard -mthumb -o "Core/Src/stm32f4xx_it.o"
arm-none-eabi-gcc -o "LCD_1.elf" @"objects.list"   -mcpu=cortex-m4 -T"C:\Users\marco\Desktop\Polimi\Materials\Sensor Systems\Labs\Lab3\LCD_1\LCD_1\STM32F401RETX_FLASH.ld" --specs=nosys.specs -Wl,-Map="LCD_1.map" -Wl,--gc-sections -static --specs=nano.specs -mfpu=fpv4-sp-d16 -mfloat-abi=hard -mthumb -Wl,--start-group -lc -lm -Wl,--end-group
Finished building target: LCD_1.elf
 
arm-none-eabi-size  LCD_1.elf 
arm-none-eabi-objdump -h -S LCD_1.elf  > "LCD_1.list"
   text	   data	    bss	    dec	    hex	filename
  11644	     72	   1728	  13444	   3484	LCD_1.elf
Finished building: default.size.stdout
 
Finished building: LCD_1.list
 
10:43:12 **** Incremental Build of configuration Debug for project LCD_1 ****
make -j28 all 
arm-none-eabi-gcc "../Core/Src/main.c" -mcpu=cortex-m4 -std=gnu11 -g3 -DDEBUG -DUSE_HAL_DRIVER -DSTM32F401xE -c -I../Core/Inc -I../Drivers/STM32F4xx_HAL_Driver/Inc -I../Drivers/STM32F4xx_HAL_Driver/Inc/Legacy -I../Drivers/CMSIS/Device/ST/STM32F4xx/Include -I../Drivers/CMSIS/Include -O0 -ffunction-sections -fdata-sections -Wall -fstack-usage -fcyclomatic-complexity -MMD -MP -MF"Core/Src/main.d" -MT"Core/Src/main.o" --specs=nano.specs -mfpu=fpv4-sp-d16 -mfloat-abi=hard -mthumb -o "Core/Src/main.o"
../Core/Src/main.c: In function 'HAL_TIM_PeriodElapsedCallback':
../Core/Src/main.c:79:42: warning: passing argument 1 of 'lcd_println' discards 'const' qualifier from pointer target type [-Wdiscarded-qualifiers]
   79 |                         lcd_println(names[name_index], row);
      |                                     ~~~~~^~~~~~~~~~~~
In file included from ../Core/Src/main.c:24:
../Core/Inc/PMDB16_LCD.h:52:18: note: expected 'char *' but argument is of type 'const char *'
   52 | void lcd_println(char*, uint8_t);
      |                  ^~~~~
../Core/Src/main.c:80:42: warning: passing argument 1 of 'lcd_println' discards 'const' qualifier from pointer target type [-Wdiscarded-qualifiers]
   80 |                         lcd_println(names[name_index+1], row+1);
      |                                     ~~~~~^~~~~~~~~~~~~~
../Core/Inc/PMDB16_LCD.h:52:18: note: expected 'char *' but argument is of type 'const char *'
   52 | void lcd_println(char*, uint8_t);
      |                  ^~~~~
../Core/Src/main.c:87:44: warning: passing argument 1 of 'lcd_println' discards 'const' qualifier from pointer target type [-Wdiscarded-qualifiers]
   87 |                           lcd_println(names[4], row);
      |                                       ~~~~~^~~
../Core/Inc/PMDB16_LCD.h:52:18: note: expected 'char *' but argument is of type 'const char *'
   52 | void lcd_println(char*, uint8_t);
      |                  ^~~~~
../Core/Src/main.c:88:44: warning: passing argument 1 of 'lcd_println' discards 'const' qualifier from pointer target type [-Wdiscarded-qualifiers]
   88 |                           lcd_println(names[0], row+1);
      |                                       ~~~~~^~~
../Core/Inc/PMDB16_LCD.h:52:18: note: expected 'char *' but argument is of type 'const char *'
   52 | void lcd_println(char*, uint8_t);
      |                  ^~~~~
../Core/Src/main.c: In function 'main':
../Core/Src/main.c:134:20: warning: passing argument 1 of 'lcd_println' discards 'const' qualifier from pointer target type [-Wdiscarded-qualifiers]
  134 |   lcd_println(names[name_index], row+1); // initialize with member 1
      |               ~~~~~^~~~~~~~~~~~
../Core/Inc/PMDB16_LCD.h:52:18: note: expected 'char *' but argument is of type 'const char *'
   52 | void lcd_println(char*, uint8_t);
      |                  ^~~~~
arm-none-eabi-gcc -o "LCD_1.elf" @"objects.list"   -mcpu=cortex-m4 -T"C:\Users\marco\Desktop\Polimi\Materials\Sensor Systems\Labs\Lab3\LCD_1\LCD_1\STM32F401RETX_FLASH.ld" --specs=nosys.specs -Wl,-Map="LCD_1.map" -Wl,--gc-sections -static --specs=nano.specs -mfpu=fpv4-sp-d16 -mfloat-abi=hard -mthumb -Wl,--start-group -lc -lm -Wl,--end-group
Finished building target: LCD_1.elf
 
arm-none-eabi-size  LCD_1.elf 
arm-none-eabi-objdump -h -S LCD_1.elf  > "LCD_1.list"
   text	   data	    bss	    dec	    hex	filename
  11712	     72	   1728	  13512	   34c8	LCD_1.elf
Finished building: default.size.stdout
 
Finished building: LCD_1.list
 
10:49:16 **** Incremental Build of configuration Debug for project LCD_1 ****
make -j28 all 
arm-none-eabi-gcc "../Core/Src/main.c" -mcpu=cortex-m4 -std=gnu11 -g3 -DDEBUG -DUSE_HAL_DRIVER -DSTM32F401xE -c -I../Core/Inc -I../Drivers/STM32F4xx_HAL_Driver/Inc -I../Drivers/STM32F4xx_HAL_Driver/Inc/Legacy -I../Drivers/CMSIS/Device/ST/STM32F4xx/Include -I../Drivers/CMSIS/Include -O0 -ffunction-sections -fdata-sections -Wall -fstack-usage -fcyclomatic-complexity -MMD -MP -MF"Core/Src/main.d" -MT"Core/Src/main.o" --specs=nano.specs -mfpu=fpv4-sp-d16 -mfloat-abi=hard -mthumb -o "Core/Src/main.o"
../Core/Src/main.c: In function 'HAL_TIM_PeriodElapsedCallback':
../Core/Src/main.c:79:42: warning: passing argument 1 of 'lcd_println' discards 'const' qualifier from pointer target type [-Wdiscarded-qualifiers]
   79 |                         lcd_println(names[name_index], row);
      |                                     ~~~~~^~~~~~~~~~~~
In file included from ../Core/Src/main.c:24:
../Core/Inc/PMDB16_LCD.h:52:18: note: expected 'char *' but argument is of type 'const char *'
   52 | void lcd_println(char*, uint8_t);
      |                  ^~~~~
../Core/Src/main.c:80:42: warning: passing argument 1 of 'lcd_println' discards 'const' qualifier from pointer target type [-Wdiscarded-qualifiers]
   80 |                         lcd_println(names[name_index+1], row+1);
      |                                     ~~~~~^~~~~~~~~~~~~~
../Core/Inc/PMDB16_LCD.h:52:18: note: expected 'char *' but argument is of type 'const char *'
   52 | void lcd_println(char*, uint8_t);
      |                  ^~~~~
../Core/Src/main.c:87:44: warning: passing argument 1 of 'lcd_println' discards 'const' qualifier from pointer target type [-Wdiscarded-qualifiers]
   87 |                           lcd_println(names[4], row);
      |                                       ~~~~~^~~
../Core/Inc/PMDB16_LCD.h:52:18: note: expected 'char *' but argument is of type 'const char *'
   52 | void lcd_println(char*, uint8_t);
      |                  ^~~~~
../Core/Src/main.c:88:44: warning: passing argument 1 of 'lcd_println' discards 'const' qualifier from pointer target type [-Wdiscarded-qualifiers]
   88 |                           lcd_println(names[0], row+1);
      |                                       ~~~~~^~~
../Core/Inc/PMDB16_LCD.h:52:18: note: expected 'char *' but argument is of type 'const char *'
   52 | void lcd_println(char*, uint8_t);
      |                  ^~~~~
../Core/Src/main.c: In function 'main':
../Core/Src/main.c:136:20: warning: passing argument 1 of 'lcd_println' discards 'const' qualifier from pointer target type [-Wdiscarded-qualifiers]
  136 |   lcd_println(names[name_index], row+1); // initialize with member 1
      |               ~~~~~^~~~~~~~~~~~
../Core/Inc/PMDB16_LCD.h:52:18: note: expected 'char *' but argument is of type 'const char *'
   52 | void lcd_println(char*, uint8_t);
      |                  ^~~~~
arm-none-eabi-gcc -o "LCD_1.elf" @"objects.list"   -mcpu=cortex-m4 -T"C:\Users\marco\Desktop\Polimi\Materials\Sensor Systems\Labs\Lab3\LCD_1\LCD_1\STM32F401RETX_FLASH.ld" --specs=nosys.specs -Wl,-Map="LCD_1.map" -Wl,--gc-sections -static --specs=nano.specs -mfpu=fpv4-sp-d16 -mfloat-abi=hard -mthumb -Wl,--start-group -lc -lm -Wl,--end-group
Finished building target: LCD_1.elf
 
arm-none-eabi-size  LCD_1.elf 
arm-none-eabi-objdump -h -S LCD_1.elf  > "LCD_1.list"
   text	   data	    bss	    dec	    hex	filename
  11808	     72	   1728	  13608	   3528	LCD_1.elf
Finished building: default.size.stdout
 
Finished building: LCD_1.list
 
10:52:55 **** Incremental Build of configuration Debug for project LCD_1 ****
make -j28 all 
arm-none-eabi-gcc "../Core/Src/main.c" -mcpu=cortex-m4 -std=gnu11 -g3 -DDEBUG -DUSE_HAL_DRIVER -DSTM32F401xE -c -I../Core/Inc -I../Drivers/STM32F4xx_HAL_Driver/Inc -I../Drivers/STM32F4xx_HAL_Driver/Inc/Legacy -I../Drivers/CMSIS/Device/ST/STM32F4xx/Include -I../Drivers/CMSIS/Include -O0 -ffunction-sections -fdata-sections -Wall -fstack-usage -fcyclomatic-complexity -MMD -MP -MF"Core/Src/main.d" -MT"Core/Src/main.o" --specs=nano.specs -mfpu=fpv4-sp-d16 -mfloat-abi=hard -mthumb -o "Core/Src/main.o"
../Core/Src/main.c: In function 'HAL_TIM_PeriodElapsedCallback':
../Core/Src/main.c:79:42: warning: passing argument 1 of 'lcd_println' discards 'const' qualifier from pointer target type [-Wdiscarded-qualifiers]
   79 |                         lcd_println(names[name_index], row);
      |                                     ~~~~~^~~~~~~~~~~~
In file included from ../Core/Src/main.c:24:
../Core/Inc/PMDB16_LCD.h:52:18: note: expected 'char *' but argument is of type 'const char *'
   52 | void lcd_println(char*, uint8_t);
      |                  ^~~~~
../Core/Src/main.c:80:42: warning: passing argument 1 of 'lcd_println' discards 'const' qualifier from pointer target type [-Wdiscarded-qualifiers]
   80 |                         lcd_println(names[name_index+1], row+1);
      |                                     ~~~~~^~~~~~~~~~~~~~
../Core/Inc/PMDB16_LCD.h:52:18: note: expected 'char *' but argument is of type 'const char *'
   52 | void lcd_println(char*, uint8_t);
      |                  ^~~~~
../Core/Src/main.c:87:44: warning: passing argument 1 of 'lcd_println' discards 'const' qualifier from pointer target type [-Wdiscarded-qualifiers]
   87 |                           lcd_println(names[4], row);
      |                                       ~~~~~^~~
../Core/Inc/PMDB16_LCD.h:52:18: note: expected 'char *' but argument is of type 'const char *'
   52 | void lcd_println(char*, uint8_t);
      |                  ^~~~~
../Core/Src/main.c:88:44: warning: passing argument 1 of 'lcd_println' discards 'const' qualifier from pointer target type [-Wdiscarded-qualifiers]
   88 |                           lcd_println(names[0], row+1);
      |                                       ~~~~~^~~
../Core/Inc/PMDB16_LCD.h:52:18: note: expected 'char *' but argument is of type 'const char *'
   52 | void lcd_println(char*, uint8_t);
      |                  ^~~~~
../Core/Src/main.c: In function 'main':
../Core/Src/main.c:134:20: warning: passing argument 1 of 'lcd_println' discards 'const' qualifier from pointer target type [-Wdiscarded-qualifiers]
  134 |   lcd_println(names[name_index], row+1); // initialize with member 1
      |               ~~~~~^~~~~~~~~~~~
../Core/Inc/PMDB16_LCD.h:52:18: note: expected 'char *' but argument is of type 'const char *'
   52 | void lcd_println(char*, uint8_t);
      |                  ^~~~~
arm-none-eabi-gcc -o "LCD_1.elf" @"objects.list"   -mcpu=cortex-m4 -T"C:\Users\marco\Desktop\Polimi\Materials\Sensor Systems\Labs\Lab3\LCD_1\LCD_1\STM32F401RETX_FLASH.ld" --specs=nosys.specs -Wl,-Map="LCD_1.map" -Wl,--gc-sections -static --specs=nano.specs -mfpu=fpv4-sp-d16 -mfloat-abi=hard -mthumb -Wl,--start-group -lc -lm -Wl,--end-group
Finished building target: LCD_1.elf
 
arm-none-eabi-size  LCD_1.elf 
arm-none-eabi-objdump -h -S LCD_1.elf  > "LCD_1.list"
   text	   data	    bss	    dec	    hex	filename
  11708	     72	   1728	  13508	   34c4	LCD_1.elf
Finished building: default.size.stdout
 
Finished building: LCD_1.list
 
10:54:29 **** Incremental Build of configuration Debug for project LCD_1 ****
make -j28 all 
arm-none-eabi-gcc "../Core/Src/main.c" -mcpu=cortex-m4 -std=gnu11 -g3 -DDEBUG -DUSE_HAL_DRIVER -DSTM32F401xE -c -I../Core/Inc -I../Drivers/STM32F4xx_HAL_Driver/Inc -I../Drivers/STM32F4xx_HAL_Driver/Inc/Legacy -I../Drivers/CMSIS/Device/ST/STM32F4xx/Include -I../Drivers/CMSIS/Include -O0 -ffunction-sections -fdata-sections -Wall -fstack-usage -fcyclomatic-complexity -MMD -MP -MF"Core/Src/main.d" -MT"Core/Src/main.o" --specs=nano.specs -mfpu=fpv4-sp-d16 -mfloat-abi=hard -mthumb -o "Core/Src/main.o"
../Core/Src/main.c: In function 'HAL_TIM_PeriodElapsedCallback':
../Core/Src/main.c:79:42: warning: passing argument 1 of 'lcd_println' discards 'const' qualifier from pointer target type [-Wdiscarded-qualifiers]
   79 |                         lcd_println(names[name_index], row);
      |                                     ~~~~~^~~~~~~~~~~~
In file included from ../Core/Src/main.c:24:
../Core/Inc/PMDB16_LCD.h:52:18: note: expected 'char *' but argument is of type 'const char *'
   52 | void lcd_println(char*, uint8_t);
      |                  ^~~~~
../Core/Src/main.c:80:42: warning: passing argument 1 of 'lcd_println' discards 'const' qualifier from pointer target type [-Wdiscarded-qualifiers]
   80 |                         lcd_println(names[name_index+1], row+1);
      |                                     ~~~~~^~~~~~~~~~~~~~
../Core/Inc/PMDB16_LCD.h:52:18: note: expected 'char *' but argument is of type 'const char *'
   52 | void lcd_println(char*, uint8_t);
      |                  ^~~~~
../Core/Src/main.c:87:44: warning: passing argument 1 of 'lcd_println' discards 'const' qualifier from pointer target type [-Wdiscarded-qualifiers]
   87 |                           lcd_println(names[4], row);
      |                                       ~~~~~^~~
../Core/Inc/PMDB16_LCD.h:52:18: note: expected 'char *' but argument is of type 'const char *'
   52 | void lcd_println(char*, uint8_t);
      |                  ^~~~~
../Core/Src/main.c:88:44: warning: passing argument 1 of 'lcd_println' discards 'const' qualifier from pointer target type [-Wdiscarded-qualifiers]
   88 |                           lcd_println(names[0], row+1);
      |                                       ~~~~~^~~
../Core/Inc/PMDB16_LCD.h:52:18: note: expected 'char *' but argument is of type 'const char *'
   52 | void lcd_println(char*, uint8_t);
      |                  ^~~~~
../Core/Src/main.c: In function 'main':
../Core/Src/main.c:134:20: warning: passing argument 1 of 'lcd_println' discards 'const' qualifier from pointer target type [-Wdiscarded-qualifiers]
  134 |   lcd_println(names[name_index], row+1); // initialize with member 1
      |               ~~~~~^~~~~~~~~~~~
../Core/Inc/PMDB16_LCD.h:52:18: note: expected 'char *' but argument is of type 'const char *'
   52 | void lcd_println(char*, uint8_t);
      |                  ^~~~~
arm-none-eabi-gcc -o "LCD_1.elf" @"objects.list"   -mcpu=cortex-m4 -T"C:\Users\marco\Desktop\Polimi\Materials\Sensor Systems\Labs\Lab3\LCD_1\LCD_1\STM32F401RETX_FLASH.ld" --specs=nosys.specs -Wl,-Map="LCD_1.map" -Wl,--gc-sections -static --specs=nano.specs -mfpu=fpv4-sp-d16 -mfloat-abi=hard -mthumb -Wl,--start-group -lc -lm -Wl,--end-group
Finished building target: LCD_1.elf
 
arm-none-eabi-size  LCD_1.elf 
arm-none-eabi-objdump -h -S LCD_1.elf  > "LCD_1.list"
   text	   data	    bss	    dec	    hex	filename
  11712	     72	   1728	  13512	   34c8	LCD_1.elf
Finished building: default.size.stdout
 
Finished building: LCD_1.list
 
10:56:57 **** Incremental Build of configuration Debug for project LCD_1 ****
make -j28 all 
arm-none-eabi-gcc "../Core/Src/main.c" -mcpu=cortex-m4 -std=gnu11 -g3 -DDEBUG -DUSE_HAL_DRIVER -DSTM32F401xE -c -I../Core/Inc -I../Drivers/STM32F4xx_HAL_Driver/Inc -I../Drivers/STM32F4xx_HAL_Driver/Inc/Legacy -I../Drivers/CMSIS/Device/ST/STM32F4xx/Include -I../Drivers/CMSIS/Include -O0 -ffunction-sections -fdata-sections -Wall -fstack-usage -fcyclomatic-complexity -MMD -MP -MF"Core/Src/main.d" -MT"Core/Src/main.o" --specs=nano.specs -mfpu=fpv4-sp-d16 -mfloat-abi=hard -mthumb -o "Core/Src/main.o"
../Core/Src/main.c: In function 'HAL_TIM_PeriodElapsedCallback':
../Core/Src/main.c:84:42: warning: passing argument 1 of 'lcd_println' discards 'const' qualifier from pointer target type [-Wdiscarded-qualifiers]
   84 |                         lcd_println(names[name_index], row);
      |                                     ~~~~~^~~~~~~~~~~~
In file included from ../Core/Src/main.c:24:
../Core/Inc/PMDB16_LCD.h:52:18: note: expected 'char *' but argument is of type 'const char *'
   52 | void lcd_println(char*, uint8_t);
      |                  ^~~~~
../Core/Src/main.c:85:42: warning: passing argument 1 of 'lcd_println' discards 'const' qualifier from pointer target type [-Wdiscarded-qualifiers]
   85 |                         lcd_println(names[name_index+1], row+1);
      |                                     ~~~~~^~~~~~~~~~~~~~
../Core/Inc/PMDB16_LCD.h:52:18: note: expected 'char *' but argument is of type 'const char *'
   52 | void lcd_println(char*, uint8_t);
      |                  ^~~~~
../Core/Src/main.c:90:44: warning: passing argument 1 of 'lcd_println' discards 'const' qualifier from pointer target type [-Wdiscarded-qualifiers]
   90 |                           lcd_println(names[4], row);
      |                                       ~~~~~^~~
../Core/Inc/PMDB16_LCD.h:52:18: note: expected 'char *' but argument is of type 'const char *'
   52 | void lcd_println(char*, uint8_t);
      |                  ^~~~~
../Core/Src/main.c:91:44: warning: passing argument 1 of 'lcd_println' discards 'const' qualifier from pointer target type [-Wdiscarded-qualifiers]
   91 |                           lcd_println(names[0], row+1);
      |                                       ~~~~~^~~
../Core/Inc/PMDB16_LCD.h:52:18: note: expected 'char *' but argument is of type 'const char *'
   52 | void lcd_println(char*, uint8_t);
      |                  ^~~~~
arm-none-eabi-gcc -o "LCD_1.elf" @"objects.list"   -mcpu=cortex-m4 -T"C:\Users\marco\Desktop\Polimi\Materials\Sensor Systems\Labs\Lab3\LCD_1\LCD_1\STM32F401RETX_FLASH.ld" --specs=nosys.specs -Wl,-Map="LCD_1.map" -Wl,--gc-sections -static --specs=nano.specs -mfpu=fpv4-sp-d16 -mfloat-abi=hard -mthumb -Wl,--start-group -lc -lm -Wl,--end-group
Finished building target: LCD_1.elf
 
arm-none-eabi-size  LCD_1.elf 
arm-none-eabi-objdump -h -S LCD_1.elf  > "LCD_1.list"
   text	   data	    bss	    dec	    hex	filename
  11672	     72	   1728	  13472	   34a0	LCD_1.elf
Finished building: default.size.stdout
 
Finished building: LCD_1.list
 
10:57:21 **** Incremental Build of configuration Debug for project LCD_1 ****
make -j28 all 
arm-none-eabi-size  LCD_1.elf 
   text	   data	    bss	    dec	    hex	filename
  11672	     72	   1728	  13472	   34a0	LCD_1.elf
Finished building: default.size.stdout
 
10:57:51 **** Incremental Build of configuration Debug for project LCD_1 ****
make -j28 all 
arm-none-eabi-gcc "../Core/Src/main.c" -mcpu=cortex-m4 -std=gnu11 -g3 -DDEBUG -DUSE_HAL_DRIVER -DSTM32F401xE -c -I../Core/Inc -I../Drivers/STM32F4xx_HAL_Driver/Inc -I../Drivers/STM32F4xx_HAL_Driver/Inc/Legacy -I../Drivers/CMSIS/Device/ST/STM32F4xx/Include -I../Drivers/CMSIS/Include -O0 -ffunction-sections -fdata-sections -Wall -fstack-usage -fcyclomatic-complexity -MMD -MP -MF"Core/Src/main.d" -MT"Core/Src/main.o" --specs=nano.specs -mfpu=fpv4-sp-d16 -mfloat-abi=hard -mthumb -o "Core/Src/main.o"
../Core/Src/main.c: In function 'HAL_TIM_PeriodElapsedCallback':
../Core/Src/main.c:85:44: warning: passing argument 1 of 'lcd_println' discards 'const' qualifier from pointer target type [-Wdiscarded-qualifiers]
   85 |                           lcd_println(names[4], row);
      |                                       ~~~~~^~~
In file included from ../Core/Src/main.c:24:
../Core/Inc/PMDB16_LCD.h:52:18: note: expected 'char *' but argument is of type 'const char *'
   52 | void lcd_println(char*, uint8_t);
      |                  ^~~~~
../Core/Src/main.c:86:44: warning: passing argument 1 of 'lcd_println' discards 'const' qualifier from pointer target type [-Wdiscarded-qualifiers]
   86 |                           lcd_println(names[0], row+1);
      |                                       ~~~~~^~~
../Core/Inc/PMDB16_LCD.h:52:18: note: expected 'char *' but argument is of type 'const char *'
   52 | void lcd_println(char*, uint8_t);
      |                  ^~~~~
../Core/Src/main.c:92:42: warning: passing argument 1 of 'lcd_println' discards 'const' qualifier from pointer target type [-Wdiscarded-qualifiers]
   92 |                         lcd_println(names[name_index], row);
      |                                     ~~~~~^~~~~~~~~~~~
../Core/Inc/PMDB16_LCD.h:52:18: note: expected 'char *' but argument is of type 'const char *'
   52 | void lcd_println(char*, uint8_t);
      |                  ^~~~~
../Core/Src/main.c:93:42: warning: passing argument 1 of 'lcd_println' discards 'const' qualifier from pointer target type [-Wdiscarded-qualifiers]
   93 |                         lcd_println(names[name_index+1], row+1);
      |                                     ~~~~~^~~~~~~~~~~~~~
../Core/Inc/PMDB16_LCD.h:52:18: note: expected 'char *' but argument is of type 'const char *'
   52 | void lcd_println(char*, uint8_t);
      |                  ^~~~~
arm-none-eabi-gcc -o "LCD_1.elf" @"objects.list"   -mcpu=cortex-m4 -T"C:\Users\marco\Desktop\Polimi\Materials\Sensor Systems\Labs\Lab3\LCD_1\LCD_1\STM32F401RETX_FLASH.ld" --specs=nosys.specs -Wl,-Map="LCD_1.map" -Wl,--gc-sections -static --specs=nano.specs -mfpu=fpv4-sp-d16 -mfloat-abi=hard -mthumb -Wl,--start-group -lc -lm -Wl,--end-group
Finished building target: LCD_1.elf
 
arm-none-eabi-size  LCD_1.elf 
arm-none-eabi-objdump -h -S LCD_1.elf  > "LCD_1.list"
   text	   data	    bss	    dec	    hex	filename
  11672	     72	   1728	  13472	   34a0	LCD_1.elf
Finished building: default.size.stdout
 
Finished building: LCD_1.list
 
10:58:31 **** Incremental Build of configuration Debug for project LCD_1 ****
make -j28 all 
arm-none-eabi-gcc "../Core/Src/main.c" -mcpu=cortex-m4 -std=gnu11 -g3 -DDEBUG -DUSE_HAL_DRIVER -DSTM32F401xE -c -I../Core/Inc -I../Drivers/STM32F4xx_HAL_Driver/Inc -I../Drivers/STM32F4xx_HAL_Driver/Inc/Legacy -I../Drivers/CMSIS/Device/ST/STM32F4xx/Include -I../Drivers/CMSIS/Include -O0 -ffunction-sections -fdata-sections -Wall -fstack-usage -fcyclomatic-complexity -MMD -MP -MF"Core/Src/main.d" -MT"Core/Src/main.o" --specs=nano.specs -mfpu=fpv4-sp-d16 -mfloat-abi=hard -mthumb -o "Core/Src/main.o"
../Core/Src/main.c: In function 'HAL_TIM_PeriodElapsedCallback':
../Core/Src/main.c:85:44: warning: passing argument 1 of 'lcd_println' discards 'const' qualifier from pointer target type [-Wdiscarded-qualifiers]
   85 |                           lcd_println(names[4], row);
      |                                       ~~~~~^~~
In file included from ../Core/Src/main.c:24:
../Core/Inc/PMDB16_LCD.h:52:18: note: expected 'char *' but argument is of type 'const char *'
   52 | void lcd_println(char*, uint8_t);
      |                  ^~~~~
../Core/Src/main.c:86:44: warning: passing argument 1 of 'lcd_println' discards 'const' qualifier from pointer target type [-Wdiscarded-qualifiers]
   86 |                           lcd_println(names[0], row+1);
      |                                       ~~~~~^~~
../Core/Inc/PMDB16_LCD.h:52:18: note: expected 'char *' but argument is of type 'const char *'
   52 | void lcd_println(char*, uint8_t);
      |                  ^~~~~
../Core/Src/main.c:93:50: warning: passing argument 1 of 'lcd_println' discards 'const' qualifier from pointer target type [-Wdiscarded-qualifiers]
   93 |                                 lcd_println(names[name_index], row);
      |                                             ~~~~~^~~~~~~~~~~~
../Core/Inc/PMDB16_LCD.h:52:18: note: expected 'char *' but argument is of type 'const char *'
   52 | void lcd_println(char*, uint8_t);
      |                  ^~~~~
../Core/Src/main.c:94:50: warning: passing argument 1 of 'lcd_println' discards 'const' qualifier from pointer target type [-Wdiscarded-qualifiers]
   94 |                                 lcd_println(names[name_index+1], row+1);
      |                                             ~~~~~^~~~~~~~~~~~~~
../Core/Inc/PMDB16_LCD.h:52:18: note: expected 'char *' but argument is of type 'const char *'
   52 | void lcd_println(char*, uint8_t);
      |                  ^~~~~
arm-none-eabi-gcc -o "LCD_1.elf" @"objects.list"   -mcpu=cortex-m4 -T"C:\Users\marco\Desktop\Polimi\Materials\Sensor Systems\Labs\Lab3\LCD_1\LCD_1\STM32F401RETX_FLASH.ld" --specs=nosys.specs -Wl,-Map="LCD_1.map" -Wl,--gc-sections -static --specs=nano.specs -mfpu=fpv4-sp-d16 -mfloat-abi=hard -mthumb -Wl,--start-group -lc -lm -Wl,--end-group
Finished building target: LCD_1.elf
 
arm-none-eabi-size  LCD_1.elf 
arm-none-eabi-objdump -h -S LCD_1.elf  > "LCD_1.list"
   text	   data	    bss	    dec	    hex	filename
  11672	     72	   1728	  13472	   34a0	LCD_1.elf
Finished building: default.size.stdout
 
Finished building: LCD_1.list
 
11:02:00 **** Incremental Build of configuration Debug for project LCD_1 ****
make -j28 all 
arm-none-eabi-gcc "../Core/Src/main.c" -mcpu=cortex-m4 -std=gnu11 -g3 -DDEBUG -DUSE_HAL_DRIVER -DSTM32F401xE -c -I../Core/Inc -I../Drivers/STM32F4xx_HAL_Driver/Inc -I../Drivers/STM32F4xx_HAL_Driver/Inc/Legacy -I../Drivers/CMSIS/Device/ST/STM32F4xx/Include -I../Drivers/CMSIS/Include -O0 -ffunction-sections -fdata-sections -Wall -fstack-usage -fcyclomatic-complexity -MMD -MP -MF"Core/Src/main.d" -MT"Core/Src/main.o" --specs=nano.specs -mfpu=fpv4-sp-d16 -mfloat-abi=hard -mthumb -o "Core/Src/main.o"
../Core/Src/main.c: In function 'HAL_TIM_PeriodElapsedCallback':
../Core/Src/main.c:83:50: warning: passing argument 1 of 'lcd_println' discards 'const' qualifier from pointer target type [-Wdiscarded-qualifiers]
   83 |                                 lcd_println(names[4], row);
      |                                             ~~~~~^~~
In file included from ../Core/Src/main.c:24:
../Core/Inc/PMDB16_LCD.h:52:18: note: expected 'char *' but argument is of type 'const char *'
   52 | void lcd_println(char*, uint8_t);
      |                  ^~~~~
../Core/Src/main.c:84:50: warning: passing argument 1 of 'lcd_println' discards 'const' qualifier from pointer target type [-Wdiscarded-qualifiers]
   84 |                                 lcd_println(names[0], row+1);
      |                                             ~~~~~^~~
../Core/Inc/PMDB16_LCD.h:52:18: note: expected 'char *' but argument is of type 'const char *'
   52 | void lcd_println(char*, uint8_t);
      |                  ^~~~~
../Core/Src/main.c:91:36: error: 'flag_first_round' undeclared (first use in this function)
   91 |                                 if(flag_first_round == 0)
      |                                    ^~~~~~~~~~~~~~~~
../Core/Src/main.c:91:36: note: each undeclared identifier is reported only once for each function it appears in
../Core/Src/main.c:93:58: warning: passing argument 1 of 'lcd_println' discards 'const' qualifier from pointer target type [-Wdiscarded-qualifiers]
   93 |                                         lcd_println(names[name_index], row+1); // initialize with member 1
      |                                                     ~~~~~^~~~~~~~~~~~
../Core/Inc/PMDB16_LCD.h:52:18: note: expected 'char *' but argument is of type 'const char *'
   52 | void lcd_println(char*, uint8_t);
      |                  ^~~~~
../Core/Src/main.c:98:58: warning: passing argument 1 of 'lcd_println' discards 'const' qualifier from pointer target type [-Wdiscarded-qualifiers]
   98 |                                         lcd_println(names[name_index], row);
      |                                                     ~~~~~^~~~~~~~~~~~
../Core/Inc/PMDB16_LCD.h:52:18: note: expected 'char *' but argument is of type 'const char *'
   52 | void lcd_println(char*, uint8_t);
      |                  ^~~~~
../Core/Src/main.c:99:58: warning: passing argument 1 of 'lcd_println' discards 'const' qualifier from pointer target type [-Wdiscarded-qualifiers]
   99 |                                         lcd_println(names[name_index+1], row+1);
      |                                                     ~~~~~^~~~~~~~~~~~~~
../Core/Inc/PMDB16_LCD.h:52:18: note: expected 'char *' but argument is of type 'const char *'
   52 | void lcd_println(char*, uint8_t);
      |                  ^~~~~
make: *** [Core/Src/subdir.mk:37: Core/Src/main.o] Error 1
"make -j28 all" terminated with exit code 2. Build might be incomplete.
11:02:59 **** Incremental Build of configuration Debug for project LCD_1 ****
make -j28 all 
arm-none-eabi-gcc "../Core/Src/main.c" -mcpu=cortex-m4 -std=gnu11 -g3 -DDEBUG -DUSE_HAL_DRIVER -DSTM32F401xE -c -I../Core/Inc -I../Drivers/STM32F4xx_HAL_Driver/Inc -I../Drivers/STM32F4xx_HAL_Driver/Inc/Legacy -I../Drivers/CMSIS/Device/ST/STM32F4xx/Include -I../Drivers/CMSIS/Include -O0 -ffunction-sections -fdata-sections -Wall -fstack-usage -fcyclomatic-complexity -MMD -MP -MF"Core/Src/main.d" -MT"Core/Src/main.o" --specs=nano.specs -mfpu=fpv4-sp-d16 -mfloat-abi=hard -mthumb -o "Core/Src/main.o"
../Core/Src/main.c: In function 'HAL_TIM_PeriodElapsedCallback':
../Core/Src/main.c:84:50: warning: passing argument 1 of 'lcd_println' discards 'const' qualifier from pointer target type [-Wdiscarded-qualifiers]
   84 |                                 lcd_println(names[4], row);
      |                                             ~~~~~^~~
In file included from ../Core/Src/main.c:24:
../Core/Inc/PMDB16_LCD.h:52:18: note: expected 'char *' but argument is of type 'const char *'
   52 | void lcd_println(char*, uint8_t);
      |                  ^~~~~
../Core/Src/main.c:85:50: warning: passing argument 1 of 'lcd_println' discards 'const' qualifier from pointer target type [-Wdiscarded-qualifiers]
   85 |                                 lcd_println(names[0], row+1);
      |                                             ~~~~~^~~
../Core/Inc/PMDB16_LCD.h:52:18: note: expected 'char *' but argument is of type 'const char *'
   52 | void lcd_println(char*, uint8_t);
      |                  ^~~~~
../Core/Src/main.c:94:58: warning: passing argument 1 of 'lcd_println' discards 'const' qualifier from pointer target type [-Wdiscarded-qualifiers]
   94 |                                         lcd_println(names[name_index], row+1); // initialize with member 1
      |                                                     ~~~~~^~~~~~~~~~~~
../Core/Inc/PMDB16_LCD.h:52:18: note: expected 'char *' but argument is of type 'const char *'
   52 | void lcd_println(char*, uint8_t);
      |                  ^~~~~
../Core/Src/main.c:100:58: warning: passing argument 1 of 'lcd_println' discards 'const' qualifier from pointer target type [-Wdiscarded-qualifiers]
  100 |                                         lcd_println(names[name_index], row);
      |                                                     ~~~~~^~~~~~~~~~~~
../Core/Inc/PMDB16_LCD.h:52:18: note: expected 'char *' but argument is of type 'const char *'
   52 | void lcd_println(char*, uint8_t);
      |                  ^~~~~
../Core/Src/main.c:101:58: warning: passing argument 1 of 'lcd_println' discards 'const' qualifier from pointer target type [-Wdiscarded-qualifiers]
  101 |                                         lcd_println(names[name_index+1], row+1);
      |                                                     ~~~~~^~~~~~~~~~~~~~
../Core/Inc/PMDB16_LCD.h:52:18: note: expected 'char *' but argument is of type 'const char *'
   52 | void lcd_println(char*, uint8_t);
      |                  ^~~~~
arm-none-eabi-gcc -o "LCD_1.elf" @"objects.list"   -mcpu=cortex-m4 -T"C:\Users\marco\Desktop\Polimi\Materials\Sensor Systems\Labs\Lab3\LCD_1\LCD_1\STM32F401RETX_FLASH.ld" --specs=nosys.specs -Wl,-Map="LCD_1.map" -Wl,--gc-sections -static --specs=nano.specs -mfpu=fpv4-sp-d16 -mfloat-abi=hard -mthumb -Wl,--start-group -lc -lm -Wl,--end-group
Finished building target: LCD_1.elf
 
arm-none-eabi-size  LCD_1.elf 
arm-none-eabi-objdump -h -S LCD_1.elf  > "LCD_1.list"
   text	   data	    bss	    dec	    hex	filename
  11720	     72	   1728	  13520	   34d0	LCD_1.elf
Finished building: default.size.stdout
 
Finished building: LCD_1.list
 
