../Core/Src/main.c:146:6:HAL_TIM_PeriodElapsedCallback	16	static
../Core/Src/main.c:152:6:HAL_GPIO_EXTI_Callback	16	static
../Core/Src/main.c:173:6:playnote	104	static
../Core/Src/main.c:254:6:playsong	16	static
../Core/Src/main.c:270:5:main	8	static
../Core/Src/main.c:320:6:SystemClock_Config	88	static
../Core/Src/main.c:367:13:MX_TIM1_Init	96	static
../Core/Src/main.c:443:13:MX_TIM2_Init	32	static
../Core/Src/main.c:488:13:MX_USART2_UART_Init	8	static
../Core/Src/main.c:521:13:MX_GPIO_Init	48	static
../Core/Src/main.c:571:6:Error_Handler	4	static,ignoring_inline_asm
