../Core/Src/main.c:90:6:HAL_TIM_PeriodElapsedCallback	16	static
../Core/Src/main.c:101:6:HAL_SPI_TxCpltCallback	16	static
../Core/Src/main.c:111:5:main	8	static
../Core/Src/main.c:161:6:SystemClock_Config	88	static
../Core/Src/main.c:208:13:MX_SPI1_Init	8	static
../Core/Src/main.c:246:13:MX_TIM2_Init	32	static
../Core/Src/main.c:291:13:MX_TIM3_Init	32	static
../Core/Src/main.c:334:13:MX_DMA_Init	16	static
../Core/Src/main.c:352:13:MX_GPIO_Init	48	static
../Core/Src/main.c:392:6:Error_Handler	4	static,ignoring_inline_asm
