../Core/Src/main.c:69:6:HAL_TIM_PeriodElapsedCallback	16	static
../Core/Src/main.c:74:6:UART_IR_sendByte	24	static
../Core/Src/main.c:94:6:HAL_UART_RxCpltCallback	16	static
../Core/Src/main.c:112:5:main	8	static
../Core/Src/main.c:165:6:SystemClock_Config	88	static
../Core/Src/main.c:212:13:MX_TIM2_Init	64	static
../Core/Src/main.c:271:13:MX_TIM10_Init	8	static
../Core/Src/main.c:302:13:MX_USART1_UART_Init	8	static
../Core/Src/main.c:335:13:MX_USART2_UART_Init	8	static
../Core/Src/main.c:368:13:MX_GPIO_Init	48	static
../Core/Src/main.c:408:6:Error_Handler	4	static,ignoring_inline_asm
