10:53:41 **** Build of configuration Debug for project 2c_play_a_song_snap ****
make -j28 all 
arm-none-eabi-gcc "../Drivers/STM32F4xx_HAL_Driver/Src/stm32f4xx_hal.c" -mcpu=cortex-m4 -std=gnu11 -g3 -DDEBUG -DUSE_HAL_DRIVER -DSTM32F401xE -c -I../Core/Inc -I../Drivers/STM32F4xx_HAL_Driver/Inc -I../Drivers/STM32F4xx_HAL_Driver/Inc/Legacy -I../Drivers/CMSIS/Device/ST/STM32F4xx/Include -I../Drivers/CMSIS/Include -O0 -ffunction-sections -fdata-sections -Wall -fstack-usage -fcyclomatic-complexity -MMD -MP -MF"Drivers/STM32F4xx_HAL_Driver/Src/stm32f4xx_hal.d" -MT"Drivers/STM32F4xx_HAL_Driver/Src/stm32f4xx_hal.o" --specs=nano.specs -mfpu=fpv4-sp-d16 -mfloat-abi=hard -mthumb -o "Drivers/STM32F4xx_HAL_Driver/Src/stm32f4xx_hal.o"
arm-none-eabi-gcc "../Drivers/STM32F4xx_HAL_Driver/Src/stm32f4xx_hal_cortex.c" -mcpu=cortex-m4 -std=gnu11 -g3 -DDEBUG -DUSE_HAL_DRIVER -DSTM32F401xE -c -I../Core/Inc -I../Drivers/STM32F4xx_HAL_Driver/Inc -I../Drivers/STM32F4xx_HAL_Driver/Inc/Legacy -I../Drivers/CMSIS/Device/ST/STM32F4xx/Include -I../Drivers/CMSIS/Include -O0 -ffunction-sections -fdata-sections -Wall -fstack-usage -fcyclomatic-complexity -MMD -MP -MF"Drivers/STM32F4xx_HAL_Driver/Src/stm32f4xx_hal_cortex.d" -MT"Drivers/STM32F4xx_HAL_Driver/Src/stm32f4xx_hal_cortex.o" --specs=nano.specs -mfpu=fpv4-sp-d16 -mfloat-abi=hard -mthumb -o "Drivers/STM32F4xx_HAL_Driver/Src/stm32f4xx_hal_cortex.o"
arm-none-eabi-gcc "../Drivers/STM32F4xx_HAL_Driver/Src/stm32f4xx_hal_dma.c" -mcpu=cortex-m4 -std=gnu11 -g3 -DDEBUG -DUSE_HAL_DRIVER -DSTM32F401xE -c -I../Core/Inc -I../Drivers/STM32F4xx_HAL_Driver/Inc -I../Drivers/STM32F4xx_HAL_Driver/Inc/Legacy -I../Drivers/CMSIS/Device/ST/STM32F4xx/Include -I../Drivers/CMSIS/Include -O0 -ffunction-sections -fdata-sections -Wall -fstack-usage -fcyclomatic-complexity -MMD -MP -MF"Drivers/STM32F4xx_HAL_Driver/Src/stm32f4xx_hal_dma.d" -MT"Drivers/STM32F4xx_HAL_Driver/Src/stm32f4xx_hal_dma.o" --specs=nano.specs -mfpu=fpv4-sp-d16 -mfloat-abi=hard -mthumb -o "Drivers/STM32F4xx_HAL_Driver/Src/stm32f4xx_hal_dma.o"
arm-none-eabi-gcc "../Drivers/STM32F4xx_HAL_Driver/Src/stm32f4xx_hal_dma_ex.c" -mcpu=cortex-m4 -std=gnu11 -g3 -DDEBUG -DUSE_HAL_DRIVER -DSTM32F401xE -c -I../Core/Inc -I../Drivers/STM32F4xx_HAL_Driver/Inc -I../Drivers/STM32F4xx_HAL_Driver/Inc/Legacy -I../Drivers/CMSIS/Device/ST/STM32F4xx/Include -I../Drivers/CMSIS/Include -O0 -ffunction-sections -fdata-sections -Wall -fstack-usage -fcyclomatic-complexity -MMD -MP -MF"Drivers/STM32F4xx_HAL_Driver/Src/stm32f4xx_hal_dma_ex.d" -MT"Drivers/STM32F4xx_HAL_Driver/Src/stm32f4xx_hal_dma_ex.o" --specs=nano.specs -mfpu=fpv4-sp-d16 -mfloat-abi=hard -mthumb -o "Drivers/STM32F4xx_HAL_Driver/Src/stm32f4xx_hal_dma_ex.o"
arm-none-eabi-gcc "../Drivers/STM32F4xx_HAL_Driver/Src/stm32f4xx_hal_exti.c" -mcpu=cortex-m4 -std=gnu11 -g3 -DDEBUG -DUSE_HAL_DRIVER -DSTM32F401xE -c -I../Core/Inc -I../Drivers/STM32F4xx_HAL_Driver/Inc -I../Drivers/STM32F4xx_HAL_Driver/Inc/Legacy -I../Drivers/CMSIS/Device/ST/STM32F4xx/Include -I../Drivers/CMSIS/Include -O0 -ffunction-sections -fdata-sections -Wall -fstack-usage -fcyclomatic-complexity -MMD -MP -MF"Drivers/STM32F4xx_HAL_Driver/Src/stm32f4xx_hal_exti.d" -MT"Drivers/STM32F4xx_HAL_Driver/Src/stm32f4xx_hal_exti.o" --specs=nano.specs -mfpu=fpv4-sp-d16 -mfloat-abi=hard -mthumb -o "Drivers/STM32F4xx_HAL_Driver/Src/stm32f4xx_hal_exti.o"
arm-none-eabi-gcc "../Drivers/STM32F4xx_HAL_Driver/Src/stm32f4xx_hal_flash.c" -mcpu=cortex-m4 -std=gnu11 -g3 -DDEBUG -DUSE_HAL_DRIVER -DSTM32F401xE -c -I../Core/Inc -I../Drivers/STM32F4xx_HAL_Driver/Inc -I../Drivers/STM32F4xx_HAL_Driver/Inc/Legacy -I../Drivers/CMSIS/Device/ST/STM32F4xx/Include -I../Drivers/CMSIS/Include -O0 -ffunction-sections -fdata-sections -Wall -fstack-usage -fcyclomatic-complexity -MMD -MP -MF"Drivers/STM32F4xx_HAL_Driver/Src/stm32f4xx_hal_flash.d" -MT"Drivers/STM32F4xx_HAL_Driver/Src/stm32f4xx_hal_flash.o" --specs=nano.specs -mfpu=fpv4-sp-d16 -mfloat-abi=hard -mthumb -o "Drivers/STM32F4xx_HAL_Driver/Src/stm32f4xx_hal_flash.o"
arm-none-eabi-gcc "../Drivers/STM32F4xx_HAL_Driver/Src/stm32f4xx_hal_flash_ex.c" -mcpu=cortex-m4 -std=gnu11 -g3 -DDEBUG -DUSE_HAL_DRIVER -DSTM32F401xE -c -I../Core/Inc -I../Drivers/STM32F4xx_HAL_Driver/Inc -I../Drivers/STM32F4xx_HAL_Driver/Inc/Legacy -I../Drivers/CMSIS/Device/ST/STM32F4xx/Include -I../Drivers/CMSIS/Include -O0 -ffunction-sections -fdata-sections -Wall -fstack-usage -fcyclomatic-complexity -MMD -MP -MF"Drivers/STM32F4xx_HAL_Driver/Src/stm32f4xx_hal_flash_ex.d" -MT"Drivers/STM32F4xx_HAL_Driver/Src/stm32f4xx_hal_flash_ex.o" --specs=nano.specs -mfpu=fpv4-sp-d16 -mfloat-abi=hard -mthumb -o "Drivers/STM32F4xx_HAL_Driver/Src/stm32f4xx_hal_flash_ex.o"
arm-none-eabi-gcc "../Drivers/STM32F4xx_HAL_Driver/Src/stm32f4xx_hal_flash_ramfunc.c" -mcpu=cortex-m4 -std=gnu11 -g3 -DDEBUG -DUSE_HAL_DRIVER -DSTM32F401xE -c -I../Core/Inc -I../Drivers/STM32F4xx_HAL_Driver/Inc -I../Drivers/STM32F4xx_HAL_Driver/Inc/Legacy -I../Drivers/CMSIS/Device/ST/STM32F4xx/Include -I../Drivers/CMSIS/Include -O0 -ffunction-sections -fdata-sections -Wall -fstack-usage -fcyclomatic-complexity -MMD -MP -MF"Drivers/STM32F4xx_HAL_Driver/Src/stm32f4xx_hal_flash_ramfunc.d" -MT"Drivers/STM32F4xx_HAL_Driver/Src/stm32f4xx_hal_flash_ramfunc.o" --specs=nano.specs -mfpu=fpv4-sp-d16 -mfloat-abi=hard -mthumb -o "Drivers/STM32F4xx_HAL_Driver/Src/stm32f4xx_hal_flash_ramfunc.o"
arm-none-eabi-gcc "../Drivers/STM32F4xx_HAL_Driver/Src/stm32f4xx_hal_gpio.c" -mcpu=cortex-m4 -std=gnu11 -g3 -DDEBUG -DUSE_HAL_DRIVER -DSTM32F401xE -c -I../Core/Inc -I../Drivers/STM32F4xx_HAL_Driver/Inc -I../Drivers/STM32F4xx_HAL_Driver/Inc/Legacy -I../Drivers/CMSIS/Device/ST/STM32F4xx/Include -I../Drivers/CMSIS/Include -O0 -ffunction-sections -fdata-sections -Wall -fstack-usage -fcyclomatic-complexity -MMD -MP -MF"Drivers/STM32F4xx_HAL_Driver/Src/stm32f4xx_hal_gpio.d" -MT"Drivers/STM32F4xx_HAL_Driver/Src/stm32f4xx_hal_gpio.o" --specs=nano.specs -mfpu=fpv4-sp-d16 -mfloat-abi=hard -mthumb -o "Drivers/STM32F4xx_HAL_Driver/Src/stm32f4xx_hal_gpio.o"
arm-none-eabi-gcc "../Drivers/STM32F4xx_HAL_Driver/Src/stm32f4xx_hal_pwr.c" -mcpu=cortex-m4 -std=gnu11 -g3 -DDEBUG -DUSE_HAL_DRIVER -DSTM32F401xE -c -I../Core/Inc -I../Drivers/STM32F4xx_HAL_Driver/Inc -I../Drivers/STM32F4xx_HAL_Driver/Inc/Legacy -I../Drivers/CMSIS/Device/ST/STM32F4xx/Include -I../Drivers/CMSIS/Include -O0 -ffunction-sections -fdata-sections -Wall -fstack-usage -fcyclomatic-complexity -MMD -MP -MF"Drivers/STM32F4xx_HAL_Driver/Src/stm32f4xx_hal_pwr.d" -MT"Drivers/STM32F4xx_HAL_Driver/Src/stm32f4xx_hal_pwr.o" --specs=nano.specs -mfpu=fpv4-sp-d16 -mfloat-abi=hard -mthumb -o "Drivers/STM32F4xx_HAL_Driver/Src/stm32f4xx_hal_pwr.o"
arm-none-eabi-gcc "../Drivers/STM32F4xx_HAL_Driver/Src/stm32f4xx_hal_pwr_ex.c" -mcpu=cortex-m4 -std=gnu11 -g3 -DDEBUG -DUSE_HAL_DRIVER -DSTM32F401xE -c -I../Core/Inc -I../Drivers/STM32F4xx_HAL_Driver/Inc -I../Drivers/STM32F4xx_HAL_Driver/Inc/Legacy -I../Drivers/CMSIS/Device/ST/STM32F4xx/Include -I../Drivers/CMSIS/Include -O0 -ffunction-sections -fdata-sections -Wall -fstack-usage -fcyclomatic-complexity -MMD -MP -MF"Drivers/STM32F4xx_HAL_Driver/Src/stm32f4xx_hal_pwr_ex.d" -MT"Drivers/STM32F4xx_HAL_Driver/Src/stm32f4xx_hal_pwr_ex.o" --specs=nano.specs -mfpu=fpv4-sp-d16 -mfloat-abi=hard -mthumb -o "Drivers/STM32F4xx_HAL_Driver/Src/stm32f4xx_hal_pwr_ex.o"
arm-none-eabi-gcc "../Drivers/STM32F4xx_HAL_Driver/Src/stm32f4xx_hal_rcc.c" -mcpu=cortex-m4 -std=gnu11 -g3 -DDEBUG -DUSE_HAL_DRIVER -DSTM32F401xE -c -I../Core/Inc -I../Drivers/STM32F4xx_HAL_Driver/Inc -I../Drivers/STM32F4xx_HAL_Driver/Inc/Legacy -I../Drivers/CMSIS/Device/ST/STM32F4xx/Include -I../Drivers/CMSIS/Include -O0 -ffunction-sections -fdata-sections -Wall -fstack-usage -fcyclomatic-complexity -MMD -MP -MF"Drivers/STM32F4xx_HAL_Driver/Src/stm32f4xx_hal_rcc.d" -MT"Drivers/STM32F4xx_HAL_Driver/Src/stm32f4xx_hal_rcc.o" --specs=nano.specs -mfpu=fpv4-sp-d16 -mfloat-abi=hard -mthumb -o "Drivers/STM32F4xx_HAL_Driver/Src/stm32f4xx_hal_rcc.o"
arm-none-eabi-gcc "../Drivers/STM32F4xx_HAL_Driver/Src/stm32f4xx_hal_rcc_ex.c" -mcpu=cortex-m4 -std=gnu11 -g3 -DDEBUG -DUSE_HAL_DRIVER -DSTM32F401xE -c -I../Core/Inc -I../Drivers/STM32F4xx_HAL_Driver/Inc -I../Drivers/STM32F4xx_HAL_Driver/Inc/Legacy -I../Drivers/CMSIS/Device/ST/STM32F4xx/Include -I../Drivers/CMSIS/Include -O0 -ffunction-sections -fdata-sections -Wall -fstack-usage -fcyclomatic-complexity -MMD -MP -MF"Drivers/STM32F4xx_HAL_Driver/Src/stm32f4xx_hal_rcc_ex.d" -MT"Drivers/STM32F4xx_HAL_Driver/Src/stm32f4xx_hal_rcc_ex.o" --specs=nano.specs -mfpu=fpv4-sp-d16 -mfloat-abi=hard -mthumb -o "Drivers/STM32F4xx_HAL_Driver/Src/stm32f4xx_hal_rcc_ex.o"
arm-none-eabi-gcc "../Drivers/STM32F4xx_HAL_Driver/Src/stm32f4xx_hal_tim.c" -mcpu=cortex-m4 -std=gnu11 -g3 -DDEBUG -DUSE_HAL_DRIVER -DSTM32F401xE -c -I../Core/Inc -I../Drivers/STM32F4xx_HAL_Driver/Inc -I../Drivers/STM32F4xx_HAL_Driver/Inc/Legacy -I../Drivers/CMSIS/Device/ST/STM32F4xx/Include -I../Drivers/CMSIS/Include -O0 -ffunction-sections -fdata-sections -Wall -fstack-usage -fcyclomatic-complexity -MMD -MP -MF"Drivers/STM32F4xx_HAL_Driver/Src/stm32f4xx_hal_tim.d" -MT"Drivers/STM32F4xx_HAL_Driver/Src/stm32f4xx_hal_tim.o" --specs=nano.specs -mfpu=fpv4-sp-d16 -mfloat-abi=hard -mthumb -o "Drivers/STM32F4xx_HAL_Driver/Src/stm32f4xx_hal_tim.o"
arm-none-eabi-gcc "../Drivers/STM32F4xx_HAL_Driver/Src/stm32f4xx_hal_tim_ex.c" -mcpu=cortex-m4 -std=gnu11 -g3 -DDEBUG -DUSE_HAL_DRIVER -DSTM32F401xE -c -I../Core/Inc -I../Drivers/STM32F4xx_HAL_Driver/Inc -I../Drivers/STM32F4xx_HAL_Driver/Inc/Legacy -I../Drivers/CMSIS/Device/ST/STM32F4xx/Include -I../Drivers/CMSIS/Include -O0 -ffunction-sections -fdata-sections -Wall -fstack-usage -fcyclomatic-complexity -MMD -MP -MF"Drivers/STM32F4xx_HAL_Driver/Src/stm32f4xx_hal_tim_ex.d" -MT"Drivers/STM32F4xx_HAL_Driver/Src/stm32f4xx_hal_tim_ex.o" --specs=nano.specs -mfpu=fpv4-sp-d16 -mfloat-abi=hard -mthumb -o "Drivers/STM32F4xx_HAL_Driver/Src/stm32f4xx_hal_tim_ex.o"
arm-none-eabi-gcc "../Drivers/STM32F4xx_HAL_Driver/Src/stm32f4xx_hal_uart.c" -mcpu=cortex-m4 -std=gnu11 -g3 -DDEBUG -DUSE_HAL_DRIVER -DSTM32F401xE -c -I../Core/Inc -I../Drivers/STM32F4xx_HAL_Driver/Inc -I../Drivers/STM32F4xx_HAL_Driver/Inc/Legacy -I../Drivers/CMSIS/Device/ST/STM32F4xx/Include -I../Drivers/CMSIS/Include -O0 -ffunction-sections -fdata-sections -Wall -fstack-usage -fcyclomatic-complexity -MMD -MP -MF"Drivers/STM32F4xx_HAL_Driver/Src/stm32f4xx_hal_uart.d" -MT"Drivers/STM32F4xx_HAL_Driver/Src/stm32f4xx_hal_uart.o" --specs=nano.specs -mfpu=fpv4-sp-d16 -mfloat-abi=hard -mthumb -o "Drivers/STM32F4xx_HAL_Driver/Src/stm32f4xx_hal_uart.o"
arm-none-eabi-gcc -mcpu=cortex-m4 -g3 -DDEBUG -c -x assembler-with-cpp -MMD -MP -MF"Core/Startup/startup_stm32f401retx.d" -MT"Core/Startup/startup_stm32f401retx.o" --specs=nano.specs -mfpu=fpv4-sp-d16 -mfloat-abi=hard -mthumb -o "Core/Startup/startup_stm32f401retx.o" "../Core/Startup/startup_stm32f401retx.s"
arm-none-eabi-gcc "../Core/Src/main.c" -mcpu=cortex-m4 -std=gnu11 -g3 -DDEBUG -DUSE_HAL_DRIVER -DSTM32F401xE -c -I../Core/Inc -I../Drivers/STM32F4xx_HAL_Driver/Inc -I../Drivers/STM32F4xx_HAL_Driver/Inc/Legacy -I../Drivers/CMSIS/Device/ST/STM32F4xx/Include -I../Drivers/CMSIS/Include -O0 -ffunction-sections -fdata-sections -Wall -fstack-usage -fcyclomatic-complexity -MMD -MP -MF"Core/Src/main.d" -MT"Core/Src/main.o" --specs=nano.specs -mfpu=fpv4-sp-d16 -mfloat-abi=hard -mthumb -o "Core/Src/main.o"
arm-none-eabi-gcc "../Core/Src/stm32f4xx_hal_msp.c" -mcpu=cortex-m4 -std=gnu11 -g3 -DDEBUG -DUSE_HAL_DRIVER -DSTM32F401xE -c -I../Core/Inc -I../Drivers/STM32F4xx_HAL_Driver/Inc -I../Drivers/STM32F4xx_HAL_Driver/Inc/Legacy -I../Drivers/CMSIS/Device/ST/STM32F4xx/Include -I../Drivers/CMSIS/Include -O0 -ffunction-sections -fdata-sections -Wall -fstack-usage -fcyclomatic-complexity -MMD -MP -MF"Core/Src/stm32f4xx_hal_msp.d" -MT"Core/Src/stm32f4xx_hal_msp.o" --specs=nano.specs -mfpu=fpv4-sp-d16 -mfloat-abi=hard -mthumb -o "Core/Src/stm32f4xx_hal_msp.o"
arm-none-eabi-gcc "../Core/Src/stm32f4xx_it.c" -mcpu=cortex-m4 -std=gnu11 -g3 -DDEBUG -DUSE_HAL_DRIVER -DSTM32F401xE -c -I../Core/Inc -I../Drivers/STM32F4xx_HAL_Driver/Inc -I../Drivers/STM32F4xx_HAL_Driver/Inc/Legacy -I../Drivers/CMSIS/Device/ST/STM32F4xx/Include -I../Drivers/CMSIS/Include -O0 -ffunction-sections -fdata-sections -Wall -fstack-usage -fcyclomatic-complexity -MMD -MP -MF"Core/Src/stm32f4xx_it.d" -MT"Core/Src/stm32f4xx_it.o" --specs=nano.specs -mfpu=fpv4-sp-d16 -mfloat-abi=hard -mthumb -o "Core/Src/stm32f4xx_it.o"
arm-none-eabi-gcc "../Core/Src/syscalls.c" -mcpu=cortex-m4 -std=gnu11 -g3 -DDEBUG -DUSE_HAL_DRIVER -DSTM32F401xE -c -I../Core/Inc -I../Drivers/STM32F4xx_HAL_Driver/Inc -I../Drivers/STM32F4xx_HAL_Driver/Inc/Legacy -I../Drivers/CMSIS/Device/ST/STM32F4xx/Include -I../Drivers/CMSIS/Include -O0 -ffunction-sections -fdata-sections -Wall -fstack-usage -fcyclomatic-complexity -MMD -MP -MF"Core/Src/syscalls.d" -MT"Core/Src/syscalls.o" --specs=nano.specs -mfpu=fpv4-sp-d16 -mfloat-abi=hard -mthumb -o "Core/Src/syscalls.o"
arm-none-eabi-gcc "../Core/Src/sysmem.c" -mcpu=cortex-m4 -std=gnu11 -g3 -DDEBUG -DUSE_HAL_DRIVER -DSTM32F401xE -c -I../Core/Inc -I../Drivers/STM32F4xx_HAL_Driver/Inc -I../Drivers/STM32F4xx_HAL_Driver/Inc/Legacy -I../Drivers/CMSIS/Device/ST/STM32F4xx/Include -I../Drivers/CMSIS/Include -O0 -ffunction-sections -fdata-sections -Wall -fstack-usage -fcyclomatic-complexity -MMD -MP -MF"Core/Src/sysmem.d" -MT"Core/Src/sysmem.o" --specs=nano.specs -mfpu=fpv4-sp-d16 -mfloat-abi=hard -mthumb -o "Core/Src/sysmem.o"
arm-none-eabi-gcc "../Core/Src/system_stm32f4xx.c" -mcpu=cortex-m4 -std=gnu11 -g3 -DDEBUG -DUSE_HAL_DRIVER -DSTM32F401xE -c -I../Core/Inc -I../Drivers/STM32F4xx_HAL_Driver/Inc -I../Drivers/STM32F4xx_HAL_Driver/Inc/Legacy -I../Drivers/CMSIS/Device/ST/STM32F4xx/Include -I../Drivers/CMSIS/Include -O0 -ffunction-sections -fdata-sections -Wall -fstack-usage -fcyclomatic-complexity -MMD -MP -MF"Core/Src/system_stm32f4xx.d" -MT"Core/Src/system_stm32f4xx.o" --specs=nano.specs -mfpu=fpv4-sp-d16 -mfloat-abi=hard -mthumb -o "Core/Src/system_stm32f4xx.o"
../Core/Src/main.c: In function 'MX_TIM1_Init':
../Core/Src/main.c:400:21: error: 'note_playing' undeclared (first use in this function)
  400 |           HAL_Delay(note_playing.duration*TEMPO);
      |                     ^~~~~~~~~~~~
../Core/Src/main.c:400:21: note: each undeclared identifier is reported only once for each function it appears in
make: *** [Core/Src/subdir.mk:34: Core/Src/main.o] Error 1
make: *** Waiting for unfinished jobs....
"make -j28 all" terminated with exit code 2. Build might be incomplete.
10:56:13 **** Incremental Build of configuration Debug for project 2c_play_a_song_snap ****
make -j28 all 
arm-none-eabi-gcc "../Core/Src/main.c" -mcpu=cortex-m4 -std=gnu11 -g3 -DDEBUG -DUSE_HAL_DRIVER -DSTM32F401xE -c -I../Core/Inc -I../Drivers/STM32F4xx_HAL_Driver/Inc -I../Drivers/STM32F4xx_HAL_Driver/Inc/Legacy -I../Drivers/CMSIS/Device/ST/STM32F4xx/Include -I../Drivers/CMSIS/Include -O0 -ffunction-sections -fdata-sections -Wall -fstack-usage -fcyclomatic-complexity -MMD -MP -MF"Core/Src/main.d" -MT"Core/Src/main.o" --specs=nano.specs -mfpu=fpv4-sp-d16 -mfloat-abi=hard -mthumb -o "Core/Src/main.o"
../Core/Src/main.c: In function 'MX_TIM1_Init':
../Core/Src/main.c:400:21: error: 'note_playing' undeclared (first use in this function)
  400 |           HAL_Delay(note_playing.duration*TEMPO);
      |                     ^~~~~~~~~~~~
../Core/Src/main.c:400:21: note: each undeclared identifier is reported only once for each function it appears in
make: *** [Core/Src/subdir.mk:34: Core/Src/main.o] Error 1
"make -j28 all" terminated with exit code 2. Build might be incomplete.
10:58:50 **** Incremental Build of configuration Debug for project 2c_play_a_song_snap ****
make -j28 all 
arm-none-eabi-gcc "../Core/Src/main.c" -mcpu=cortex-m4 -std=gnu11 -g3 -DDEBUG -DUSE_HAL_DRIVER -DSTM32F401xE -c -I../Core/Inc -I../Drivers/STM32F4xx_HAL_Driver/Inc -I../Drivers/STM32F4xx_HAL_Driver/Inc/Legacy -I../Drivers/CMSIS/Device/ST/STM32F4xx/Include -I../Drivers/CMSIS/Include -O0 -ffunction-sections -fdata-sections -Wall -fstack-usage -fcyclomatic-complexity -MMD -MP -MF"Core/Src/main.d" -MT"Core/Src/main.o" --specs=nano.specs -mfpu=fpv4-sp-d16 -mfloat-abi=hard -mthumb -o "Core/Src/main.o"
arm-none-eabi-gcc -o "2c_play_a_song_snap.elf" @"objects.list"   -mcpu=cortex-m4 -T"C:\Users\marco\Desktop\Polimi\Materials\Sensor Systems\Labs\Lab2\Homework\2c_play_a_song_snap\2c_play_a_song_snap\STM32F401RETX_FLASH.ld" --specs=nosys.specs -Wl,-Map="2c_play_a_song_snap.map" -Wl,--gc-sections -static --specs=nano.specs -mfpu=fpv4-sp-d16 -mfloat-abi=hard -mthumb -Wl,--start-group -lc -lm -Wl,--end-group
Finished building target: 2c_play_a_song_snap.elf
 
arm-none-eabi-size  2c_play_a_song_snap.elf 
arm-none-eabi-objdump -h -S 2c_play_a_song_snap.elf  > "2c_play_a_song_snap.list"
   text	   data	    bss	    dec	    hex	filename
  11076	     12	   1716	  12804	   3204	2c_play_a_song_snap.elf
Finished building: default.size.stdout
 
Finished building: 2c_play_a_song_snap.list
 
11:01:02 **** Incremental Build of configuration Debug for project 2c_play_a_song_snap ****
make -j28 all 
arm-none-eabi-gcc "../Core/Src/main.c" -mcpu=cortex-m4 -std=gnu11 -g3 -DDEBUG -DUSE_HAL_DRIVER -DSTM32F401xE -c -I../Core/Inc -I../Drivers/STM32F4xx_HAL_Driver/Inc -I../Drivers/STM32F4xx_HAL_Driver/Inc/Legacy -I../Drivers/CMSIS/Device/ST/STM32F4xx/Include -I../Drivers/CMSIS/Include -O0 -ffunction-sections -fdata-sections -Wall -fstack-usage -fcyclomatic-complexity -MMD -MP -MF"Core/Src/main.d" -MT"Core/Src/main.o" --specs=nano.specs -mfpu=fpv4-sp-d16 -mfloat-abi=hard -mthumb -o "Core/Src/main.o"
../Core/Src/main.c: In function 'HAL_GPIO_EXTI_Callback':
../Core/Src/main.c:156:25: error: 'tick' undeclared (first use in this function); did you mean 'uwTick'?
  156 |                         tick = HAL_GetTick(); //this function returns the value of the system timer
      |                         ^~~~
      |                         uwTick
../Core/Src/main.c:156:25: note: each undeclared identifier is reported only once for each function it appears in
../Core/Src/main.c:157:25: error: 'delta' undeclared (first use in this function)
  157 |                         delta = last_tick - tick;
      |                         ^~~~~
../Core/Src/main.c:157:33: error: 'last_tick' undeclared (first use in this function)
  157 |                         delta = last_tick - tick;
      |                                 ^~~~~~~~~
../Core/Src/main.c:160:52: error: 'LED_PIN' undeclared (first use in this function)
  160 |                                 HAL_GPIO_TogglePin(LED_PIN);
      |                                                    ^~~~~~~
../Core/Src/main.c:160:33: error: too few arguments to function 'HAL_GPIO_TogglePin'
  160 |                                 HAL_GPIO_TogglePin(LED_PIN);
      |                                 ^~~~~~~~~~~~~~~~~~
In file included from ../Core/Inc/stm32f4xx_hal_conf.h:279,
                 from ../Drivers/STM32F4xx_HAL_Driver/Inc/stm32f4xx_hal.h:29,
                 from ../Core/Inc/main.h:30,
                 from ../Core/Src/main.c:20:
../Drivers/STM32F4xx_HAL_Driver/Inc/stm32f4xx_hal_gpio.h:236:6: note: declared here
  236 | void HAL_GPIO_TogglePin(GPIO_TypeDef* GPIOx, uint16_t GPIO_Pin);
      |      ^~~~~~~~~~~~~~~~~~
make: *** [Core/Src/subdir.mk:34: Core/Src/main.o] Error 1
"make -j28 all" terminated with exit code 2. Build might be incomplete.
11:01:37 **** Incremental Build of configuration Debug for project 2c_play_a_song_snap ****
make -j28 all 
arm-none-eabi-gcc "../Core/Src/main.c" -mcpu=cortex-m4 -std=gnu11 -g3 -DDEBUG -DUSE_HAL_DRIVER -DSTM32F401xE -c -I../Core/Inc -I../Drivers/STM32F4xx_HAL_Driver/Inc -I../Drivers/STM32F4xx_HAL_Driver/Inc/Legacy -I../Drivers/CMSIS/Device/ST/STM32F4xx/Include -I../Drivers/CMSIS/Include -O0 -ffunction-sections -fdata-sections -Wall -fstack-usage -fcyclomatic-complexity -MMD -MP -MF"Core/Src/main.d" -MT"Core/Src/main.o" --specs=nano.specs -mfpu=fpv4-sp-d16 -mfloat-abi=hard -mthumb -o "Core/Src/main.o"
arm-none-eabi-gcc -o "2c_play_a_song_snap.elf" @"objects.list"   -mcpu=cortex-m4 -T"C:\Users\marco\Desktop\Polimi\Materials\Sensor Systems\Labs\Lab2\Homework\2c_play_a_song_snap\2c_play_a_song_snap\STM32F401RETX_FLASH.ld" --specs=nosys.specs -Wl,-Map="2c_play_a_song_snap.map" -Wl,--gc-sections -static --specs=nano.specs -mfpu=fpv4-sp-d16 -mfloat-abi=hard -mthumb -Wl,--start-group -lc -lm -Wl,--end-group
Finished building target: 2c_play_a_song_snap.elf
 
arm-none-eabi-size  2c_play_a_song_snap.elf 
arm-none-eabi-objdump -h -S 2c_play_a_song_snap.elf  > "2c_play_a_song_snap.list"
   text	   data	    bss	    dec	    hex	filename
  11076	     12	   1716	  12804	   3204	2c_play_a_song_snap.elf
Finished building: default.size.stdout
 
Finished building: 2c_play_a_song_snap.list
 
11:03:23 **** Incremental Build of configuration Debug for project 2c_play_a_song_snap ****
make -j28 all 
arm-none-eabi-size  2c_play_a_song_snap.elf 
   text	   data	    bss	    dec	    hex	filename
  11076	     12	   1716	  12804	   3204	2c_play_a_song_snap.elf
Finished building: default.size.stdout
 
11:04:52 **** Incremental Build of configuration Debug for project 2c_play_a_song_snap ****
make -j28 all 
arm-none-eabi-gcc "../Core/Src/main.c" -mcpu=cortex-m4 -std=gnu11 -g3 -DDEBUG -DUSE_HAL_DRIVER -DSTM32F401xE -c -I../Core/Inc -I../Drivers/STM32F4xx_HAL_Driver/Inc -I../Drivers/STM32F4xx_HAL_Driver/Inc/Legacy -I../Drivers/CMSIS/Device/ST/STM32F4xx/Include -I../Drivers/CMSIS/Include -O0 -ffunction-sections -fdata-sections -Wall -fstack-usage -fcyclomatic-complexity -MMD -MP -MF"Core/Src/main.d" -MT"Core/Src/main.o" --specs=nano.specs -mfpu=fpv4-sp-d16 -mfloat-abi=hard -mthumb -o "Core/Src/main.o"
arm-none-eabi-gcc -o "2c_play_a_song_snap.elf" @"objects.list"   -mcpu=cortex-m4 -T"C:\Users\marco\Desktop\Polimi\Materials\Sensor Systems\Labs\Lab2\Homework\2c_play_a_song_snap\2c_play_a_song_snap\STM32F401RETX_FLASH.ld" --specs=nosys.specs -Wl,-Map="2c_play_a_song_snap.map" -Wl,--gc-sections -static --specs=nano.specs -mfpu=fpv4-sp-d16 -mfloat-abi=hard -mthumb -Wl,--start-group -lc -lm -Wl,--end-group
Finished building target: 2c_play_a_song_snap.elf
 
arm-none-eabi-size  2c_play_a_song_snap.elf 
arm-none-eabi-objdump -h -S 2c_play_a_song_snap.elf  > "2c_play_a_song_snap.list"
   text	   data	    bss	    dec	    hex	filename
  12184	    316	   1716	  14216	   3788	2c_play_a_song_snap.elf
Finished building: default.size.stdout
 
Finished building: 2c_play_a_song_snap.list
 
11:07:21 **** Incremental Build of configuration Debug for project 2c_play_a_song_snap ****
make -j28 all 
arm-none-eabi-gcc "../Core/Src/main.c" -mcpu=cortex-m4 -std=gnu11 -g3 -DDEBUG -DUSE_HAL_DRIVER -DSTM32F401xE -c -I../Core/Inc -I../Drivers/STM32F4xx_HAL_Driver/Inc -I../Drivers/STM32F4xx_HAL_Driver/Inc/Legacy -I../Drivers/CMSIS/Device/ST/STM32F4xx/Include -I../Drivers/CMSIS/Include -O0 -ffunction-sections -fdata-sections -Wall -fstack-usage -fcyclomatic-complexity -MMD -MP -MF"Core/Src/main.d" -MT"Core/Src/main.o" --specs=nano.specs -mfpu=fpv4-sp-d16 -mfloat-abi=hard -mthumb -o "Core/Src/main.o"
arm-none-eabi-gcc -o "2c_play_a_song_snap.elf" @"objects.list"   -mcpu=cortex-m4 -T"C:\Users\marco\Desktop\Polimi\Materials\Sensor Systems\Labs\Lab2\Homework\2c_play_a_song_snap\2c_play_a_song_snap\STM32F401RETX_FLASH.ld" --specs=nosys.specs -Wl,-Map="2c_play_a_song_snap.map" -Wl,--gc-sections -static --specs=nano.specs -mfpu=fpv4-sp-d16 -mfloat-abi=hard -mthumb -Wl,--start-group -lc -lm -Wl,--end-group
Finished building target: 2c_play_a_song_snap.elf
 
arm-none-eabi-size  2c_play_a_song_snap.elf 
arm-none-eabi-objdump -h -S 2c_play_a_song_snap.elf  > "2c_play_a_song_snap.list"
   text	   data	    bss	    dec	    hex	filename
  12184	    316	   1716	  14216	   3788	2c_play_a_song_snap.elf
Finished building: default.size.stdout
 
Finished building: 2c_play_a_song_snap.list
 
11:07:25 **** Incremental Build of configuration Debug for project 2c_play_a_song_snap ****
make -j28 all 
arm-none-eabi-size  2c_play_a_song_snap.elf 
   text	   data	    bss	    dec	    hex	filename
  12184	    316	   1716	  14216	   3788	2c_play_a_song_snap.elf
Finished building: default.size.stdout
 
11:09:51 **** Incremental Build of configuration Debug for project 2c_play_a_song_snap ****
make -j28 all 
arm-none-eabi-gcc "../Core/Src/main.c" -mcpu=cortex-m4 -std=gnu11 -g3 -DDEBUG -DUSE_HAL_DRIVER -DSTM32F401xE -c -I../Core/Inc -I../Drivers/STM32F4xx_HAL_Driver/Inc -I../Drivers/STM32F4xx_HAL_Driver/Inc/Legacy -I../Drivers/CMSIS/Device/ST/STM32F4xx/Include -I../Drivers/CMSIS/Include -O0 -ffunction-sections -fdata-sections -Wall -fstack-usage -fcyclomatic-complexity -MMD -MP -MF"Core/Src/main.d" -MT"Core/Src/main.o" --specs=nano.specs -mfpu=fpv4-sp-d16 -mfloat-abi=hard -mthumb -o "Core/Src/main.o"
../Core/Src/main.c: In function 'HAL_GPIO_EXTI_Callback':
../Core/Src/main.c:165:33: warning: implicit declaration of function 'playsong' [-Wimplicit-function-declaration]
  165 |                                 playsong();
      |                                 ^~~~~~~~
../Core/Src/main.c:163:25: warning: this 'if' clause does not guard... [-Wmisleading-indentation]
  163 |                         if(delta >= 100)
      |                         ^~
../Core/Src/main.c:166:33: note: ...this statement, but the latter is misleadingly indented as if it were guarded by the 'if'
  166 |                                 playsong();
      |                                 ^~~~~~~~
../Core/Src/main.c: At top level:
../Core/Src/main.c:259:6: warning: conflicting types for 'playsong'; have 'void()'
  259 | void playsong(){
      |      ^~~~~~~~
../Core/Src/main.c:165:33: note: previous implicit declaration of 'playsong' with type 'void()'
  165 |                                 playsong();
      |                                 ^~~~~~~~
arm-none-eabi-gcc -o "2c_play_a_song_snap.elf" @"objects.list"   -mcpu=cortex-m4 -T"C:\Users\marco\Desktop\Polimi\Materials\Sensor Systems\Labs\Lab2\Homework\2c_play_a_song_snap\2c_play_a_song_snap\STM32F401RETX_FLASH.ld" --specs=nosys.specs -Wl,-Map="2c_play_a_song_snap.map" -Wl,--gc-sections -static --specs=nano.specs -mfpu=fpv4-sp-d16 -mfloat-abi=hard -mthumb -Wl,--start-group -lc -lm -Wl,--end-group
Finished building target: 2c_play_a_song_snap.elf
 
arm-none-eabi-size  2c_play_a_song_snap.elf 
arm-none-eabi-objdump -h -S 2c_play_a_song_snap.elf  > "2c_play_a_song_snap.list"
   text	   data	    bss	    dec	    hex	filename
  11052	     12	   1716	  12780	   31ec	2c_play_a_song_snap.elf
Finished building: default.size.stdout
 
Finished building: 2c_play_a_song_snap.list
 
11:15:49 **** Incremental Build of configuration Debug for project 2c_play_a_song_snap ****
make -j28 all 
arm-none-eabi-gcc "../Core/Src/main.c" -mcpu=cortex-m4 -std=gnu11 -g3 -DDEBUG -DUSE_HAL_DRIVER -DSTM32F401xE -c -I../Core/Inc -I../Drivers/STM32F4xx_HAL_Driver/Inc -I../Drivers/STM32F4xx_HAL_Driver/Inc/Legacy -I../Drivers/CMSIS/Device/ST/STM32F4xx/Include -I../Drivers/CMSIS/Include -O0 -ffunction-sections -fdata-sections -Wall -fstack-usage -fcyclomatic-complexity -MMD -MP -MF"Core/Src/main.d" -MT"Core/Src/main.o" --specs=nano.specs -mfpu=fpv4-sp-d16 -mfloat-abi=hard -mthumb -o "Core/Src/main.o"
arm-none-eabi-gcc "../Core/Src/stm32f4xx_it.c" -mcpu=cortex-m4 -std=gnu11 -g3 -DDEBUG -DUSE_HAL_DRIVER -DSTM32F401xE -c -I../Core/Inc -I../Drivers/STM32F4xx_HAL_Driver/Inc -I../Drivers/STM32F4xx_HAL_Driver/Inc/Legacy -I../Drivers/CMSIS/Device/ST/STM32F4xx/Include -I../Drivers/CMSIS/Include -O0 -ffunction-sections -fdata-sections -Wall -fstack-usage -fcyclomatic-complexity -MMD -MP -MF"Core/Src/stm32f4xx_it.d" -MT"Core/Src/stm32f4xx_it.o" --specs=nano.specs -mfpu=fpv4-sp-d16 -mfloat-abi=hard -mthumb -o "Core/Src/stm32f4xx_it.o"
../Core/Src/main.c: In function 'HAL_GPIO_EXTI_Callback':
../Core/Src/main.c:165:33: warning: implicit declaration of function 'playsong' [-Wimplicit-function-declaration]
  165 |                                 playsong();
      |                                 ^~~~~~~~
../Core/Src/main.c:163:25: warning: this 'if' clause does not guard... [-Wmisleading-indentation]
  163 |                         if(delta >= 100)
      |                         ^~
../Core/Src/main.c:166:33: note: ...this statement, but the latter is misleadingly indented as if it were guarded by the 'if'
  166 |                                 playsong();
      |                                 ^~~~~~~~
../Core/Src/main.c: At top level:
../Core/Src/main.c:259:6: warning: conflicting types for 'playsong'; have 'void()'
  259 | void playsong(){
      |      ^~~~~~~~
../Core/Src/main.c:165:33: note: previous implicit declaration of 'playsong' with type 'void()'
  165 |                                 playsong();
      |                                 ^~~~~~~~
../Core/Src/main.c: In function 'MX_TIM1_Init':
../Core/Src/main.c:431:21: error: 'note_playing' undeclared (first use in this function)
  431 |           HAL_Delay(note_playing.duration*TEMPO);
      |                     ^~~~~~~~~~~~
../Core/Src/main.c:431:21: note: each undeclared identifier is reported only once for each function it appears in
make: *** [Core/Src/subdir.mk:34: Core/Src/main.o] Error 1
make: *** Waiting for unfinished jobs....
"make -j28 all" terminated with exit code 2. Build might be incomplete.
11:17:58 **** Incremental Build of configuration Debug for project 2c_play_a_song_snap ****
make -j28 all 
arm-none-eabi-gcc "../Core/Src/main.c" -mcpu=cortex-m4 -std=gnu11 -g3 -DDEBUG -DUSE_HAL_DRIVER -DSTM32F401xE -c -I../Core/Inc -I../Drivers/STM32F4xx_HAL_Driver/Inc -I../Drivers/STM32F4xx_HAL_Driver/Inc/Legacy -I../Drivers/CMSIS/Device/ST/STM32F4xx/Include -I../Drivers/CMSIS/Include -O0 -ffunction-sections -fdata-sections -Wall -fstack-usage -fcyclomatic-complexity -MMD -MP -MF"Core/Src/main.d" -MT"Core/Src/main.o" --specs=nano.specs -mfpu=fpv4-sp-d16 -mfloat-abi=hard -mthumb -o "Core/Src/main.o"
../Core/Src/main.c: In function 'HAL_GPIO_EXTI_Callback':
../Core/Src/main.c:165:33: warning: implicit declaration of function 'playsong' [-Wimplicit-function-declaration]
  165 |                                 playsong();
      |                                 ^~~~~~~~
../Core/Src/main.c:163:25: warning: this 'if' clause does not guard... [-Wmisleading-indentation]
  163 |                         if(delta >= 100)
      |                         ^~
../Core/Src/main.c:166:33: note: ...this statement, but the latter is misleadingly indented as if it were guarded by the 'if'
  166 |                                 playsong();
      |                                 ^~~~~~~~
../Core/Src/main.c: At top level:
../Core/Src/main.c:259:6: warning: conflicting types for 'playsong'; have 'void()'
  259 | void playsong(){
      |      ^~~~~~~~
../Core/Src/main.c:165:33: note: previous implicit declaration of 'playsong' with type 'void()'
  165 |                                 playsong();
      |                                 ^~~~~~~~
arm-none-eabi-gcc -o "2c_play_a_song_snap.elf" @"objects.list"   -mcpu=cortex-m4 -T"C:\Users\marco\Desktop\Polimi\Materials\Sensor Systems\Labs\Lab2\Homework\2c_play_a_song_snap\2c_play_a_song_snap\STM32F401RETX_FLASH.ld" --specs=nosys.specs -Wl,-Map="2c_play_a_song_snap.map" -Wl,--gc-sections -static --specs=nano.specs -mfpu=fpv4-sp-d16 -mfloat-abi=hard -mthumb -Wl,--start-group -lc -lm -Wl,--end-group
Finished building target: 2c_play_a_song_snap.elf
 
arm-none-eabi-size  2c_play_a_song_snap.elf 
arm-none-eabi-objdump -h -S 2c_play_a_song_snap.elf  > "2c_play_a_song_snap.list"
   text	   data	    bss	    dec	    hex	filename
  12460	    316	   1724	  14500	   38a4	2c_play_a_song_snap.elf
Finished building: default.size.stdout
 
Finished building: 2c_play_a_song_snap.list
 
11:18:48 **** Incremental Build of configuration Debug for project 2c_play_a_song_snap ****
make -j28 all 
arm-none-eabi-gcc "../Core/Src/main.c" -mcpu=cortex-m4 -std=gnu11 -g3 -DDEBUG -DUSE_HAL_DRIVER -DSTM32F401xE -c -I../Core/Inc -I../Drivers/STM32F4xx_HAL_Driver/Inc -I../Drivers/STM32F4xx_HAL_Driver/Inc/Legacy -I../Drivers/CMSIS/Device/ST/STM32F4xx/Include -I../Drivers/CMSIS/Include -O0 -ffunction-sections -fdata-sections -Wall -fstack-usage -fcyclomatic-complexity -MMD -MP -MF"Core/Src/main.d" -MT"Core/Src/main.o" --specs=nano.specs -mfpu=fpv4-sp-d16 -mfloat-abi=hard -mthumb -o "Core/Src/main.o"
../Core/Src/main.c: In function 'HAL_GPIO_EXTI_Callback':
../Core/Src/main.c:165:33: warning: implicit declaration of function 'playsong' [-Wimplicit-function-declaration]
  165 |                                 playsong();
      |                                 ^~~~~~~~
../Core/Src/main.c:163:25: warning: this 'if' clause does not guard... [-Wmisleading-indentation]
  163 |                         if(delta >= 100)
      |                         ^~
../Core/Src/main.c:166:33: note: ...this statement, but the latter is misleadingly indented as if it were guarded by the 'if'
  166 |                                 playsong();
      |                                 ^~~~~~~~
../Core/Src/main.c: At top level:
../Core/Src/main.c:259:6: warning: conflicting types for 'playsong'; have 'void()'
  259 | void playsong(){
      |      ^~~~~~~~
../Core/Src/main.c:165:33: note: previous implicit declaration of 'playsong' with type 'void()'
  165 |                                 playsong();
      |                                 ^~~~~~~~
arm-none-eabi-gcc -o "2c_play_a_song_snap.elf" @"objects.list"   -mcpu=cortex-m4 -T"C:\Users\marco\Desktop\Polimi\Materials\Sensor Systems\Labs\Lab2\Homework\2c_play_a_song_snap\2c_play_a_song_snap\STM32F401RETX_FLASH.ld" --specs=nosys.specs -Wl,-Map="2c_play_a_song_snap.map" -Wl,--gc-sections -static --specs=nano.specs -mfpu=fpv4-sp-d16 -mfloat-abi=hard -mthumb -Wl,--start-group -lc -lm -Wl,--end-group
Finished building target: 2c_play_a_song_snap.elf
 
arm-none-eabi-size  2c_play_a_song_snap.elf 
arm-none-eabi-objdump -h -S 2c_play_a_song_snap.elf  > "2c_play_a_song_snap.list"
   text	   data	    bss	    dec	    hex	filename
  12464	    316	   1724	  14504	   38a8	2c_play_a_song_snap.elf
Finished building: default.size.stdout
 
Finished building: 2c_play_a_song_snap.list
 
11:18:52 **** Incremental Build of configuration Debug for project 2c_play_a_song_snap ****
make -j28 all 
arm-none-eabi-size  2c_play_a_song_snap.elf 
   text	   data	    bss	    dec	    hex	filename
  12464	    316	   1724	  14504	   38a8	2c_play_a_song_snap.elf
Finished building: default.size.stdout
 
11:23:21 **** Incremental Build of configuration Debug for project 2c_play_a_song_snap ****
make -j28 all 
arm-none-eabi-gcc "../Core/Src/main.c" -mcpu=cortex-m4 -std=gnu11 -g3 -DDEBUG -DUSE_HAL_DRIVER -DSTM32F401xE -c -I../Core/Inc -I../Drivers/STM32F4xx_HAL_Driver/Inc -I../Drivers/STM32F4xx_HAL_Driver/Inc/Legacy -I../Drivers/CMSIS/Device/ST/STM32F4xx/Include -I../Drivers/CMSIS/Include -O0 -ffunction-sections -fdata-sections -Wall -fstack-usage -fcyclomatic-complexity -MMD -MP -MF"Core/Src/main.d" -MT"Core/Src/main.o" --specs=nano.specs -mfpu=fpv4-sp-d16 -mfloat-abi=hard -mthumb -o "Core/Src/main.o"
../Core/Src/main.c: In function 'HAL_GPIO_EXTI_Callback':
../Core/Src/main.c:165:33: warning: implicit declaration of function 'playsong' [-Wimplicit-function-declaration]
  165 |                                 playsong();
      |                                 ^~~~~~~~
../Core/Src/main.c:163:25: warning: this 'if' clause does not guard... [-Wmisleading-indentation]
  163 |                         if(delta >= 100)
      |                         ^~
../Core/Src/main.c:166:33: note: ...this statement, but the latter is misleadingly indented as if it were guarded by the 'if'
  166 |                                 playsong();
      |                                 ^~~~~~~~
../Core/Src/main.c: At top level:
../Core/Src/main.c:259:6: warning: conflicting types for 'playsong'; have 'void()'
  259 | void playsong(){
      |      ^~~~~~~~
../Core/Src/main.c:165:33: note: previous implicit declaration of 'playsong' with type 'void()'
  165 |                                 playsong();
      |                                 ^~~~~~~~
arm-none-eabi-gcc -o "2c_play_a_song_snap.elf" @"objects.list"   -mcpu=cortex-m4 -T"C:\Users\marco\Desktop\Polimi\Materials\Sensor Systems\Labs\Lab2\Homework\2c_play_a_song_snap\2c_play_a_song_snap\STM32F401RETX_FLASH.ld" --specs=nosys.specs -Wl,-Map="2c_play_a_song_snap.map" -Wl,--gc-sections -static --specs=nano.specs -mfpu=fpv4-sp-d16 -mfloat-abi=hard -mthumb -Wl,--start-group -lc -lm -Wl,--end-group
Finished building target: 2c_play_a_song_snap.elf
 
arm-none-eabi-size  2c_play_a_song_snap.elf 
arm-none-eabi-objdump -h -S 2c_play_a_song_snap.elf  > "2c_play_a_song_snap.list"
   text	   data	    bss	    dec	    hex	filename
  12464	    316	   1724	  14504	   38a8	2c_play_a_song_snap.elf
Finished building: default.size.stdout
 
Finished building: 2c_play_a_song_snap.list
 
11:28:50 **** Incremental Build of configuration Debug for project 2c_play_a_song_snap ****
make -j28 all 
arm-none-eabi-gcc "../Core/Src/main.c" -mcpu=cortex-m4 -std=gnu11 -g3 -DDEBUG -DUSE_HAL_DRIVER -DSTM32F401xE -c -I../Core/Inc -I../Drivers/STM32F4xx_HAL_Driver/Inc -I../Drivers/STM32F4xx_HAL_Driver/Inc/Legacy -I../Drivers/CMSIS/Device/ST/STM32F4xx/Include -I../Drivers/CMSIS/Include -O0 -ffunction-sections -fdata-sections -Wall -fstack-usage -fcyclomatic-complexity -MMD -MP -MF"Core/Src/main.d" -MT"Core/Src/main.o" --specs=nano.specs -mfpu=fpv4-sp-d16 -mfloat-abi=hard -mthumb -o "Core/Src/main.o"
../Core/Src/main.c: In function 'HAL_GPIO_EXTI_Callback':
../Core/Src/main.c:166:33: warning: implicit declaration of function 'playsong' [-Wimplicit-function-declaration]
  166 |                                 playsong();
      |                                 ^~~~~~~~
../Core/Src/main.c:164:25: warning: this 'if' clause does not guard... [-Wmisleading-indentation]
  164 |                         if(delta >= 100)
      |                         ^~
../Core/Src/main.c:167:33: note: ...this statement, but the latter is misleadingly indented as if it were guarded by the 'if'
  167 |                                 playsong();
      |                                 ^~~~~~~~
../Core/Src/main.c: At top level:
../Core/Src/main.c:260:6: warning: conflicting types for 'playsong'; have 'void()'
  260 | void playsong(){
      |      ^~~~~~~~
../Core/Src/main.c:166:33: note: previous implicit declaration of 'playsong' with type 'void()'
  166 |                                 playsong();
      |                                 ^~~~~~~~
arm-none-eabi-gcc -o "2c_play_a_song_snap.elf" @"objects.list"   -mcpu=cortex-m4 -T"C:\Users\marco\Desktop\Polimi\Materials\Sensor Systems\Labs\Lab2\Homework\2c_play_a_song_snap\2c_play_a_song_snap\STM32F401RETX_FLASH.ld" --specs=nosys.specs -Wl,-Map="2c_play_a_song_snap.map" -Wl,--gc-sections -static --specs=nano.specs -mfpu=fpv4-sp-d16 -mfloat-abi=hard -mthumb -Wl,--start-group -lc -lm -Wl,--end-group
Finished building target: 2c_play_a_song_snap.elf
 
arm-none-eabi-size  2c_play_a_song_snap.elf 
arm-none-eabi-objdump -h -S 2c_play_a_song_snap.elf  > "2c_play_a_song_snap.list"
   text	   data	    bss	    dec	    hex	filename
  12340	    316	   1724	  14380	   382c	2c_play_a_song_snap.elf
Finished building: default.size.stdout
 
Finished building: 2c_play_a_song_snap.list
 
11:29:28 **** Incremental Build of configuration Debug for project 2c_play_a_song_snap ****
make -j28 all 
arm-none-eabi-gcc "../Core/Src/main.c" -mcpu=cortex-m4 -std=gnu11 -g3 -DDEBUG -DUSE_HAL_DRIVER -DSTM32F401xE -c -I../Core/Inc -I../Drivers/STM32F4xx_HAL_Driver/Inc -I../Drivers/STM32F4xx_HAL_Driver/Inc/Legacy -I../Drivers/CMSIS/Device/ST/STM32F4xx/Include -I../Drivers/CMSIS/Include -O0 -ffunction-sections -fdata-sections -Wall -fstack-usage -fcyclomatic-complexity -MMD -MP -MF"Core/Src/main.d" -MT"Core/Src/main.o" --specs=nano.specs -mfpu=fpv4-sp-d16 -mfloat-abi=hard -mthumb -o "Core/Src/main.o"
arm-none-eabi-gcc -o "2c_play_a_song_snap.elf" @"objects.list"   -mcpu=cortex-m4 -T"C:\Users\marco\Desktop\Polimi\Materials\Sensor Systems\Labs\Lab2\Homework\2c_play_a_song_snap\2c_play_a_song_snap\STM32F401RETX_FLASH.ld" --specs=nosys.specs -Wl,-Map="2c_play_a_song_snap.map" -Wl,--gc-sections -static --specs=nano.specs -mfpu=fpv4-sp-d16 -mfloat-abi=hard -mthumb -Wl,--start-group -lc -lm -Wl,--end-group
Finished building target: 2c_play_a_song_snap.elf
 
arm-none-eabi-size  2c_play_a_song_snap.elf 
arm-none-eabi-objdump -h -S 2c_play_a_song_snap.elf  > "2c_play_a_song_snap.list"
   text	   data	    bss	    dec	    hex	filename
  12272	    316	   1716	  14304	   37e0	2c_play_a_song_snap.elf
Finished building: default.size.stdout
 
Finished building: 2c_play_a_song_snap.list
 
11:30:02 **** Incremental Build of configuration Debug for project 2c_play_a_song_snap ****
make -j28 all 
arm-none-eabi-gcc "../Core/Src/main.c" -mcpu=cortex-m4 -std=gnu11 -g3 -DDEBUG -DUSE_HAL_DRIVER -DSTM32F401xE -c -I../Core/Inc -I../Drivers/STM32F4xx_HAL_Driver/Inc -I../Drivers/STM32F4xx_HAL_Driver/Inc/Legacy -I../Drivers/CMSIS/Device/ST/STM32F4xx/Include -I../Drivers/CMSIS/Include -O0 -ffunction-sections -fdata-sections -Wall -fstack-usage -fcyclomatic-complexity -MMD -MP -MF"Core/Src/main.d" -MT"Core/Src/main.o" --specs=nano.specs -mfpu=fpv4-sp-d16 -mfloat-abi=hard -mthumb -o "Core/Src/main.o"
../Core/Src/main.c: In function 'HAL_GPIO_EXTI_Callback':
../Core/Src/main.c:166:33: warning: implicit declaration of function 'playsong' [-Wimplicit-function-declaration]
  166 |                                 playsong();
      |                                 ^~~~~~~~
../Core/Src/main.c:164:25: warning: this 'if' clause does not guard... [-Wmisleading-indentation]
  164 |                         if(delta >= 100)
      |                         ^~
../Core/Src/main.c:167:33: note: ...this statement, but the latter is misleadingly indented as if it were guarded by the 'if'
  167 |                                 playsong();
      |                                 ^~~~~~~~
../Core/Src/main.c: At top level:
../Core/Src/main.c:259:6: warning: conflicting types for 'playsong'; have 'void()'
  259 | void playsong(){
      |      ^~~~~~~~
../Core/Src/main.c:166:33: note: previous implicit declaration of 'playsong' with type 'void()'
  166 |                                 playsong();
      |                                 ^~~~~~~~
arm-none-eabi-gcc -o "2c_play_a_song_snap.elf" @"objects.list"   -mcpu=cortex-m4 -T"C:\Users\marco\Desktop\Polimi\Materials\Sensor Systems\Labs\Lab2\Homework\2c_play_a_song_snap\2c_play_a_song_snap\STM32F401RETX_FLASH.ld" --specs=nosys.specs -Wl,-Map="2c_play_a_song_snap.map" -Wl,--gc-sections -static --specs=nano.specs -mfpu=fpv4-sp-d16 -mfloat-abi=hard -mthumb -Wl,--start-group -lc -lm -Wl,--end-group
Finished building target: 2c_play_a_song_snap.elf
 
arm-none-eabi-size  2c_play_a_song_snap.elf 
arm-none-eabi-objdump -h -S 2c_play_a_song_snap.elf  > "2c_play_a_song_snap.list"
   text	   data	    bss	    dec	    hex	filename
  12332	    316	   1724	  14372	   3824	2c_play_a_song_snap.elf
Finished building: default.size.stdout
 
Finished building: 2c_play_a_song_snap.list
 
11:30:07 **** Incremental Build of configuration Debug for project 2c_play_a_song_snap ****
make -j28 all 
arm-none-eabi-size  2c_play_a_song_snap.elf 
   text	   data	    bss	    dec	    hex	filename
  12332	    316	   1724	  14372	   3824	2c_play_a_song_snap.elf
Finished building: default.size.stdout
 
11:31:21 **** Incremental Build of configuration Debug for project 2c_play_a_song_snap ****
make -j28 all 
arm-none-eabi-size  2c_play_a_song_snap.elf 
   text	   data	    bss	    dec	    hex	filename
  12332	    316	   1724	  14372	   3824	2c_play_a_song_snap.elf
Finished building: default.size.stdout
 
11:31:26 **** Incremental Build of configuration Debug for project 2c_play_a_song_snap ****
make -j28 all 
arm-none-eabi-size  2c_play_a_song_snap.elf 
   text	   data	    bss	    dec	    hex	filename
  12332	    316	   1724	  14372	   3824	2c_play_a_song_snap.elf
Finished building: default.size.stdout
 
11:33:46 **** Incremental Build of configuration Debug for project 2c_play_a_song_snap ****
make -j28 all 
arm-none-eabi-gcc "../Core/Src/main.c" -mcpu=cortex-m4 -std=gnu11 -g3 -DDEBUG -DUSE_HAL_DRIVER -DSTM32F401xE -c -I../Core/Inc -I../Drivers/STM32F4xx_HAL_Driver/Inc -I../Drivers/STM32F4xx_HAL_Driver/Inc/Legacy -I../Drivers/CMSIS/Device/ST/STM32F4xx/Include -I../Drivers/CMSIS/Include -O0 -ffunction-sections -fdata-sections -Wall -fstack-usage -fcyclomatic-complexity -MMD -MP -MF"Core/Src/main.d" -MT"Core/Src/main.o" --specs=nano.specs -mfpu=fpv4-sp-d16 -mfloat-abi=hard -mthumb -o "Core/Src/main.o"
../Core/Src/main.c: In function 'HAL_GPIO_EXTI_Callback':
../Core/Src/main.c:166:33: warning: implicit declaration of function 'playsong' [-Wimplicit-function-declaration]
  166 |                                 playsong();
      |                                 ^~~~~~~~
../Core/Src/main.c:164:25: warning: this 'if' clause does not guard... [-Wmisleading-indentation]
  164 |                         if(delta >= 100)
      |                         ^~
../Core/Src/main.c:167:33: note: ...this statement, but the latter is misleadingly indented as if it were guarded by the 'if'
  167 |                                 playsong();
      |                                 ^~~~~~~~
../Core/Src/main.c: At top level:
../Core/Src/main.c:259:6: warning: conflicting types for 'playsong'; have 'void()'
  259 | void playsong(){
      |      ^~~~~~~~
../Core/Src/main.c:166:33: note: previous implicit declaration of 'playsong' with type 'void()'
  166 |                                 playsong();
      |                                 ^~~~~~~~
arm-none-eabi-gcc -o "2c_play_a_song_snap.elf" @"objects.list"   -mcpu=cortex-m4 -T"C:\Users\marco\Desktop\Polimi\Materials\Sensor Systems\Labs\Lab2\Homework\2c_play_a_song_snap\2c_play_a_song_snap\STM32F401RETX_FLASH.ld" --specs=nosys.specs -Wl,-Map="2c_play_a_song_snap.map" -Wl,--gc-sections -static --specs=nano.specs -mfpu=fpv4-sp-d16 -mfloat-abi=hard -mthumb -Wl,--start-group -lc -lm -Wl,--end-group
Finished building target: 2c_play_a_song_snap.elf
 
arm-none-eabi-size  2c_play_a_song_snap.elf 
arm-none-eabi-objdump -h -S 2c_play_a_song_snap.elf  > "2c_play_a_song_snap.list"
   text	   data	    bss	    dec	    hex	filename
  12464	    316	   1724	  14504	   38a8	2c_play_a_song_snap.elf
Finished building: default.size.stdout
 
Finished building: 2c_play_a_song_snap.list
 
11:33:51 **** Incremental Build of configuration Debug for project 2c_play_a_song_snap ****
make -j28 all 
arm-none-eabi-size  2c_play_a_song_snap.elf 
   text	   data	    bss	    dec	    hex	filename
  12464	    316	   1724	  14504	   38a8	2c_play_a_song_snap.elf
Finished building: default.size.stdout
 
11:34:08 **** Incremental Build of configuration Debug for project 2c_play_a_song_snap ****
make -j28 all 
arm-none-eabi-size  2c_play_a_song_snap.elf 
   text	   data	    bss	    dec	    hex	filename
  12464	    316	   1724	  14504	   38a8	2c_play_a_song_snap.elf
Finished building: default.size.stdout
 
11:41:49 **** Incremental Build of configuration Debug for project 2c_play_a_song_snap ****
make -j28 all 
arm-none-eabi-gcc "../Core/Src/main.c" -mcpu=cortex-m4 -std=gnu11 -g3 -DDEBUG -DUSE_HAL_DRIVER -DSTM32F401xE -c -I../Core/Inc -I../Drivers/STM32F4xx_HAL_Driver/Inc -I../Drivers/STM32F4xx_HAL_Driver/Inc/Legacy -I../Drivers/CMSIS/Device/ST/STM32F4xx/Include -I../Drivers/CMSIS/Include -O0 -ffunction-sections -fdata-sections -Wall -fstack-usage -fcyclomatic-complexity -MMD -MP -MF"Core/Src/main.d" -MT"Core/Src/main.o" --specs=nano.specs -mfpu=fpv4-sp-d16 -mfloat-abi=hard -mthumb -o "Core/Src/main.o"
arm-none-eabi-gcc "../Core/Src/stm32f4xx_hal_msp.c" -mcpu=cortex-m4 -std=gnu11 -g3 -DDEBUG -DUSE_HAL_DRIVER -DSTM32F401xE -c -I../Core/Inc -I../Drivers/STM32F4xx_HAL_Driver/Inc -I../Drivers/STM32F4xx_HAL_Driver/Inc/Legacy -I../Drivers/CMSIS/Device/ST/STM32F4xx/Include -I../Drivers/CMSIS/Include -O0 -ffunction-sections -fdata-sections -Wall -fstack-usage -fcyclomatic-complexity -MMD -MP -MF"Core/Src/stm32f4xx_hal_msp.d" -MT"Core/Src/stm32f4xx_hal_msp.o" --specs=nano.specs -mfpu=fpv4-sp-d16 -mfloat-abi=hard -mthumb -o "Core/Src/stm32f4xx_hal_msp.o"
../Core/Src/main.c: In function 'HAL_GPIO_EXTI_Callback':
../Core/Src/main.c:166:33: warning: implicit declaration of function 'playsong' [-Wimplicit-function-declaration]
  166 |                                 playsong();
      |                                 ^~~~~~~~
../Core/Src/main.c:164:25: warning: this 'if' clause does not guard... [-Wmisleading-indentation]
  164 |                         if(delta >= 100)
      |                         ^~
../Core/Src/main.c:167:33: note: ...this statement, but the latter is misleadingly indented as if it were guarded by the 'if'
  167 |                                 playsong();
      |                                 ^~~~~~~~
../Core/Src/main.c: At top level:
../Core/Src/main.c:259:6: warning: conflicting types for 'playsong'; have 'void()'
  259 | void playsong(){
      |      ^~~~~~~~
../Core/Src/main.c:166:33: note: previous implicit declaration of 'playsong' with type 'void()'
  166 |                                 playsong();
      |                                 ^~~~~~~~
../Core/Src/main.c: In function 'MX_TIM1_Init':
../Core/Src/main.c:431:21: error: 'note_playing' undeclared (first use in this function)
  431 |           HAL_Delay(note_playing.duration*TEMPO);
      |                     ^~~~~~~~~~~~
../Core/Src/main.c:431:21: note: each undeclared identifier is reported only once for each function it appears in
make: *** [Core/Src/subdir.mk:34: Core/Src/main.o] Error 1
make: *** Waiting for unfinished jobs....
"make -j28 all" terminated with exit code 2. Build might be incomplete.
11:42:19 **** Incremental Build of configuration Debug for project 2c_play_a_song_snap ****
make -j28 all 
arm-none-eabi-gcc "../Core/Src/main.c" -mcpu=cortex-m4 -std=gnu11 -g3 -DDEBUG -DUSE_HAL_DRIVER -DSTM32F401xE -c -I../Core/Inc -I../Drivers/STM32F4xx_HAL_Driver/Inc -I../Drivers/STM32F4xx_HAL_Driver/Inc/Legacy -I../Drivers/CMSIS/Device/ST/STM32F4xx/Include -I../Drivers/CMSIS/Include -O0 -ffunction-sections -fdata-sections -Wall -fstack-usage -fcyclomatic-complexity -MMD -MP -MF"Core/Src/main.d" -MT"Core/Src/main.o" --specs=nano.specs -mfpu=fpv4-sp-d16 -mfloat-abi=hard -mthumb -o "Core/Src/main.o"
../Core/Src/main.c: In function 'HAL_GPIO_EXTI_Callback':
../Core/Src/main.c:166:33: warning: implicit declaration of function 'playsong' [-Wimplicit-function-declaration]
  166 |                                 playsong();
      |                                 ^~~~~~~~
../Core/Src/main.c:164:25: warning: this 'if' clause does not guard... [-Wmisleading-indentation]
  164 |                         if(delta >= 100)
      |                         ^~
../Core/Src/main.c:167:33: note: ...this statement, but the latter is misleadingly indented as if it were guarded by the 'if'
  167 |                                 playsong();
      |                                 ^~~~~~~~
../Core/Src/main.c: At top level:
../Core/Src/main.c:259:6: warning: conflicting types for 'playsong'; have 'void()'
  259 | void playsong(){
      |      ^~~~~~~~
../Core/Src/main.c:166:33: note: previous implicit declaration of 'playsong' with type 'void()'
  166 |                                 playsong();
      |                                 ^~~~~~~~
arm-none-eabi-gcc -o "2c_play_a_song_snap.elf" @"objects.list"   -mcpu=cortex-m4 -T"C:\Users\marco\Desktop\Polimi\Materials\Sensor Systems\Labs\Lab2\Homework\2c_play_a_song_snap\2c_play_a_song_snap\STM32F401RETX_FLASH.ld" --specs=nosys.specs -Wl,-Map="2c_play_a_song_snap.map" -Wl,--gc-sections -static --specs=nano.specs -mfpu=fpv4-sp-d16 -mfloat-abi=hard -mthumb -Wl,--start-group -lc -lm -Wl,--end-group
Finished building target: 2c_play_a_song_snap.elf
 
arm-none-eabi-size  2c_play_a_song_snap.elf 
arm-none-eabi-objdump -h -S 2c_play_a_song_snap.elf  > "2c_play_a_song_snap.list"
   text	   data	    bss	    dec	    hex	filename
  12464	    316	   1724	  14504	   38a8	2c_play_a_song_snap.elf
Finished building: default.size.stdout
 
Finished building: 2c_play_a_song_snap.list
 
11:42:24 **** Incremental Build of configuration Debug for project 2c_play_a_song_snap ****
make -j28 all 
arm-none-eabi-size  2c_play_a_song_snap.elf 
   text	   data	    bss	    dec	    hex	filename
  12464	    316	   1724	  14504	   38a8	2c_play_a_song_snap.elf
Finished building: default.size.stdout
 
11:42:54 **** Incremental Build of configuration Debug for project 2c_play_a_song_snap ****
make -j28 all 
arm-none-eabi-gcc "../Core/Src/main.c" -mcpu=cortex-m4 -std=gnu11 -g3 -DDEBUG -DUSE_HAL_DRIVER -DSTM32F401xE -c -I../Core/Inc -I../Drivers/STM32F4xx_HAL_Driver/Inc -I../Drivers/STM32F4xx_HAL_Driver/Inc/Legacy -I../Drivers/CMSIS/Device/ST/STM32F4xx/Include -I../Drivers/CMSIS/Include -O0 -ffunction-sections -fdata-sections -Wall -fstack-usage -fcyclomatic-complexity -MMD -MP -MF"Core/Src/main.d" -MT"Core/Src/main.o" --specs=nano.specs -mfpu=fpv4-sp-d16 -mfloat-abi=hard -mthumb -o "Core/Src/main.o"
../Core/Src/main.c: In function 'HAL_GPIO_EXTI_Callback':
../Core/Src/main.c:166:33: warning: implicit declaration of function 'playsong' [-Wimplicit-function-declaration]
  166 |                                 playsong();
      |                                 ^~~~~~~~
../Core/Src/main.c:164:25: warning: this 'if' clause does not guard... [-Wmisleading-indentation]
  164 |                         if(delta >= 100)
      |                         ^~
../Core/Src/main.c:167:33: note: ...this statement, but the latter is misleadingly indented as if it were guarded by the 'if'
  167 |                                 playsong();
      |                                 ^~~~~~~~
../Core/Src/main.c: At top level:
../Core/Src/main.c:259:6: warning: conflicting types for 'playsong'; have 'void()'
  259 | void playsong(){
      |      ^~~~~~~~
../Core/Src/main.c:166:33: note: previous implicit declaration of 'playsong' with type 'void()'
  166 |                                 playsong();
      |                                 ^~~~~~~~
../Core/Src/main.c: In function 'MX_TIM1_Init':
../Core/Src/main.c:431:21: error: 'note_playing' undeclared (first use in this function)
  431 |           HAL_Delay(note_playing.duration*TEMPO);
      |                     ^~~~~~~~~~~~
../Core/Src/main.c:431:21: note: each undeclared identifier is reported only once for each function it appears in
make: *** [Core/Src/subdir.mk:34: Core/Src/main.o] Error 1
"make -j28 all" terminated with exit code 2. Build might be incomplete.
11:44:46 **** Incremental Build of configuration Debug for project 2c_play_a_song_snap ****
make -j28 all 
arm-none-eabi-gcc "../Core/Src/main.c" -mcpu=cortex-m4 -std=gnu11 -g3 -DDEBUG -DUSE_HAL_DRIVER -DSTM32F401xE -c -I../Core/Inc -I../Drivers/STM32F4xx_HAL_Driver/Inc -I../Drivers/STM32F4xx_HAL_Driver/Inc/Legacy -I../Drivers/CMSIS/Device/ST/STM32F4xx/Include -I../Drivers/CMSIS/Include -O0 -ffunction-sections -fdata-sections -Wall -fstack-usage -fcyclomatic-complexity -MMD -MP -MF"Core/Src/main.d" -MT"Core/Src/main.o" --specs=nano.specs -mfpu=fpv4-sp-d16 -mfloat-abi=hard -mthumb -o "Core/Src/main.o"
../Core/Src/main.c: In function 'HAL_GPIO_EXTI_Callback':
../Core/Src/main.c:166:33: warning: implicit declaration of function 'playsong' [-Wimplicit-function-declaration]
  166 |                                 playsong();
      |                                 ^~~~~~~~
../Core/Src/main.c:164:25: warning: this 'if' clause does not guard... [-Wmisleading-indentation]
  164 |                         if(delta >= 100)
      |                         ^~
../Core/Src/main.c:167:33: note: ...this statement, but the latter is misleadingly indented as if it were guarded by the 'if'
  167 |                                 playsong();
      |                                 ^~~~~~~~
../Core/Src/main.c: At top level:
../Core/Src/main.c:259:6: warning: conflicting types for 'playsong'; have 'void()'
  259 | void playsong(){
      |      ^~~~~~~~
../Core/Src/main.c:166:33: note: previous implicit declaration of 'playsong' with type 'void()'
  166 |                                 playsong();
      |                                 ^~~~~~~~
arm-none-eabi-gcc -o "2c_play_a_song_snap.elf" @"objects.list"   -mcpu=cortex-m4 -T"C:\Users\marco\Desktop\Polimi\Materials\Sensor Systems\Labs\Lab2\Homework\2c_play_a_song_snap\2c_play_a_song_snap\STM32F401RETX_FLASH.ld" --specs=nosys.specs -Wl,-Map="2c_play_a_song_snap.map" -Wl,--gc-sections -static --specs=nano.specs -mfpu=fpv4-sp-d16 -mfloat-abi=hard -mthumb -Wl,--start-group -lc -lm -Wl,--end-group
Finished building target: 2c_play_a_song_snap.elf
 
arm-none-eabi-size  2c_play_a_song_snap.elf 
arm-none-eabi-objdump -h -S 2c_play_a_song_snap.elf  > "2c_play_a_song_snap.list"
   text	   data	    bss	    dec	    hex	filename
  12464	    316	   1724	  14504	   38a8	2c_play_a_song_snap.elf
Finished building: default.size.stdout
 
Finished building: 2c_play_a_song_snap.list
 
11:44:50 **** Incremental Build of configuration Debug for project 2c_play_a_song_snap ****
make -j28 all 
arm-none-eabi-size  2c_play_a_song_snap.elf 
   text	   data	    bss	    dec	    hex	filename
  12464	    316	   1724	  14504	   38a8	2c_play_a_song_snap.elf
Finished building: default.size.stdout
 
11:54:38 **** Incremental Build of configuration Debug for project 2c_play_a_song_snap ****
make -j28 all 
arm-none-eabi-gcc "../Core/Src/main.c" -mcpu=cortex-m4 -std=gnu11 -g3 -DDEBUG -DUSE_HAL_DRIVER -DSTM32F401xE -c -I../Core/Inc -I../Drivers/STM32F4xx_HAL_Driver/Inc -I../Drivers/STM32F4xx_HAL_Driver/Inc/Legacy -I../Drivers/CMSIS/Device/ST/STM32F4xx/Include -I../Drivers/CMSIS/Include -O0 -ffunction-sections -fdata-sections -Wall -fstack-usage -fcyclomatic-complexity -MMD -MP -MF"Core/Src/main.d" -MT"Core/Src/main.o" --specs=nano.specs -mfpu=fpv4-sp-d16 -mfloat-abi=hard -mthumb -o "Core/Src/main.o"
../Core/Src/main.c: In function 'HAL_GPIO_EXTI_Callback':
../Core/Src/main.c:166:33: warning: implicit declaration of function 'playsong' [-Wimplicit-function-declaration]
  166 |                                 playsong();
      |                                 ^~~~~~~~
../Core/Src/main.c: At top level:
../Core/Src/main.c:259:6: warning: conflicting types for 'playsong'; have 'void()'
  259 | void playsong(){
      |      ^~~~~~~~
../Core/Src/main.c:166:33: note: previous implicit declaration of 'playsong' with type 'void()'
  166 |                                 playsong();
      |                                 ^~~~~~~~
arm-none-eabi-gcc -o "2c_play_a_song_snap.elf" @"objects.list"   -mcpu=cortex-m4 -T"C:\Users\marco\Desktop\Polimi\Materials\Sensor Systems\Labs\Lab2\Homework\2c_play_a_song_snap\2c_play_a_song_snap\STM32F401RETX_FLASH.ld" --specs=nosys.specs -Wl,-Map="2c_play_a_song_snap.map" -Wl,--gc-sections -static --specs=nano.specs -mfpu=fpv4-sp-d16 -mfloat-abi=hard -mthumb -Wl,--start-group -lc -lm -Wl,--end-group
Finished building target: 2c_play_a_song_snap.elf
 
arm-none-eabi-size  2c_play_a_song_snap.elf 
arm-none-eabi-objdump -h -S 2c_play_a_song_snap.elf  > "2c_play_a_song_snap.list"
   text	   data	    bss	    dec	    hex	filename
  12460	    316	   1724	  14500	   38a4	2c_play_a_song_snap.elf
Finished building: default.size.stdout
 
Finished building: 2c_play_a_song_snap.list
 
11:57:09 **** Incremental Build of configuration Debug for project 2c_play_a_song_snap ****
make -j28 all 
arm-none-eabi-gcc "../Core/Src/main.c" -mcpu=cortex-m4 -std=gnu11 -g3 -DDEBUG -DUSE_HAL_DRIVER -DSTM32F401xE -c -I../Core/Inc -I../Drivers/STM32F4xx_HAL_Driver/Inc -I../Drivers/STM32F4xx_HAL_Driver/Inc/Legacy -I../Drivers/CMSIS/Device/ST/STM32F4xx/Include -I../Drivers/CMSIS/Include -O0 -ffunction-sections -fdata-sections -Wall -fstack-usage -fcyclomatic-complexity -MMD -MP -MF"Core/Src/main.d" -MT"Core/Src/main.o" --specs=nano.specs -mfpu=fpv4-sp-d16 -mfloat-abi=hard -mthumb -o "Core/Src/main.o"
../Core/Src/main.c: In function 'HAL_GPIO_EXTI_Callback':
../Core/Src/main.c:168:33: warning: implicit declaration of function 'playsong' [-Wimplicit-function-declaration]
  168 |                                 playsong();
      |                                 ^~~~~~~~
../Core/Src/main.c:166:25: warning: this 'if' clause does not guard... [-Wmisleading-indentation]
  166 |                         if(flag == 0)
      |                         ^~
../Core/Src/main.c:169:33: note: ...this statement, but the latter is misleadingly indented as if it were guarded by the 'if'
  169 |                                 flag = 1;
      |                                 ^~~~
../Core/Src/main.c: At top level:
../Core/Src/main.c:262:6: warning: conflicting types for 'playsong'; have 'void()'
  262 | void playsong(){
      |      ^~~~~~~~
../Core/Src/main.c:168:33: note: previous implicit declaration of 'playsong' with type 'void()'
  168 |                                 playsong();
      |                                 ^~~~~~~~
arm-none-eabi-gcc -o "2c_play_a_song_snap.elf" @"objects.list"   -mcpu=cortex-m4 -T"C:\Users\marco\Desktop\Polimi\Materials\Sensor Systems\Labs\Lab2\Homework\2c_play_a_song_snap\2c_play_a_song_snap\STM32F401RETX_FLASH.ld" --specs=nosys.specs -Wl,-Map="2c_play_a_song_snap.map" -Wl,--gc-sections -static --specs=nano.specs -mfpu=fpv4-sp-d16 -mfloat-abi=hard -mthumb -Wl,--start-group -lc -lm -Wl,--end-group
Finished building target: 2c_play_a_song_snap.elf
 
arm-none-eabi-size  2c_play_a_song_snap.elf 
arm-none-eabi-objdump -h -S 2c_play_a_song_snap.elf  > "2c_play_a_song_snap.list"
   text	   data	    bss	    dec	    hex	filename
  12464	    316	   1724	  14504	   38a8	2c_play_a_song_snap.elf
Finished building: default.size.stdout
 
Finished building: 2c_play_a_song_snap.list
 
11:58:17 **** Incremental Build of configuration Debug for project 2c_play_a_song_snap ****
make -j28 all 
arm-none-eabi-gcc "../Core/Src/main.c" -mcpu=cortex-m4 -std=gnu11 -g3 -DDEBUG -DUSE_HAL_DRIVER -DSTM32F401xE -c -I../Core/Inc -I../Drivers/STM32F4xx_HAL_Driver/Inc -I../Drivers/STM32F4xx_HAL_Driver/Inc/Legacy -I../Drivers/CMSIS/Device/ST/STM32F4xx/Include -I../Drivers/CMSIS/Include -O0 -ffunction-sections -fdata-sections -Wall -fstack-usage -fcyclomatic-complexity -MMD -MP -MF"Core/Src/main.d" -MT"Core/Src/main.o" --specs=nano.specs -mfpu=fpv4-sp-d16 -mfloat-abi=hard -mthumb -o "Core/Src/main.o"
../Core/Src/main.c: In function 'HAL_GPIO_EXTI_Callback':
../Core/Src/main.c:169:33: warning: implicit declaration of function 'playsong' [-Wimplicit-function-declaration]
  169 |                                 playsong();
      |                                 ^~~~~~~~
../Core/Src/main.c: At top level:
../Core/Src/main.c:263:6: warning: conflicting types for 'playsong'; have 'void()'
  263 | void playsong(){
      |      ^~~~~~~~
../Core/Src/main.c:169:33: note: previous implicit declaration of 'playsong' with type 'void()'
  169 |                                 playsong();
      |                                 ^~~~~~~~
arm-none-eabi-gcc -o "2c_play_a_song_snap.elf" @"objects.list"   -mcpu=cortex-m4 -T"C:\Users\marco\Desktop\Polimi\Materials\Sensor Systems\Labs\Lab2\Homework\2c_play_a_song_snap\2c_play_a_song_snap\STM32F401RETX_FLASH.ld" --specs=nosys.specs -Wl,-Map="2c_play_a_song_snap.map" -Wl,--gc-sections -static --specs=nano.specs -mfpu=fpv4-sp-d16 -mfloat-abi=hard -mthumb -Wl,--start-group -lc -lm -Wl,--end-group
Finished building target: 2c_play_a_song_snap.elf
 
arm-none-eabi-size  2c_play_a_song_snap.elf 
arm-none-eabi-objdump -h -S 2c_play_a_song_snap.elf  > "2c_play_a_song_snap.list"
   text	   data	    bss	    dec	    hex	filename
  12464	    316	   1724	  14504	   38a8	2c_play_a_song_snap.elf
Finished building: default.size.stdout
 
Finished building: 2c_play_a_song_snap.list
 
12:01:29 **** Incremental Build of configuration Debug for project 2c_play_a_song_snap ****
make -j28 all 
arm-none-eabi-gcc "../Core/Src/main.c" -mcpu=cortex-m4 -std=gnu11 -g3 -DDEBUG -DUSE_HAL_DRIVER -DSTM32F401xE -c -I../Core/Inc -I../Drivers/STM32F4xx_HAL_Driver/Inc -I../Drivers/STM32F4xx_HAL_Driver/Inc/Legacy -I../Drivers/CMSIS/Device/ST/STM32F4xx/Include -I../Drivers/CMSIS/Include -O0 -ffunction-sections -fdata-sections -Wall -fstack-usage -fcyclomatic-complexity -MMD -MP -MF"Core/Src/main.d" -MT"Core/Src/main.o" --specs=nano.specs -mfpu=fpv4-sp-d16 -mfloat-abi=hard -mthumb -o "Core/Src/main.o"
../Core/Src/main.c: In function 'HAL_GPIO_EXTI_Callback':
../Core/Src/main.c:168:33: warning: implicit declaration of function 'playsong' [-Wimplicit-function-declaration]
  168 |                                 playsong();
      |                                 ^~~~~~~~
../Core/Src/main.c:158:13: warning: unused variable 'flag' [-Wunused-variable]
  158 |         int flag = 0;
      |             ^~~~
../Core/Src/main.c: At top level:
../Core/Src/main.c:261:6: warning: conflicting types for 'playsong'; have 'void()'
  261 | void playsong(){
      |      ^~~~~~~~
../Core/Src/main.c:168:33: note: previous implicit declaration of 'playsong' with type 'void()'
  168 |                                 playsong();
      |                                 ^~~~~~~~
arm-none-eabi-gcc -o "2c_play_a_song_snap.elf" @"objects.list"   -mcpu=cortex-m4 -T"C:\Users\marco\Desktop\Polimi\Materials\Sensor Systems\Labs\Lab2\Homework\2c_play_a_song_snap\2c_play_a_song_snap\STM32F401RETX_FLASH.ld" --specs=nosys.specs -Wl,-Map="2c_play_a_song_snap.map" -Wl,--gc-sections -static --specs=nano.specs -mfpu=fpv4-sp-d16 -mfloat-abi=hard -mthumb -Wl,--start-group -lc -lm -Wl,--end-group
Finished building target: 2c_play_a_song_snap.elf
 
arm-none-eabi-size  2c_play_a_song_snap.elf 
arm-none-eabi-objdump -h -S 2c_play_a_song_snap.elf  > "2c_play_a_song_snap.list"
   text	   data	    bss	    dec	    hex	filename
  12464	    316	   1724	  14504	   38a8	2c_play_a_song_snap.elf
Finished building: default.size.stdout
 
Finished building: 2c_play_a_song_snap.list
 
12:02:07 **** Incremental Build of configuration Debug for project 2c_play_a_song_snap ****
make -j28 all 
arm-none-eabi-size  2c_play_a_song_snap.elf 
   text	   data	    bss	    dec	    hex	filename
  12464	    316	   1724	  14504	   38a8	2c_play_a_song_snap.elf
Finished building: default.size.stdout
 
12:03:28 **** Incremental Build of configuration Debug for project 2c_play_a_song_snap ****
make -j28 all 
arm-none-eabi-size  2c_play_a_song_snap.elf 
   text	   data	    bss	    dec	    hex	filename
  12464	    316	   1724	  14504	   38a8	2c_play_a_song_snap.elf
Finished building: default.size.stdout
 
12:03:44 **** Incremental Build of configuration Debug for project 2c_play_a_song_snap ****
make -j28 all 
arm-none-eabi-size  2c_play_a_song_snap.elf 
   text	   data	    bss	    dec	    hex	filename
  12464	    316	   1724	  14504	   38a8	2c_play_a_song_snap.elf
Finished building: default.size.stdout
 
12:12:11 **** Incremental Build of configuration Debug for project 2c_play_a_song_snap ****
make -j28 all 
arm-none-eabi-gcc "../Core/Src/main.c" -mcpu=cortex-m4 -std=gnu11 -g3 -DDEBUG -DUSE_HAL_DRIVER -DSTM32F401xE -c -I../Core/Inc -I../Drivers/STM32F4xx_HAL_Driver/Inc -I../Drivers/STM32F4xx_HAL_Driver/Inc/Legacy -I../Drivers/CMSIS/Device/ST/STM32F4xx/Include -I../Drivers/CMSIS/Include -O0 -ffunction-sections -fdata-sections -Wall -fstack-usage -fcyclomatic-complexity -MMD -MP -MF"Core/Src/main.d" -MT"Core/Src/main.o" --specs=nano.specs -mfpu=fpv4-sp-d16 -mfloat-abi=hard -mthumb -o "Core/Src/main.o"
../Core/Src/main.c: In function 'HAL_GPIO_EXTI_Callback':
../Core/Src/main.c:177:33: warning: implicit declaration of function 'playsong' [-Wimplicit-function-declaration]
  177 |                                 playsong();
      |                                 ^~~~~~~~
../Core/Src/main.c:167:13: warning: unused variable 'flag' [-Wunused-variable]
  167 |         int flag = 0;
      |             ^~~~
../Core/Src/main.c: At top level:
../Core/Src/main.c:270:6: warning: conflicting types for 'playsong'; have 'void()'
  270 | void playsong(){
      |      ^~~~~~~~
../Core/Src/main.c:177:33: note: previous implicit declaration of 'playsong' with type 'void()'
  177 |                                 playsong();
      |                                 ^~~~~~~~
arm-none-eabi-gcc -o "2c_play_a_song_snap.elf" @"objects.list"   -mcpu=cortex-m4 -T"C:\Users\marco\Desktop\Polimi\Materials\Sensor Systems\Labs\Lab2\Homework\2c_play_a_song_snap\2c_play_a_song_snap\STM32F401RETX_FLASH.ld" --specs=nosys.specs -Wl,-Map="2c_play_a_song_snap.map" -Wl,--gc-sections -static --specs=nano.specs -mfpu=fpv4-sp-d16 -mfloat-abi=hard -mthumb -Wl,--start-group -lc -lm -Wl,--end-group
Finished building target: 2c_play_a_song_snap.elf
 
arm-none-eabi-size  2c_play_a_song_snap.elf 
arm-none-eabi-objdump -h -S 2c_play_a_song_snap.elf  > "2c_play_a_song_snap.list"
   text	   data	    bss	    dec	    hex	filename
  12464	    100	   1724	  14288	   37d0	2c_play_a_song_snap.elf
Finished building: default.size.stdout
 
Finished building: 2c_play_a_song_snap.list
 
12:14:00 **** Incremental Build of configuration Debug for project 2c_play_a_song_snap ****
make -j28 all 
arm-none-eabi-gcc "../Core/Src/main.c" -mcpu=cortex-m4 -std=gnu11 -g3 -DDEBUG -DUSE_HAL_DRIVER -DSTM32F401xE -c -I../Core/Inc -I../Drivers/STM32F4xx_HAL_Driver/Inc -I../Drivers/STM32F4xx_HAL_Driver/Inc/Legacy -I../Drivers/CMSIS/Device/ST/STM32F4xx/Include -I../Drivers/CMSIS/Include -O0 -ffunction-sections -fdata-sections -Wall -fstack-usage -fcyclomatic-complexity -MMD -MP -MF"Core/Src/main.d" -MT"Core/Src/main.o" --specs=nano.specs -mfpu=fpv4-sp-d16 -mfloat-abi=hard -mthumb -o "Core/Src/main.o"
../Core/Src/main.c: In function 'HAL_GPIO_EXTI_Callback':
../Core/Src/main.c:187:33: warning: implicit declaration of function 'playsong' [-Wimplicit-function-declaration]
  187 |                                 playsong();
      |                                 ^~~~~~~~
../Core/Src/main.c:177:13: warning: unused variable 'flag' [-Wunused-variable]
  177 |         int flag = 0;
      |             ^~~~
../Core/Src/main.c: At top level:
../Core/Src/main.c:280:6: warning: conflicting types for 'playsong'; have 'void()'
  280 | void playsong(){
      |      ^~~~~~~~
../Core/Src/main.c:187:33: note: previous implicit declaration of 'playsong' with type 'void()'
  187 |                                 playsong();
      |                                 ^~~~~~~~
arm-none-eabi-gcc -o "2c_play_a_song_snap.elf" @"objects.list"   -mcpu=cortex-m4 -T"C:\Users\marco\Desktop\Polimi\Materials\Sensor Systems\Labs\Lab2\Homework\2c_play_a_song_snap\2c_play_a_song_snap\STM32F401RETX_FLASH.ld" --specs=nosys.specs -Wl,-Map="2c_play_a_song_snap.map" -Wl,--gc-sections -static --specs=nano.specs -mfpu=fpv4-sp-d16 -mfloat-abi=hard -mthumb -Wl,--start-group -lc -lm -Wl,--end-group
Finished building target: 2c_play_a_song_snap.elf
 
arm-none-eabi-size  2c_play_a_song_snap.elf 
arm-none-eabi-objdump -h -S 2c_play_a_song_snap.elf  > "2c_play_a_song_snap.list"
   text	   data	    bss	    dec	    hex	filename
  12464	     76	   1724	  14264	   37b8	2c_play_a_song_snap.elf
Finished building: default.size.stdout
 
Finished building: 2c_play_a_song_snap.list
 
12:15:46 **** Incremental Build of configuration Debug for project 2c_play_a_song_snap ****
make -j28 all 
arm-none-eabi-gcc "../Core/Src/main.c" -mcpu=cortex-m4 -std=gnu11 -g3 -DDEBUG -DUSE_HAL_DRIVER -DSTM32F401xE -c -I../Core/Inc -I../Drivers/STM32F4xx_HAL_Driver/Inc -I../Drivers/STM32F4xx_HAL_Driver/Inc/Legacy -I../Drivers/CMSIS/Device/ST/STM32F4xx/Include -I../Drivers/CMSIS/Include -O0 -ffunction-sections -fdata-sections -Wall -fstack-usage -fcyclomatic-complexity -MMD -MP -MF"Core/Src/main.d" -MT"Core/Src/main.o" --specs=nano.specs -mfpu=fpv4-sp-d16 -mfloat-abi=hard -mthumb -o "Core/Src/main.o"
../Core/Src/main.c: In function 'HAL_GPIO_EXTI_Callback':
../Core/Src/main.c:187:33: warning: implicit declaration of function 'playsong' [-Wimplicit-function-declaration]
  187 |                                 playsong();
      |                                 ^~~~~~~~
../Core/Src/main.c:177:13: warning: unused variable 'flag' [-Wunused-variable]
  177 |         int flag = 0;
      |             ^~~~
../Core/Src/main.c: At top level:
../Core/Src/main.c:280:6: warning: conflicting types for 'playsong'; have 'void()'
  280 | void playsong(){
      |      ^~~~~~~~
../Core/Src/main.c:187:33: note: previous implicit declaration of 'playsong' with type 'void()'
  187 |                                 playsong();
      |                                 ^~~~~~~~
arm-none-eabi-gcc -o "2c_play_a_song_snap.elf" @"objects.list"   -mcpu=cortex-m4 -T"C:\Users\marco\Desktop\Polimi\Materials\Sensor Systems\Labs\Lab2\Homework\2c_play_a_song_snap\2c_play_a_song_snap\STM32F401RETX_FLASH.ld" --specs=nosys.specs -Wl,-Map="2c_play_a_song_snap.map" -Wl,--gc-sections -static --specs=nano.specs -mfpu=fpv4-sp-d16 -mfloat-abi=hard -mthumb -Wl,--start-group -lc -lm -Wl,--end-group
Finished building target: 2c_play_a_song_snap.elf
 
arm-none-eabi-size  2c_play_a_song_snap.elf 
arm-none-eabi-objdump -h -S 2c_play_a_song_snap.elf  > "2c_play_a_song_snap.list"
   text	   data	    bss	    dec	    hex	filename
  12468	     76	   1724	  14268	   37bc	2c_play_a_song_snap.elf
Finished building: default.size.stdout
 
Finished building: 2c_play_a_song_snap.list
 
12:18:46 **** Incremental Build of configuration Debug for project 2c_play_a_song_snap ****
make -j28 all 
arm-none-eabi-gcc "../Core/Src/main.c" -mcpu=cortex-m4 -std=gnu11 -g3 -DDEBUG -DUSE_HAL_DRIVER -DSTM32F401xE -c -I../Core/Inc -I../Drivers/STM32F4xx_HAL_Driver/Inc -I../Drivers/STM32F4xx_HAL_Driver/Inc/Legacy -I../Drivers/CMSIS/Device/ST/STM32F4xx/Include -I../Drivers/CMSIS/Include -O0 -ffunction-sections -fdata-sections -Wall -fstack-usage -fcyclomatic-complexity -MMD -MP -MF"Core/Src/main.d" -MT"Core/Src/main.o" --specs=nano.specs -mfpu=fpv4-sp-d16 -mfloat-abi=hard -mthumb -o "Core/Src/main.o"
../Core/Src/main.c: In function 'HAL_GPIO_EXTI_Callback':
../Core/Src/main.c:188:33: warning: implicit declaration of function 'playsong' [-Wimplicit-function-declaration]
  188 |                                 playsong();
      |                                 ^~~~~~~~
../Core/Src/main.c:177:13: warning: unused variable 'flag' [-Wunused-variable]
  177 |         int flag = 0;
      |             ^~~~
../Core/Src/main.c: At top level:
../Core/Src/main.c:281:6: warning: conflicting types for 'playsong'; have 'void()'
  281 | void playsong(){
      |      ^~~~~~~~
../Core/Src/main.c:188:33: note: previous implicit declaration of 'playsong' with type 'void()'
  188 |                                 playsong();
      |                                 ^~~~~~~~
arm-none-eabi-gcc -o "2c_play_a_song_snap.elf" @"objects.list"   -mcpu=cortex-m4 -T"C:\Users\marco\Desktop\Polimi\Materials\Sensor Systems\Labs\Lab2\Homework\2c_play_a_song_snap\2c_play_a_song_snap\STM32F401RETX_FLASH.ld" --specs=nosys.specs -Wl,-Map="2c_play_a_song_snap.map" -Wl,--gc-sections -static --specs=nano.specs -mfpu=fpv4-sp-d16 -mfloat-abi=hard -mthumb -Wl,--start-group -lc -lm -Wl,--end-group
Finished building target: 2c_play_a_song_snap.elf
 
arm-none-eabi-size  2c_play_a_song_snap.elf 
arm-none-eabi-objdump -h -S 2c_play_a_song_snap.elf  > "2c_play_a_song_snap.list"
   text	   data	    bss	    dec	    hex	filename
  12468	     76	   1724	  14268	   37bc	2c_play_a_song_snap.elf
Finished building: default.size.stdout
 
Finished building: 2c_play_a_song_snap.list
 
12:21:21 **** Incremental Build of configuration Debug for project 2c_play_a_song_snap ****
make -j28 all 
arm-none-eabi-gcc "../Core/Src/main.c" -mcpu=cortex-m4 -std=gnu11 -g3 -DDEBUG -DUSE_HAL_DRIVER -DSTM32F401xE -c -I../Core/Inc -I../Drivers/STM32F4xx_HAL_Driver/Inc -I../Drivers/STM32F4xx_HAL_Driver/Inc/Legacy -I../Drivers/CMSIS/Device/ST/STM32F4xx/Include -I../Drivers/CMSIS/Include -O0 -ffunction-sections -fdata-sections -Wall -fstack-usage -fcyclomatic-complexity -MMD -MP -MF"Core/Src/main.d" -MT"Core/Src/main.o" --specs=nano.specs -mfpu=fpv4-sp-d16 -mfloat-abi=hard -mthumb -o "Core/Src/main.o"
../Core/Src/main.c: In function 'HAL_GPIO_EXTI_Callback':
../Core/Src/main.c:188:33: warning: implicit declaration of function 'playsong' [-Wimplicit-function-declaration]
  188 |                                 playsong();
      |                                 ^~~~~~~~
../Core/Src/main.c: At top level:
../Core/Src/main.c:283:6: warning: conflicting types for 'playsong'; have 'void()'
  283 | void playsong(){
      |      ^~~~~~~~
../Core/Src/main.c:188:33: note: previous implicit declaration of 'playsong' with type 'void()'
  188 |                                 playsong();
      |                                 ^~~~~~~~
arm-none-eabi-gcc -o "2c_play_a_song_snap.elf" @"objects.list"   -mcpu=cortex-m4 -T"C:\Users\marco\Desktop\Polimi\Materials\Sensor Systems\Labs\Lab2\Homework\2c_play_a_song_snap\2c_play_a_song_snap\STM32F401RETX_FLASH.ld" --specs=nosys.specs -Wl,-Map="2c_play_a_song_snap.map" -Wl,--gc-sections -static --specs=nano.specs -mfpu=fpv4-sp-d16 -mfloat-abi=hard -mthumb -Wl,--start-group -lc -lm -Wl,--end-group
Finished building target: 2c_play_a_song_snap.elf
 
arm-none-eabi-size  2c_play_a_song_snap.elf 
arm-none-eabi-objdump -h -S 2c_play_a_song_snap.elf  > "2c_play_a_song_snap.list"
   text	   data	    bss	    dec	    hex	filename
  12476	     76	   1732	  14284	   37cc	2c_play_a_song_snap.elf
Finished building: default.size.stdout
 
Finished building: 2c_play_a_song_snap.list
 
12:22:46 **** Incremental Build of configuration Debug for project 2c_play_a_song_snap ****
make -j28 all 
arm-none-eabi-gcc "../Core/Src/main.c" -mcpu=cortex-m4 -std=gnu11 -g3 -DDEBUG -DUSE_HAL_DRIVER -DSTM32F401xE -c -I../Core/Inc -I../Drivers/STM32F4xx_HAL_Driver/Inc -I../Drivers/STM32F4xx_HAL_Driver/Inc/Legacy -I../Drivers/CMSIS/Device/ST/STM32F4xx/Include -I../Drivers/CMSIS/Include -O0 -ffunction-sections -fdata-sections -Wall -fstack-usage -fcyclomatic-complexity -MMD -MP -MF"Core/Src/main.d" -MT"Core/Src/main.o" --specs=nano.specs -mfpu=fpv4-sp-d16 -mfloat-abi=hard -mthumb -o "Core/Src/main.o"
../Core/Src/main.c: In function 'HAL_GPIO_EXTI_Callback':
../Core/Src/main.c:188:33: warning: implicit declaration of function 'playsong' [-Wimplicit-function-declaration]
  188 |                                 playsong();
      |                                 ^~~~~~~~
../Core/Src/main.c: At top level:
../Core/Src/main.c:282:6: warning: conflicting types for 'playsong'; have 'void()'
  282 | void playsong(){
      |      ^~~~~~~~
../Core/Src/main.c:188:33: note: previous implicit declaration of 'playsong' with type 'void()'
  188 |                                 playsong();
      |                                 ^~~~~~~~
arm-none-eabi-gcc -o "2c_play_a_song_snap.elf" @"objects.list"   -mcpu=cortex-m4 -T"C:\Users\marco\Desktop\Polimi\Materials\Sensor Systems\Labs\Lab2\Homework\2c_play_a_song_snap\2c_play_a_song_snap\STM32F401RETX_FLASH.ld" --specs=nosys.specs -Wl,-Map="2c_play_a_song_snap.map" -Wl,--gc-sections -static --specs=nano.specs -mfpu=fpv4-sp-d16 -mfloat-abi=hard -mthumb -Wl,--start-group -lc -lm -Wl,--end-group
Finished building target: 2c_play_a_song_snap.elf
 
arm-none-eabi-size  2c_play_a_song_snap.elf 
arm-none-eabi-objdump -h -S 2c_play_a_song_snap.elf  > "2c_play_a_song_snap.list"
   text	   data	    bss	    dec	    hex	filename
  12472	     76	   1732	  14280	   37c8	2c_play_a_song_snap.elf
Finished building: default.size.stdout
 
Finished building: 2c_play_a_song_snap.list
 
12:27:54 **** Incremental Build of configuration Debug for project 2c_play_a_song_snap ****
make -j28 all 
arm-none-eabi-gcc "../Core/Src/main.c" -mcpu=cortex-m4 -std=gnu11 -g3 -DDEBUG -DUSE_HAL_DRIVER -DSTM32F401xE -c -I../Core/Inc -I../Drivers/STM32F4xx_HAL_Driver/Inc -I../Drivers/STM32F4xx_HAL_Driver/Inc/Legacy -I../Drivers/CMSIS/Device/ST/STM32F4xx/Include -I../Drivers/CMSIS/Include -O0 -ffunction-sections -fdata-sections -Wall -fstack-usage -fcyclomatic-complexity -MMD -MP -MF"Core/Src/main.d" -MT"Core/Src/main.o" --specs=nano.specs -mfpu=fpv4-sp-d16 -mfloat-abi=hard -mthumb -o "Core/Src/main.o"
../Core/Src/main.c: In function 'HAL_GPIO_EXTI_Callback':
../Core/Src/main.c:188:33: warning: implicit declaration of function 'playsong' [-Wimplicit-function-declaration]
  188 |                                 playsong();
      |                                 ^~~~~~~~
../Core/Src/main.c: At top level:
../Core/Src/main.c:282:6: warning: conflicting types for 'playsong'; have 'void()'
  282 | void playsong(){
      |      ^~~~~~~~
../Core/Src/main.c:188:33: note: previous implicit declaration of 'playsong' with type 'void()'
  188 |                                 playsong();
      |                                 ^~~~~~~~
arm-none-eabi-gcc -o "2c_play_a_song_snap.elf" @"objects.list"   -mcpu=cortex-m4 -T"C:\Users\marco\Desktop\Polimi\Materials\Sensor Systems\Labs\Lab2\Homework\2c_play_a_song_snap\2c_play_a_song_snap\STM32F401RETX_FLASH.ld" --specs=nosys.specs -Wl,-Map="2c_play_a_song_snap.map" -Wl,--gc-sections -static --specs=nano.specs -mfpu=fpv4-sp-d16 -mfloat-abi=hard -mthumb -Wl,--start-group -lc -lm -Wl,--end-group
Finished building target: 2c_play_a_song_snap.elf
 
arm-none-eabi-size  2c_play_a_song_snap.elf 
arm-none-eabi-objdump -h -S 2c_play_a_song_snap.elf  > "2c_play_a_song_snap.list"
   text	   data	    bss	    dec	    hex	filename
  12480	     76	   1732	  14288	   37d0	2c_play_a_song_snap.elf
Finished building: default.size.stdout
 
Finished building: 2c_play_a_song_snap.list
 
14:10:22 **** Incremental Build of configuration Debug for project 2c_play_a_song_snap ****
make -j28 all 
arm-none-eabi-gcc "../Core/Src/main.c" -mcpu=cortex-m4 -std=gnu11 -g3 -DDEBUG -DUSE_HAL_DRIVER -DSTM32F401xE -c -I../Core/Inc -I../Drivers/STM32F4xx_HAL_Driver/Inc -I../Drivers/STM32F4xx_HAL_Driver/Inc/Legacy -I../Drivers/CMSIS/Device/ST/STM32F4xx/Include -I../Drivers/CMSIS/Include -O0 -ffunction-sections -fdata-sections -Wall -fstack-usage -fcyclomatic-complexity -MMD -MP -MF"Core/Src/main.d" -MT"Core/Src/main.o" --specs=nano.specs -mfpu=fpv4-sp-d16 -mfloat-abi=hard -mthumb -o "Core/Src/main.o"
arm-none-eabi-gcc -o "2c_play_a_song_snap.elf" @"objects.list"   -mcpu=cortex-m4 -T"C:\Users\marco\Desktop\Polimi\Materials\Sensor Systems\Labs\Lab2\Homework\2c_play_a_song_snap\2c_play_a_song_snap\STM32F401RETX_FLASH.ld" --specs=nosys.specs -Wl,-Map="2c_play_a_song_snap.map" -Wl,--gc-sections -static --specs=nano.specs -mfpu=fpv4-sp-d16 -mfloat-abi=hard -mthumb -Wl,--start-group -lc -lm -Wl,--end-group
Finished building target: 2c_play_a_song_snap.elf
 
arm-none-eabi-size  2c_play_a_song_snap.elf 
arm-none-eabi-objdump -h -S 2c_play_a_song_snap.elf  > "2c_play_a_song_snap.list"
   text	   data	    bss	    dec	    hex	filename
  12480	     80	   1728	  14288	   37d0	2c_play_a_song_snap.elf
Finished building: default.size.stdout
 
Finished building: 2c_play_a_song_snap.list
 
14:11:43 **** Incremental Build of configuration Debug for project 2c_play_a_song_snap ****
make -j28 all 
arm-none-eabi-size  2c_play_a_song_snap.elf 
   text	   data	    bss	    dec	    hex	filename
  12480	     80	   1728	  14288	   37d0	2c_play_a_song_snap.elf
Finished building: default.size.stdout
 
14:19:47 **** Incremental Build of configuration Debug for project 2c_play_a_song_snap ****
make -j28 all 
arm-none-eabi-gcc "../Core/Src/main.c" -mcpu=cortex-m4 -std=gnu11 -g3 -DDEBUG -DUSE_HAL_DRIVER -DSTM32F401xE -c -I../Core/Inc -I../Drivers/STM32F4xx_HAL_Driver/Inc -I../Drivers/STM32F4xx_HAL_Driver/Inc/Legacy -I../Drivers/CMSIS/Device/ST/STM32F4xx/Include -I../Drivers/CMSIS/Include -O0 -ffunction-sections -fdata-sections -Wall -fstack-usage -fcyclomatic-complexity -MMD -MP -MF"Core/Src/main.d" -MT"Core/Src/main.o" --specs=nano.specs -mfpu=fpv4-sp-d16 -mfloat-abi=hard -mthumb -o "Core/Src/main.o"
arm-none-eabi-gcc -o "2c_play_a_song_snap.elf" @"objects.list"   -mcpu=cortex-m4 -T"C:\Users\marco\Desktop\Polimi\Materials\Sensor Systems\Labs\Lab2\Homework\2c_play_a_song_snap\2c_play_a_song_snap\STM32F401RETX_FLASH.ld" --specs=nosys.specs -Wl,-Map="2c_play_a_song_snap.map" -Wl,--gc-sections -static --specs=nano.specs -mfpu=fpv4-sp-d16 -mfloat-abi=hard -mthumb -Wl,--start-group -lc -lm -Wl,--end-group
Finished building target: 2c_play_a_song_snap.elf
 
arm-none-eabi-size  2c_play_a_song_snap.elf 
arm-none-eabi-objdump -h -S 2c_play_a_song_snap.elf  > "2c_play_a_song_snap.list"
   text	   data	    bss	    dec	    hex	filename
  12440	     80	   1712	  14232	   3798	2c_play_a_song_snap.elf
Finished building: default.size.stdout
 
Finished building: 2c_play_a_song_snap.list
 
14:20:55 **** Incremental Build of configuration Debug for project 2c_play_a_song_snap ****
make -j28 all 
arm-none-eabi-gcc "../Core/Src/main.c" -mcpu=cortex-m4 -std=gnu11 -g3 -DDEBUG -DUSE_HAL_DRIVER -DSTM32F401xE -c -I../Core/Inc -I../Drivers/STM32F4xx_HAL_Driver/Inc -I../Drivers/STM32F4xx_HAL_Driver/Inc/Legacy -I../Drivers/CMSIS/Device/ST/STM32F4xx/Include -I../Drivers/CMSIS/Include -O0 -ffunction-sections -fdata-sections -Wall -fstack-usage -fcyclomatic-complexity -MMD -MP -MF"Core/Src/main.d" -MT"Core/Src/main.o" --specs=nano.specs -mfpu=fpv4-sp-d16 -mfloat-abi=hard -mthumb -o "Core/Src/main.o"
arm-none-eabi-gcc -o "2c_play_a_song_snap.elf" @"objects.list"   -mcpu=cortex-m4 -T"C:\Users\marco\Desktop\Polimi\Materials\Sensor Systems\Labs\Lab2\Homework\2c_play_a_song_snap\2c_play_a_song_snap\STM32F401RETX_FLASH.ld" --specs=nosys.specs -Wl,-Map="2c_play_a_song_snap.map" -Wl,--gc-sections -static --specs=nano.specs -mfpu=fpv4-sp-d16 -mfloat-abi=hard -mthumb -Wl,--start-group -lc -lm -Wl,--end-group
Finished building target: 2c_play_a_song_snap.elf
 
arm-none-eabi-size  2c_play_a_song_snap.elf 
arm-none-eabi-objdump -h -S 2c_play_a_song_snap.elf  > "2c_play_a_song_snap.list"
   text	   data	    bss	    dec	    hex	filename
  12440	     80	   1712	  14232	   3798	2c_play_a_song_snap.elf
Finished building: default.size.stdout
 
Finished building: 2c_play_a_song_snap.list
 
14:21:19 **** Incremental Build of configuration Debug for project 2c_play_a_song_snap ****
make -j28 all 
arm-none-eabi-gcc "../Core/Src/main.c" -mcpu=cortex-m4 -std=gnu11 -g3 -DDEBUG -DUSE_HAL_DRIVER -DSTM32F401xE -c -I../Core/Inc -I../Drivers/STM32F4xx_HAL_Driver/Inc -I../Drivers/STM32F4xx_HAL_Driver/Inc/Legacy -I../Drivers/CMSIS/Device/ST/STM32F4xx/Include -I../Drivers/CMSIS/Include -O0 -ffunction-sections -fdata-sections -Wall -fstack-usage -fcyclomatic-complexity -MMD -MP -MF"Core/Src/main.d" -MT"Core/Src/main.o" --specs=nano.specs -mfpu=fpv4-sp-d16 -mfloat-abi=hard -mthumb -o "Core/Src/main.o"
arm-none-eabi-gcc -o "2c_play_a_song_snap.elf" @"objects.list"   -mcpu=cortex-m4 -T"C:\Users\marco\Desktop\Polimi\Materials\Sensor Systems\Labs\Lab2\Homework\2c_play_a_song_snap\2c_play_a_song_snap\STM32F401RETX_FLASH.ld" --specs=nosys.specs -Wl,-Map="2c_play_a_song_snap.map" -Wl,--gc-sections -static --specs=nano.specs -mfpu=fpv4-sp-d16 -mfloat-abi=hard -mthumb -Wl,--start-group -lc -lm -Wl,--end-group
Finished building target: 2c_play_a_song_snap.elf
 
arm-none-eabi-size  2c_play_a_song_snap.elf 
arm-none-eabi-objdump -h -S 2c_play_a_song_snap.elf  > "2c_play_a_song_snap.list"
   text	   data	    bss	    dec	    hex	filename
  12440	     80	   1712	  14232	   3798	2c_play_a_song_snap.elf
Finished building: default.size.stdout
 
Finished building: 2c_play_a_song_snap.list
 
14:28:42 **** Incremental Build of configuration Debug for project 2c_play_a_song_snap ****
make -j28 all 
arm-none-eabi-gcc "../Core/Src/main.c" -mcpu=cortex-m4 -std=gnu11 -g3 -DDEBUG -DUSE_HAL_DRIVER -DSTM32F401xE -c -I../Core/Inc -I../Drivers/STM32F4xx_HAL_Driver/Inc -I../Drivers/STM32F4xx_HAL_Driver/Inc/Legacy -I../Drivers/CMSIS/Device/ST/STM32F4xx/Include -I../Drivers/CMSIS/Include -O0 -ffunction-sections -fdata-sections -Wall -fstack-usage -fcyclomatic-complexity -MMD -MP -MF"Core/Src/main.d" -MT"Core/Src/main.o" --specs=nano.specs -mfpu=fpv4-sp-d16 -mfloat-abi=hard -mthumb -o "Core/Src/main.o"
arm-none-eabi-gcc -o "2c_play_a_song_snap.elf" @"objects.list"   -mcpu=cortex-m4 -T"C:\Users\marco\Desktop\Polimi\Materials\Sensor Systems\Labs\Lab2\Homework\2c_play_a_song_snap\2c_play_a_song_snap\STM32F401RETX_FLASH.ld" --specs=nosys.specs -Wl,-Map="2c_play_a_song_snap.map" -Wl,--gc-sections -static --specs=nano.specs -mfpu=fpv4-sp-d16 -mfloat-abi=hard -mthumb -Wl,--start-group -lc -lm -Wl,--end-group
Finished building target: 2c_play_a_song_snap.elf
 
arm-none-eabi-size  2c_play_a_song_snap.elf 
arm-none-eabi-objdump -h -S 2c_play_a_song_snap.elf  > "2c_play_a_song_snap.list"
   text	   data	    bss	    dec	    hex	filename
  12440	     80	   1712	  14232	   3798	2c_play_a_song_snap.elf
Finished building: default.size.stdout
 
Finished building: 2c_play_a_song_snap.list
 
14:28:45 **** Incremental Build of configuration Debug for project 2c_play_a_song_snap ****
make -j28 all 
arm-none-eabi-size  2c_play_a_song_snap.elf 
   text	   data	    bss	    dec	    hex	filename
  12440	     80	   1712	  14232	   3798	2c_play_a_song_snap.elf
Finished building: default.size.stdout
 
20:11:36 **** Incremental Build of configuration Debug for project 2c_play_a_song_snap ****
make -j28 all 
arm-none-eabi-gcc "../Core/Src/main.c" -mcpu=cortex-m4 -std=gnu11 -g3 -DDEBUG -DUSE_HAL_DRIVER -DSTM32F401xE -c -I../Core/Inc -I../Drivers/STM32F4xx_HAL_Driver/Inc -I../Drivers/STM32F4xx_HAL_Driver/Inc/Legacy -I../Drivers/CMSIS/Device/ST/STM32F4xx/Include -I../Drivers/CMSIS/Include -O0 -ffunction-sections -fdata-sections -Wall -fstack-usage -fcyclomatic-complexity -MMD -MP -MF"Core/Src/main.d" -MT"Core/Src/main.o" --specs=nano.specs -mfpu=fpv4-sp-d16 -mfloat-abi=hard -mthumb -o "Core/Src/main.o"
arm-none-eabi-gcc "../Core/Src/stm32f4xx_hal_msp.c" -mcpu=cortex-m4 -std=gnu11 -g3 -DDEBUG -DUSE_HAL_DRIVER -DSTM32F401xE -c -I../Core/Inc -I../Drivers/STM32F4xx_HAL_Driver/Inc -I../Drivers/STM32F4xx_HAL_Driver/Inc/Legacy -I../Drivers/CMSIS/Device/ST/STM32F4xx/Include -I../Drivers/CMSIS/Include -O0 -ffunction-sections -fdata-sections -Wall -fstack-usage -fcyclomatic-complexity -MMD -MP -MF"Core/Src/stm32f4xx_hal_msp.d" -MT"Core/Src/stm32f4xx_hal_msp.o" --specs=nano.specs -mfpu=fpv4-sp-d16 -mfloat-abi=hard -mthumb -o "Core/Src/stm32f4xx_hal_msp.o"
arm-none-eabi-gcc -o "2c_play_a_song_snap.elf" @"objects.list"   -mcpu=cortex-m4 -T"C:\Users\marco\Desktop\Polimi\Materials\Sensor Systems\Labs\Lab2\Homework\2c_play_a_song_snap\2c_play_a_song_snap\STM32F401RETX_FLASH.ld" --specs=nosys.specs -Wl,-Map="2c_play_a_song_snap.map" -Wl,--gc-sections -static --specs=nano.specs -mfpu=fpv4-sp-d16 -mfloat-abi=hard -mthumb -Wl,--start-group -lc -lm -Wl,--end-group
Finished building target: 2c_play_a_song_snap.elf
 
arm-none-eabi-size  2c_play_a_song_snap.elf 
arm-none-eabi-objdump -h -S 2c_play_a_song_snap.elf  > "2c_play_a_song_snap.list"
   text	   data	    bss	    dec	    hex	filename
  12416	    212	   1716	  14344	   3808	2c_play_a_song_snap.elf
Finished building: default.size.stdout
 
Finished building: 2c_play_a_song_snap.list
 
20:12:12 **** Incremental Build of configuration Debug for project 2c_play_a_song_snap ****
make -j28 all 
arm-none-eabi-size  2c_play_a_song_snap.elf 
   text	   data	    bss	    dec	    hex	filename
  12416	    212	   1716	  14344	   3808	2c_play_a_song_snap.elf
Finished building: default.size.stdout
 
20:16:46 **** Build of configuration Debug for project 2c_play_a_song_snap ****
make -j28 all 
arm-none-eabi-gcc "../Core/Src/main.c" -mcpu=cortex-m4 -std=gnu11 -g3 -DDEBUG -DUSE_HAL_DRIVER -DSTM32F401xE -c -I../Core/Inc -I../Drivers/STM32F4xx_HAL_Driver/Inc -I../Drivers/STM32F4xx_HAL_Driver/Inc/Legacy -I../Drivers/CMSIS/Device/ST/STM32F4xx/Include -I../Drivers/CMSIS/Include -O0 -ffunction-sections -fdata-sections -Wall -fstack-usage -fcyclomatic-complexity -MMD -MP -MF"Core/Src/main.d" -MT"Core/Src/main.o" --specs=nano.specs -mfpu=fpv4-sp-d16 -mfloat-abi=hard -mthumb -o "Core/Src/main.o"
arm-none-eabi-gcc -o "2c_play_a_song_snap.elf" @"objects.list"   -mcpu=cortex-m4 -T"C:\Users\marco\Desktop\Polimi\Materials\Sensor Systems\Labs\Lab2\gruppo_git\Sensor-Systems-Labs\2c_play_a_song_snap\2c_play_a_song_snap\STM32F401RETX_FLASH.ld" --specs=nosys.specs -Wl,-Map="2c_play_a_song_snap.map" -Wl,--gc-sections -static --specs=nano.specs -mfpu=fpv4-sp-d16 -mfloat-abi=hard -mthumb -Wl,--start-group -lc -lm -Wl,--end-group
Finished building target: 2c_play_a_song_snap.elf
 
arm-none-eabi-size  2c_play_a_song_snap.elf 
arm-none-eabi-objdump -h -S 2c_play_a_song_snap.elf  > "2c_play_a_song_snap.list"
   text	   data	    bss	    dec	    hex	filename
  12416	    212	   1716	  14344	   3808	2c_play_a_song_snap.elf
Finished building: default.size.stdout
 
Finished building: 2c_play_a_song_snap.list
 
20:17:00 **** Incremental Build of configuration Debug for project 2c_play_a_song_snap ****
make -j28 all 
arm-none-eabi-size  2c_play_a_song_snap.elf 
   text	   data	    bss	    dec	    hex	filename
  12416	    212	   1716	  14344	   3808	2c_play_a_song_snap.elf
Finished building: default.size.stdout
 
